Set parameter Username
Academic license - for non-commercial use only - expires 2027-02-26
Set parameter Username
Academic license - for non-commercial use only - expires 2027-02-26
Set parameter MIPGap to value 0.0001
Set parameter TimeLimit to value 259200
Set parameter Crossover to value 0
Set parameter Method to value 2
Set parameter Method to value 2
Set parameter MIPGap to value 0.0001
Set parameter Crossover to value 0
Set parameter TimeLimit to value 259200
Gurobi Optimizer version 13.0.0 build v13.0.0rc1 (linux64 - "Ubuntu 24.04.4 LTS")

CPU model: Intel(R) Xeon(R) Gold 6240 CPU @ 2.60GHz, instruction set [SSE2|AVX|AVX2|AVX512]
Thread count: 36 physical cores, 72 logical processors, using up to 32 threads

Non-default parameters:
TimeLimit  259200
Method  2
Crossover  0

Optimize a model with 25176242 rows, 18887969 columns and 62365829 nonzeros (Min)
Model fingerprint: 0x70f88936
Model has 10496163 linear objective coefficients
Variable types: 18887189 continuous, 780 integer (780 binary)
Coefficient statistics:
  Matrix range     [4e-02, 4e+00]
  Objective range  [1e+00, 2e+05]
  Bounds range     [3e+00, 1e+03]
  RHS range        [1e-05, 1e+02]
Found heuristic solution: objective 1.078776e+09
Presolve removed 780 rows and 3151203 columns (presolve time = 5s)...
Presolve removed 11149586 rows and 7919044 columns (presolve time = 11s)...
Presolve removed 11149586 rows and 7919044 columns (presolve time = 15s)...
Presolve removed 11149586 rows and 7919044 columns (presolve time = 21s)...
Presolve removed 11149586 rows and 7919044 columns (presolve time = 26s)...
Presolve removed 11149586 rows and 7919044 columns (presolve time = 31s)...
Presolve removed 11149586 rows and 7919044 columns (presolve time = 35s)...
Presolve removed 11149586 rows and 7919044 columns (presolve time = 40s)...
Presolve removed 11149586 rows and 7919044 columns (presolve time = 45s)...
Presolve removed 11149586 rows and 7919044 columns (presolve time = 50s)...
Presolve removed 12723410 rows and 7919044 columns (presolve time = 56s)...
Presolve removed 12723410 rows and 7919044 columns (presolve time = 60s)...
Presolve removed 12723410 rows and 7919044 columns (presolve time = 65s)...
Presolve removed 12723410 rows and 7919044 columns (presolve time = 70s)...
Presolve removed 12723410 rows and 7919044 columns (presolve time = 75s)...
Presolve removed 12723410 rows and 7919044 columns (presolve time = 80s)...
Presolve removed 12723410 rows and 7919044 columns (presolve time = 85s)...
Presolve removed 12723410 rows and 7919044 columns (presolve time = 90s)...
Presolve removed 12723410 rows and 7919044 columns (presolve time = 95s)...
Presolve removed 12723410 rows and 7919044 columns (presolve time = 100s)...
Presolve removed 12723410 rows and 7919044 columns (presolve time = 105s)...
Presolve removed 14280014 rows and 9289672 columns (presolve time = 112s)...
Presolve removed 14280014 rows and 9289672 columns (presolve time = 115s)...
Presolve removed 14280014 rows and 9289672 columns (presolve time = 120s)...
Presolve removed 14280014 rows and 9289672 columns (presolve time = 125s)...
Presolve removed 14280014 rows and 9289672 columns (presolve time = 131s)...
Presolve removed 14280014 rows and 9289672 columns (presolve time = 136s)...
Presolve removed 14280014 rows and 9289672 columns (presolve time = 142s)...
Presolve removed 14280014 rows and 9289672 columns (presolve time = 145s)...
Presolve removed 14280014 rows and 9289672 columns (presolve time = 151s)...
Presolve removed 14280014 rows and 9289672 columns (presolve time = 158s)...
Presolve removed 14280014 rows and 9289672 columns (presolve time = 160s)...
Presolve removed 14280014 rows and 9289672 columns (presolve time = 167s)...
Presolve removed 14280014 rows and 9289672 columns (presolve time = 173s)...
Presolve removed 14280014 rows and 9289672 columns (presolve time = 176s)...
Presolve removed 14280014 rows and 9289672 columns
Presolve time: 175.87s
Presolved: 10896228 rows, 9598297 columns, 35436996 nonzeros
Variable types: 9597517 continuous, 780 integer (780 binary)
Warning: Ignoring user setting 'Crossover=0', set 'NodeMethod=2' to disable Crossover
Root barrier log...

Elapsed ordering time = 7s
Elapsed ordering time = 10s
Ordering time: 13.93s

Barrier statistics:
 Dense cols : 3901
 AA' NZ     : 4.438e+07
 Factor NZ  : 2.740e+08 (roughly 10.0 GB of memory)
 Factor Ops : 5.696e+10 (roughly 1 second per iteration)
 Threads    : 32

                  Objective                Residual
Iter       Primal          Dual         Primal    Dual     Compl     Time
   0   1.74268444e+14 -2.37196979e+14  2.75e+03 3.70e+04  2.72e+08   329s
   1   1.17650564e+14 -1.87490840e+14  1.83e+03 1.07e+05  1.44e+08   334s
   2   9.30514383e+13 -1.19694525e+14  1.44e+03 6.99e+03  1.02e+08   341s
   3   8.82656195e+12 -8.12364705e+13  1.22e+02 1.70e+02  1.09e+07   350s
   4   1.71382340e+12 -9.70864077e+12  1.42e+01 1.47e-04  1.23e+06   358s
   5   1.98527519e+11 -2.74116472e+12  1.33e+00 1.05e-04  1.75e+05   364s
   6   8.48304258e+10 -2.20325354e+12  3.45e-01 1.44e-04  9.85e+04   370s
   7   5.47963003e+10 -1.11900810e+12  8.38e-02 2.55e-03  4.51e+04   375s
   8   4.33729769e+10 -4.32959390e+11  1.93e-02 3.27e-03  1.76e+04   381s
   9   3.41811575e+10 -2.50869531e+11  8.04e-03 1.91e-03  1.04e+04   387s
  10   2.37231498e+10 -1.08812070e+11  2.23e-03 8.33e-04  4.78e+03   394s
  11   1.46015361e+10 -4.00022311e+10  7.89e-04 2.77e-04  1.97e+03   402s
  12   7.85987729e+09 -1.94105159e+10  2.23e-04 1.37e-04  9.76e+02   409s
  13   4.67849383e+09 -1.14689123e+10  1.03e-04 8.01e-05  5.76e+02   413s
  14   2.56231566e+09 -6.35380055e+09  4.65e-05 4.30e-05  3.18e+02   418s
  15   1.08213303e+09 -3.65220114e+09  1.55e-05 2.44e-05  1.68e+02   422s
  16   5.70011945e+08 -2.05200147e+09  6.54e-06 1.34e-05  9.30e+01   427s
  17   2.21752607e+08 -1.47398960e+09  1.13e-06 9.78e-06  6.00e+01   433s
  18   1.50149235e+08 -8.76446548e+08  3.48e-07 6.04e-06  3.63e+01   441s
  19   1.37456444e+08 -5.93059511e+08  2.34e-07 4.25e-06  2.59e+01   447s
  20   1.28034672e+08 -4.63409963e+08  1.81e-07 3.38e-06  2.09e+01   451s
  21   1.19793632e+08 -3.72761603e+08  1.35e-07 2.77e-06  1.74e+01   456s
  22   1.15174574e+08 -3.07715824e+08  1.11e-07 2.34e-06  1.50e+01   460s
  23   1.06857552e+08 -2.36577079e+08  6.87e-08 1.91e-06  1.22e+01   466s
  24   9.59020020e+07 -1.43748146e+08  2.43e-08 1.34e-06  8.48e+00   474s
  25   8.85213490e+07 -8.31736968e+07  1.12e-08 9.62e-07  6.08e+00   485s
  26   8.18382247e+07 -3.64535746e+07  4.11e-09 6.81e-07  4.19e+00   493s
  27   7.85847512e+07 -7.97740075e+06  2.26e-09 5.08e-07  3.06e+00   500s
  28   7.68629383e+07  1.47430429e+07  1.56e-09 3.50e-07  2.20e+00   504s
  29   7.50345109e+07  2.69386961e+07  9.97e-10 2.68e-07  1.70e+00   509s
  30   7.37809099e+07  3.57363034e+07  6.82e-10 2.09e-07  1.35e+00   513s
  31   7.31742671e+07  4.13303832e+07  5.48e-10 1.71e-07  1.13e+00   518s
  32   7.20193445e+07  4.60563002e+07  3.20e-10 1.41e-07  9.19e-01   524s
  33   7.06747286e+07  5.27974007e+07  1.02e-10 9.80e-08  6.33e-01   532s
  34   7.01301298e+07  5.67990972e+07  5.53e-11 7.29e-08  4.72e-01   542s
  35   6.97858706e+07  6.04129977e+07  3.35e-11 5.29e-08  3.32e-01   550s
  36   6.95622542e+07  6.19660365e+07  2.25e-11 4.30e-08  2.69e-01   556s
  37   6.94348286e+07  6.27951250e+07  1.68e-11 3.80e-08  2.35e-01   561s
  38   6.93846761e+07  6.37797648e+07  1.46e-11 3.17e-08  1.98e-01   567s
  39   6.92952290e+07  6.46486403e+07  1.12e-11 2.65e-08  1.64e-01   575s
  40   6.91869609e+07  6.59037958e+07  7.39e-12 1.83e-08  1.16e-01   586s
  41   6.91282816e+07  6.65664719e+07  5.40e-12 1.48e-08  9.07e-02   597s
  42   6.91020646e+07  6.71049167e+07  4.64e-12 1.14e-08  7.07e-02   608s
  43   6.90798032e+07  6.75906143e+07  3.91e-12 8.50e-09  5.27e-02   618s
  44   6.90383718e+07  6.77751577e+07  3.15e-12 7.83e-09  4.47e-02   628s
  45   6.90239561e+07  6.79903059e+07  2.90e-12 7.45e-09  3.66e-02   639s
  46   6.90097061e+07  6.81056915e+07  3.41e-12 5.82e-09  3.20e-02   649s
  47   6.90016420e+07  6.83323448e+07  3.11e-12 8.64e-09  2.37e-02   658s
  48   6.89947465e+07  6.85002866e+07  2.53e-12 1.69e-08  1.75e-02   668s
  49   6.89903014e+07  6.85416430e+07  3.54e-12 1.20e-08  1.59e-02   678s
  50   6.89837169e+07  6.86433031e+07  4.95e-12 2.31e-08  1.20e-02   689s
  51   6.89790216e+07  6.87386941e+07  5.05e-12 1.41e-08  8.51e-03   699s
  52   6.89755034e+07  6.88319130e+07  7.92e-09 2.82e-08  5.08e-03   709s
  53   6.89714211e+07  6.88667310e+07  4.47e-08 3.32e-08  3.70e-03   720s
  54   6.89703508e+07  6.89079530e+07  2.71e-08 1.21e-07  2.21e-03   728s
  55   6.89693320e+07  6.89414374e+07  2.55e-08 2.31e-07  9.87e-04   734s
  56   6.89686750e+07  6.89599041e+07  4.96e-08 1.89e-07  3.10e-04   739s
  57   6.89681380e+07  6.89626817e+07  2.48e-08 1.19e-07  1.93e-04   745s
  58   6.89678774e+07  6.89641078e+07  2.48e-08 8.32e-08  1.33e-04   752s
  59   6.89677369e+07  6.89668732e+07  5.26e-08 1.07e-08  3.06e-05   758s
  60   6.89675019e+07  6.89671223e+07  6.90e-09 5.88e-09  1.34e-05   766s
  61   6.89674995e+07  6.89674720e+07  2.35e-09 5.70e-09  9.72e-07   773s
  62   6.89674908e+07  6.89674908e+07  6.86e-10 6.93e-09  5.47e-10   781s

Barrier solved model in 62 iterations and 781.17 seconds (708.31 work units)
Optimal objective 6.89674908e+07


Root crossover log...

   55639 DPushes remaining with DInf 7.4312125e-06               791s
   28733 DPushes remaining with DInf 0.0000000e+00               796s
   23458 DPushes remaining with DInf 0.0000000e+00               801s
   20488 DPushes remaining with DInf 0.0000000e+00               806s
   16776 DPushes remaining with DInf 0.0000000e+00               811s
   15307 DPushes remaining with DInf 0.0000000e+00               819s
   13838 DPushes remaining with DInf 0.0000000e+00               826s
   12369 DPushes remaining with DInf 0.0000000e+00               832s
   10900 DPushes remaining with DInf 0.0000000e+00               835s
    9431 DPushes remaining with DInf 0.0000000e+00               846s
    8351 DPushes remaining with DInf 0.0000000e+00               961s
    7351 DPushes remaining with DInf 0.0000000e+00              1074s
       0 DPushes remaining with DInf 0.0000000e+00              1174s

  773154 PPushes remaining with PInf 0.0000000e+00              1176s
  498410 PPushes remaining with PInf 0.0000000e+00              1274s
  340506 PPushes remaining with PInf 0.0000000e+00              1351s
  277096 PPushes remaining with PInf 0.0000000e+00              1397s
  250723 PPushes remaining with PInf 0.0000000e+00              1425s
  226847 PPushes remaining with PInf 0.0000000e+00              1448s
  202101 PPushes remaining with PInf 0.0000000e+00              1472s
  174708 PPushes remaining with PInf 0.0000000e+00              1494s
  155488 PPushes remaining with PInf 0.0000000e+00              1516s
  141782 PPushes remaining with PInf 0.0000000e+00              1537s
  129811 PPushes remaining with PInf 0.0000000e+00              1557s
  118816 PPushes remaining with PInf 0.0000000e+00              1575s
  110296 PPushes remaining with PInf 0.0000000e+00              1593s
  102755 PPushes remaining with PInf 0.0000000e+00              1611s
   95807 PPushes remaining with PInf 0.0000000e+00              1630s
   87787 PPushes remaining with PInf 0.0000000e+00              1649s
   80591 PPushes remaining with PInf 0.0000000e+00              1667s
   75982 PPushes remaining with PInf 0.0000000e+00              1683s
   72173 PPushes remaining with PInf 0.0000000e+00              1699s
   68601 PPushes remaining with PInf 0.0000000e+00              1715s
   64971 PPushes remaining with PInf 0.0000000e+00              1730s
   61938 PPushes remaining with PInf 0.0000000e+00              1744s
   43305 PPushes remaining with PInf 0.0000000e+00              1755s
   14814 PPushes remaining with PInf 0.0000000e+00              1767s
       0 PPushes remaining with PInf 0.0000000e+00              1786s

  Push phase complete: Pinf 0.0000000e+00, Dinf 4.4083613e+05   1788s


Root simplex log...

Iteration    Objective       Primal Inf.    Dual Inf.      Time
  821186    6.8967491e+07   0.000000e+00   4.408361e+05   1791s
  822655    6.8967491e+07   0.000000e+00   3.984382e+02   1799s
  822771    6.8967491e+07   0.000000e+00   0.000000e+00   1803s
Crossover time: 1023.43 seconds (449.01 work units)
  822771    6.8967491e+07   0.000000e+00   0.000000e+00   1814s

Root relaxation: objective 6.896749e+07, 822771 iterations, 1584.16 seconds (858.87 work units)
Total elapsed time = 1815.78s (DegenMoves)

    Nodes    |    Current Node    |     Objective Bounds      |     Work
 Expl Unexpl |  Obj  Depth IntInf | Incumbent    BestBd   Gap | It/Node Time

     0     0 6.8967e+07    0   35 1.0788e+09 6.8967e+07  93.6%     - 1846s
H    0     0                    6.954547e+07 6.8967e+07  0.83%     - 1849s
