Set parameter Username
Academic license - for non-commercial use only - expires 2027-02-26
Set parameter Username
Academic license - for non-commercial use only - expires 2027-02-26
Set parameter MIPGap to value 0.01
Set parameter TimeLimit to value 28800
Set parameter Crossover to value 0
Set parameter Method to value 2
Set parameter Method to value 2
Set parameter MIPGap to value 0.01
Set parameter Crossover to value 0
Set parameter TimeLimit to value 28800
Gurobi Optimizer version 13.0.0 build v13.0.0rc1 (linux64 - "Ubuntu 24.04.4 LTS")

CPU model: Intel(R) Xeon(R) Gold 6240 CPU @ 2.60GHz, instruction set [SSE2|AVX|AVX2|AVX512]
Thread count: 36 physical cores, 72 logical processors, using up to 32 threads

Non-default parameters:
TimeLimit  28800
MIPGap  0.01
Method  2
Crossover  0

Optimize a model with 25793221 rows, 19123336 columns and 64414312 nonzeros (Min)
Model fingerprint: 0xa832411d
Model has 10599814 linear objective coefficients
Variable types: 19001596 continuous, 121740 integer (121740 binary)
Coefficient statistics:
  Matrix range     [1e-03, 1e+02]
  Objective range  [7e-01, 3e+06]
  Bounds range     [3e-01, 4e+03]
  RHS range        [1e-05, 1e+02]
Found heuristic solution: objective 2.431602e+09
Presolve removed 2128 rows and 3151265 columns (presolve time = 5s)...
Presolve removed 11230870 rows and 3151287 columns (presolve time = 10s)...
Presolve removed 11230870 rows and 7933227 columns (presolve time = 15s)...
Presolve removed 11230870 rows and 7933227 columns (presolve time = 20s)...
Presolve removed 11238974 rows and 7933227 columns (presolve time = 26s)...
Presolve removed 11238974 rows and 7933227 columns (presolve time = 31s)...
Presolve removed 11238974 rows and 7933227 columns (presolve time = 35s)...
Presolve removed 11238974 rows and 7933227 columns (presolve time = 40s)...
Presolve removed 11238974 rows and 7933227 columns (presolve time = 45s)...
Presolve removed 11238974 rows and 7933227 columns (presolve time = 50s)...
Presolve removed 11238974 rows and 7933227 columns (presolve time = 55s)...
Presolve removed 12848780 rows and 7933227 columns (presolve time = 60s)...
Presolve removed 12848780 rows and 7933227 columns (presolve time = 65s)...
Presolve removed 12874405 rows and 7933227 columns (presolve time = 70s)...
Presolve removed 12874405 rows and 7933227 columns (presolve time = 75s)...
Presolve removed 12874405 rows and 7933227 columns (presolve time = 82s)...
Presolve removed 12874405 rows and 7933227 columns (presolve time = 85s)...
Presolve removed 12874405 rows and 7933227 columns (presolve time = 91s)...
Presolve removed 12874405 rows and 7933227 columns (presolve time = 97s)...
Presolve removed 12874405 rows and 7933227 columns (presolve time = 100s)...
Presolve removed 12887246 rows and 7933227 columns (presolve time = 106s)...
Presolve removed 12887246 rows and 7933227 columns (presolve time = 110s)...
Presolve removed 12887246 rows and 7933227 columns (presolve time = 117s)...
Presolve removed 12887246 rows and 7933227 columns (presolve time = 123s)...
Presolve removed 12887246 rows and 7933227 columns (presolve time = 125s)...
Presolve removed 12887246 rows and 7933227 columns (presolve time = 130s)...
Presolve removed 12887246 rows and 7933227 columns (presolve time = 138s)...
Presolve removed 12887246 rows and 7933227 columns (presolve time = 140s)...
Presolve removed 12887246 rows and 7933227 columns (presolve time = 149s)...
Presolve removed 12887246 rows and 7933227 columns (presolve time = 153s)...
Presolve removed 12887246 rows and 7933227 columns
Presolve time: 152.72s
Presolved: 12905975 rows, 11190109 columns, 42200251 nonzeros
Variable types: 11068339 continuous, 121770 integer (121767 binary)
Warning: Ignoring user setting 'Crossover=0', set 'NodeMethod=2' to disable Crossover
Root barrier log...

Elapsed ordering time = 8s
Elapsed ordering time = 10s
Ordering time: 16.47s

Barrier statistics:
 Dense cols : 3984
 AA' NZ     : 5.452e+07
 Factor NZ  : 4.197e+08 (roughly 13.0 GB of memory)
 Factor Ops : 1.654e+11 (roughly 1 second per iteration)
 Threads    : 32

                  Objective                Residual
Iter       Primal          Dual         Primal    Dual     Compl     Time
   0   1.52743974e+20 -2.81930112e+18  2.21e+10 2.14e+04  2.25e+15   307s
   1   1.03153414e+20 -1.30830051e+18  1.47e+10 1.04e+06  1.22e+15   314s
   2   8.32955027e+19 -5.00026377e+17  1.19e+10 1.27e+04  9.22e+14   321s
   3   9.32442548e+18 -3.25368100e+17  1.33e+09 3.28e-04  1.06e+14   331s
   4   2.01566670e+17 -1.34741238e+17  2.86e+07 1.22e-03  2.30e+12   339s
   5   1.99691214e+16 -1.24860351e+16  2.82e+06 1.82e-03  2.28e+11   344s
   6   2.35848012e+15 -1.23593389e+16  3.33e+05 2.51e-03  2.73e+10   350s
   7   2.39949338e+14 -7.70686911e+15  3.34e+04 2.45e-03  2.93e+09   356s
   8   2.35111531e+13 -2.47791134e+15  2.92e+03 6.34e-03  3.00e+08   364s
   9   1.42671289e+13 -1.21165137e+15  1.61e+03 4.07e-03  1.53e+08   370s
  10   5.00871738e+12 -3.48173053e+14  3.25e+02 1.00e-02  3.29e+07   377s
  11   2.40641986e+12 -5.08425733e+13  5.89e+01 3.07e-02  5.67e+06   387s
  12   1.87650928e+12 -3.53586535e+13  7.90e+00 2.15e-02  1.65e+06   395s
  13   1.00904926e+12 -9.27133927e+12  2.38e+00 8.79e-03  4.58e+05   400s
  14   5.78282933e+11 -4.22446780e+12  1.09e+00 9.20e-03  2.04e+05   406s
  15   4.08067985e+11 -3.17003201e+12  7.26e-01 7.63e-03  1.46e+05   412s
  16   2.87765757e+11 -2.92347108e+12  4.65e-01 7.12e-03  1.21e+05   419s
  17   1.89225566e+11 -1.87533644e+12  2.69e-01 7.32e-03  7.53e+04   426s
  18   1.48358747e+11 -1.62252729e+12  1.96e-01 7.46e-03  6.27e+04   434s
  19   7.71527484e+10 -9.96794643e+11  6.16e-02 3.94e-03  3.52e+04   444s
  20   5.49388252e+10 -5.45677716e+11  2.87e-02 2.29e-03  1.93e+04   457s
  21   3.75849128e+10 -3.36316334e+11  6.80e-03 1.37e-03  1.16e+04   466s
  22   2.73266521e+10 -1.50809715e+11  1.53e-03 6.28e-04  5.44e+03   474s
  23   2.07606778e+10 -9.43693986e+10  6.76e-04 3.96e-04  3.50e+03   480s
  24   1.77358879e+10 -7.81404312e+10  4.29e-04 3.21e-04  2.91e+03   485s
  25   1.58146872e+10 -6.50567001e+10  3.15e-04 2.64e-04  2.45e+03   491s
  26   1.37221597e+10 -5.02143755e+10  2.14e-04 2.02e-04  1.94e+03   496s
  27   1.32020298e+10 -4.10569732e+10  1.97e-04 1.63e-04  1.64e+03   502s
  28   4.76243179e+09 -2.76696055e+10  1.51e-05 1.13e-04  9.79e+02   509s
  29   4.04246186e+09 -1.96674042e+10  1.18e-05 8.12e-05  7.16e+02   519s
  30   2.89455263e+09 -1.43057675e+10  7.33e-06 5.80e-05  5.19e+02   527s
  31   2.63928878e+09 -1.19095492e+10  6.48e-06 4.82e-05  4.39e+02   532s
  32   2.29878583e+09 -9.49460672e+09  5.41e-06 3.83e-05  3.56e+02   538s
  33   1.38319274e+09 -6.97227670e+09  2.69e-06 2.76e-05  2.52e+02   546s
  34   9.13460688e+08 -4.11441203e+09  1.50e-06 1.64e-05  1.52e+02   556s
  35   5.63978410e+08 -2.90230968e+09  7.56e-07 1.19e-05  1.05e+02   569s
  36   3.70530502e+08 -1.95281649e+09  3.80e-07 8.11e-06  7.01e+01   578s
  37   2.98047972e+08 -1.59703770e+09  2.67e-07 6.66e-06  5.72e+01   586s
  38   2.70431320e+08 -1.32563116e+09  2.38e-07 5.57e-06  4.82e+01   592s
  39   2.36598030e+08 -1.13361155e+09  2.38e-07 4.80e-06  4.13e+01   597s
  40   1.95005492e+08 -9.69050004e+08  4.77e-07 4.13e-06  3.51e+01   605s
  41   1.73658432e+08 -7.25443047e+08  2.38e-07 3.17e-06  2.71e+01   615s
  42   1.39595167e+08 -4.95655481e+08  2.38e-07 2.25e-06  1.92e+01   627s
  43   1.16363221e+08 -3.11998162e+08  2.38e-07 1.53e-06  1.29e+01   643s
  44   1.01682733e+08 -2.15839753e+08  2.38e-07 1.15e-06  9.58e+00   659s
  45   9.19088533e+07 -1.64311894e+08  2.38e-07 9.46e-07  7.73e+00   671s
  46   8.77547739e+07 -1.37643942e+08  2.38e-07 8.41e-07  6.80e+00   682s
  47   8.18258342e+07 -9.96359490e+07  2.38e-07 6.87e-07  5.47e+00   695s
  48   7.68398958e+07 -7.43443225e+07  2.38e-07 5.82e-07  4.56e+00   710s
  49   7.39461527e+07 -6.52978779e+07  2.38e-07 5.46e-07  4.20e+00   725s
  50   7.19105562e+07 -4.95353694e+07  4.77e-07 4.81e-07  3.66e+00   741s
  51   7.05625644e+07 -4.04717564e+07  2.38e-07 4.44e-07  3.35e+00   757s
  52   6.93325741e+07 -3.36711424e+07  2.38e-07 4.16e-07  3.11e+00   772s
  53   6.80209055e+07 -2.61758571e+07  2.38e-07 3.87e-07  2.84e+00   788s
  54   6.77543259e+07 -1.98691072e+07  4.77e-07 3.61e-07  2.64e+00   803s
  55   6.72727321e+07 -1.87167209e+07  4.77e-07 3.57e-07  2.59e+00   819s
  56   6.68065025e+07 -1.68213912e+07  4.77e-07 3.49e-07  2.52e+00   834s
  57   6.65312196e+07 -1.11399163e+07  4.77e-07 3.24e-07  2.34e+00   849s
  58   6.61270641e+07 -5.27848955e+06  4.77e-07 3.00e-07  2.15e+00   864s
  59   6.56217109e+07 -3.45442594e+06  4.77e-07 2.91e-07  2.08e+00   877s
  60   6.51647836e+07 -2.27716652e+05  4.77e-07 2.78e-07  1.97e+00   891s
  61   6.47394395e+07  4.27575412e+06  4.77e-07 2.58e-07  1.82e+00   906s
  62   6.43990752e+07  8.08986465e+06  4.77e-07 3.58e-07  1.70e+00   920s
  63   6.41063238e+07  1.22967961e+07  4.77e-07 2.24e-07  1.56e+00   935s
  64   6.37407179e+07  1.52858461e+07  4.77e-07 2.11e-07  1.46e+00   949s
  65   6.33966038e+07  1.90867731e+07  4.77e-07 1.95e-07  1.34e+00   964s
  66   6.30392891e+07  2.21401372e+07  4.77e-07 1.81e-07  1.23e+00   978s
  67   6.27625062e+07  2.92766333e+07  4.77e-07 2.09e-07  1.01e+00   993s
  68   6.24888030e+07  3.18769375e+07  4.77e-07 1.36e-07  9.24e-01  1007s
  69   6.21491949e+07  3.50659903e+07  4.77e-07 2.09e-07  8.17e-01  1022s
  70   6.18573394e+07  3.95303631e+07  4.77e-07 1.19e-07  6.74e-01  1036s
  71   6.15260245e+07  4.11130552e+07  4.77e-07 9.33e-08  6.16e-01  1051s
  72   6.12167965e+07  4.31190263e+07  4.77e-07 8.35e-08  5.46e-01  1065s
  73   6.10110537e+07  4.49657270e+07  4.77e-07 1.04e-07  4.84e-01  1080s
  74   6.07667753e+07  4.60512415e+07  4.77e-07 8.94e-08  4.44e-01  1094s
  75   6.06161773e+07  4.75508186e+07  2.38e-07 1.23e-07  3.94e-01  1109s
  76   6.04885536e+07  4.82291344e+07  4.77e-07 5.82e-08  3.70e-01  1123s
  77   6.03407862e+07  4.95470092e+07  2.38e-07 1.34e-07  3.26e-01  1137s
  78   6.01771547e+07  5.06029533e+07  2.38e-07 7.45e-08  2.89e-01  1152s
  79   6.00924184e+07  5.11067554e+07  4.77e-07 8.94e-08  2.71e-01  1166s
  80   5.99573203e+07  5.18374601e+07  2.38e-07 1.12e-07  2.45e-01  1180s
  81   5.98622388e+07  5.22121051e+07  2.38e-07 8.94e-08  2.31e-01  1192s
  82   5.97944276e+07  5.25522101e+07  4.77e-07 1.79e-07  2.18e-01  1204s
  83   5.97196329e+07  5.33208385e+07  4.77e-07 8.94e-08  1.93e-01  1219s
  84   5.96758687e+07  5.36106565e+07  2.38e-07 3.04e-08  1.83e-01  1233s
  85   5.96374019e+07  5.38373204e+07  4.77e-07 7.45e-08  1.75e-01  1247s
  86   5.95914527e+07  5.42074583e+07  4.77e-07 8.94e-08  1.62e-01  1261s
  87   5.95533504e+07  5.44894654e+07  4.77e-07 1.34e-07  1.53e-01  1275s
  88   5.95298941e+07  5.52620575e+07  4.77e-07 8.94e-08  1.29e-01  1290s
  89   5.95113504e+07  5.57282513e+07  4.77e-07 1.79e-07  1.14e-01  1304s
  90   5.94900667e+07  5.60287721e+07  4.77e-07 7.45e-08  1.04e-01  1319s
  91   5.94637054e+07  5.63992666e+07  4.77e-07 1.19e-07  9.25e-02  1333s
  92   5.94468476e+07  5.68328164e+07  4.77e-07 7.45e-08  7.89e-02  1348s
  93   5.94263730e+07  5.71768154e+07  4.77e-07 1.34e-07  6.79e-02  1362s
  94   5.94027478e+07  5.73073459e+07  4.77e-07 1.49e-08  6.32e-02  1376s
  95   5.93840903e+07  5.74359779e+07  4.77e-07 2.98e-08  5.88e-02  1391s
  96   5.93717476e+07  5.77275523e+07  4.77e-07 2.68e-07  4.96e-02  1405s
  97   5.93626105e+07  5.78993837e+07  4.77e-07 9.31e-08  4.41e-02  1420s
  98   5.93491913e+07  5.79765380e+07  4.77e-07 2.38e-07  4.14e-02  1434s
  99   5.93392768e+07  5.80628840e+07  4.77e-07 8.94e-08  3.85e-02  1450s
 100   5.93323699e+07  5.81344033e+07  4.77e-07 4.47e-08  3.61e-02  1464s
 101   5.93268154e+07  5.82791582e+07  4.77e-07 2.09e-07  3.16e-02  1482s
 102   5.93223518e+07  5.84112435e+07  4.77e-07 1.34e-07  2.75e-02  1498s
 103   5.93155458e+07  5.84703600e+07  2.38e-07 5.96e-08  2.55e-02  1512s
 104   5.93099670e+07  5.85477827e+07  4.77e-07 5.96e-08  2.30e-02  1529s
 105   5.93063773e+07  5.86192547e+07  4.77e-07 1.04e-07  2.07e-02  1548s
 106   5.93040785e+07  5.86863706e+07  4.77e-07 5.96e-08  1.86e-02  1562s
 107   5.93006981e+07  5.87196872e+07  4.77e-07 4.47e-08  1.75e-02  1580s
 108   5.92986292e+07  5.87827133e+07  4.77e-07 5.96e-08  1.56e-02  1600s
 109   5.92965010e+07  5.88426280e+07  4.77e-07 1.79e-07  1.37e-02  1620s
 110   5.92953379e+07  5.88664605e+07  4.77e-07 1.49e-07  1.29e-02  1640s
 111   5.92942148e+07  5.88911042e+07  4.77e-07 6.71e-08  1.22e-02  1659s
 112   5.92920681e+07  5.89380520e+07  4.77e-07 7.45e-08  1.07e-02  1686s
 113   5.92907054e+07  5.89762908e+07  4.77e-07 1.34e-07  9.49e-03  1706s
 114   5.92883707e+07  5.89962013e+07  4.77e-07 4.47e-08  8.81e-03  1725s
 115   5.92873230e+07  5.90357629e+07  4.77e-07 3.35e-08  7.59e-03  1750s
 116   5.92859895e+07  5.90536249e+07  4.77e-07 8.94e-08  7.01e-03  1773s
 117   5.92851589e+07  5.90748554e+07  4.77e-07 5.96e-08  6.34e-03  1794s
 118   5.92842269e+07  5.90891806e+07  4.77e-07 1.49e-07  5.88e-03  1816s
 119   5.92831443e+07  5.91132117e+07  4.77e-07 5.96e-08  5.13e-03  1835s
 120   5.92823072e+07  5.91280730e+07  7.15e-07 8.94e-08  4.65e-03  1859s
 121   5.92816976e+07  5.91428873e+07  7.15e-07 1.19e-07  4.19e-03  1882s
 122   5.92812144e+07  5.91587288e+07  7.15e-07 2.09e-07  3.70e-03  1906s
 123   5.92806366e+07  5.91621898e+07  7.15e-07 6.33e-08  3.57e-03  1920s
 124   5.92801654e+07  5.91787901e+07  7.15e-07 1.49e-07  3.06e-03  1937s
 125   5.92796102e+07  5.91909963e+07  7.15e-07 5.96e-08  2.67e-03  1959s
 126   5.92786258e+07  5.91977127e+07  4.77e-07 2.98e-08  2.44e-03  1983s
 127   5.92781804e+07  5.92110584e+07  4.77e-07 1.64e-07  2.03e-03  2006s
 128   5.92776662e+07  5.92146446e+07  4.77e-07 8.94e-08  1.90e-03  2029s
 129   5.92773245e+07  5.92238165e+07  4.77e-07 1.64e-07  1.61e-03  2053s
 130   5.92769008e+07  5.92282007e+07  7.15e-07 7.45e-08  1.47e-03  2078s
 131   5.92765154e+07  5.92336954e+07  7.15e-07 8.94e-08  1.29e-03  2104s
 132   5.92763138e+07  5.92380970e+07  7.15e-07 7.45e-08  1.15e-03  2133s
 133   5.92759322e+07  5.92424568e+07  4.77e-07 1.79e-07  1.01e-03  2159s
 134   5.92757408e+07  5.92449224e+07  4.77e-07 5.96e-08  9.30e-04  2185s
 135   5.92753733e+07  5.92477549e+07  4.77e-07 7.45e-08  8.33e-04  2210s
 136   5.92751501e+07  5.92528448e+07  4.77e-07 7.45e-08  6.73e-04  2236s
 137   5.92750308e+07  5.92551923e+07  4.77e-07 1.19e-07  5.99e-04  2264s
 138   5.92748466e+07  5.92563022e+07  2.38e-07 7.64e-08  5.59e-04  2293s
 139   5.92747912e+07  5.92603191e+07  2.38e-07 1.04e-07  4.37e-04  2322s
 140   5.92747598e+07  5.92617299e+07  2.38e-07 3.28e-07  3.93e-04  2356s
 141   5.92746959e+07  5.92630757e+07  4.77e-07 1.19e-07  3.51e-04  2380s
 142   5.92746447e+07  5.92646419e+07  4.77e-07 1.49e-07  3.02e-04  2407s
 143   5.92745803e+07  5.92655377e+07  4.77e-07 5.96e-08  2.73e-04  2445s
 144   5.92745504e+07  5.92682671e+07  4.77e-07 1.19e-07  1.90e-04  2473s
 145   5.92745106e+07  5.92694941e+07  2.38e-07 7.45e-08  1.51e-04  2505s
 146   5.92744940e+07  5.92706680e+07  2.38e-07 2.38e-07  1.15e-04  2546s
 147   5.92744499e+07  5.92719848e+07  2.38e-07 1.19e-07  7.44e-05  2588s
 148   5.92744281e+07  5.92726958e+07  6.53e-07 8.94e-08  5.23e-05  2642s
 149   5.92744193e+07  5.92732834e+07  1.05e-06 1.34e-07  3.43e-05  2689s
 150   5.92744042e+07  5.92736191e+07  1.67e-06 9.13e-08  2.37e-05  2723s
 151   5.92743999e+07  5.92740269e+07  2.19e-06 1.04e-07  1.13e-05  2749s
 152   5.92743930e+07  5.92740581e+07  2.77e-06 2.98e-08  1.01e-05  2767s
 153   5.92743909e+07  5.92740958e+07  3.11e-06 3.73e-08  8.90e-06  2785s
 154   5.92743881e+07  5.92742155e+07  3.38e-06 4.47e-08  5.21e-06  2803s
 155   5.92743858e+07  5.92743317e+07  3.49e-06 5.96e-08  1.63e-06  2817s
 156   5.92743847e+07  5.92743734e+07  2.66e-06 2.98e-08  3.43e-07  2832s
 157   5.92743842e+07  5.92743786e+07  1.45e-06 8.94e-08  1.71e-07  2850s
 158   5.92743841e+07  5.92743799e+07  1.13e-06 5.96e-08  1.30e-07  2867s
 159   5.92743840e+07  5.92743839e+07  9.34e-07 1.88e-07  7.85e-09  2876s

Barrier solved model in 159 iterations and 2876.52 seconds (2627.95 work units)
Optimal objective 5.92743840e+07


Root crossover log...

 12049925 variables added to crossover basis                     2889s

  580607 DPushes remaining with DInf 0.0000000e+00              2894s
  168048 DPushes remaining with DInf 0.0000000e+00              2898s
   90794 DPushes remaining with DInf 0.0000000e+00              2902s
   50849 DPushes remaining with DInf 0.0000000e+00              2906s
   34804 DPushes remaining with DInf 0.0000000e+00              2910s
   23258 DPushes remaining with DInf 0.0000000e+00              2918s
   20475 DPushes remaining with DInf 0.0000000e+00              2922s
   18737 DPushes remaining with DInf 0.0000000e+00              2927s
   17065 DPushes remaining with DInf 0.0000000e+00              2932s
   15463 DPushes remaining with DInf 0.0000000e+00              2938s
   13780 DPushes remaining with DInf 0.0000000e+00              2946s
   12018 DPushes remaining with DInf 0.0000000e+00              2955s
   10308 DPushes remaining with DInf 0.0000000e+00              2965s
    8637 DPushes remaining with DInf 0.0000000e+00              2976s
    6933 DPushes remaining with DInf 0.0000000e+00              2990s
    5256 DPushes remaining with DInf 0.0000000e+00              3004s
    3619 DPushes remaining with DInf 0.0000000e+00              3013s
    1870 DPushes remaining with DInf 0.0000000e+00              3020s
       0 DPushes remaining with DInf 0.0000000e+00              3026s

 1378752 PPushes remaining with PInf 1.1008229e-03              3028s
  974933 PPushes remaining with PInf 1.5574151e-04              3050s
  905691 PPushes remaining with PInf 1.1928939e-04              3067s
  882454 PPushes remaining with PInf 9.7478709e-05              3081s
  876745 PPushes remaining with PInf 9.7478709e-05              3092s
  870466 PPushes remaining with PInf 9.7478709e-05              3104s
  867202 PPushes remaining with PInf 9.7478709e-05              3115s
  779454 PPushes remaining with PInf 9.7478709e-05              3177s
  744658 PPushes remaining with PInf 9.7478709e-05              3234s
  713177 PPushes remaining with PInf 9.7478709e-05              3310s
  682547 PPushes remaining with PInf 9.7478709e-05              3400s
  651674 PPushes remaining with PInf 9.7478709e-05              3481s
  621735 PPushes remaining with PInf 9.7478709e-05              3556s
  591857 PPushes remaining with PInf 9.7478709e-05              3639s
  562452 PPushes remaining with PInf 9.7478709e-05              3719s
  534776 PPushes remaining with PInf 9.7478709e-05              3792s
  508500 PPushes remaining with PInf 9.7478709e-05              3859s
  483921 PPushes remaining with PInf 9.7478709e-05              3926s
  458811 PPushes remaining with PInf 9.7478709e-05              3987s
  435126 PPushes remaining with PInf 9.7478709e-05              4033s
  412796 PPushes remaining with PInf 9.7478709e-05              4086s
  391089 PPushes remaining with PInf 9.7478709e-05              4136s
  370033 PPushes remaining with PInf 9.7478709e-05              4181s
  349326 PPushes remaining with PInf 9.7478709e-05              4220s
  328647 PPushes remaining with PInf 9.7478709e-05              4264s
  308450 PPushes remaining with PInf 9.7478709e-05              4299s
  289087 PPushes remaining with PInf 9.7478709e-05              4329s
  269894 PPushes remaining with PInf 9.8478709e-05              4357s
  250569 PPushes remaining with PInf 9.8478709e-05              4383s
  231227 PPushes remaining with PInf 9.8478709e-05              4403s
  212007 PPushes remaining with PInf 9.7478709e-05              4420s
  192971 PPushes remaining with PInf 9.8478709e-05              4435s
  174056 PPushes remaining with PInf 9.7478708e-05              4447s
  155273 PPushes remaining with PInf 9.7478709e-05              4458s
  136571 PPushes remaining with PInf 9.8478709e-05              4470s
  117924 PPushes remaining with PInf 9.8478709e-05              4479s
   99119 PPushes remaining with PInf 9.7478709e-05              4489s
   80245 PPushes remaining with PInf 9.7478708e-05              4499s
   61575 PPushes remaining with PInf 9.7478708e-05              4508s
   42869 PPushes remaining with PInf 9.7478709e-05              4517s
   24241 PPushes remaining with PInf 9.7478709e-05              4526s
    5770 PPushes remaining with PInf 9.7478709e-05              4534s
     508 PPushes remaining with PInf 9.8478710e-05              4547s
       0 PPushes remaining with PInf 9.8478710e-05              4554s

  Push phase complete: Pinf 9.8478710e-05, Dinf 1.0261124e-06   4555s


Root simplex log...

Iteration    Objective       Primal Inf.    Dual Inf.      Time
 1652550    5.9274384e+07   9.847871e-05   0.000000e+00   4567s
 1652586    5.9274384e+07   0.000000e+00   0.000000e+00   4582s
Crossover time: 1703.65 seconds (1942.42 work units)
 1652586    5.9274384e+07   0.000000e+00   0.000000e+00   4595s

Root relaxation: objective 5.927438e+07, 1652586 iterations, 4377.14 seconds (4251.63 work units)
Total elapsed time = 4596.39s (DegenMoves)

    Nodes    |    Current Node    |     Objective Bounds      |     Work
 Expl Unexpl |  Obj  Depth IntInf | Incumbent    BestBd   Gap | It/Node Time

     0     0 5.9274e+07    0 3436 2.4316e+09 5.9274e+07  97.6%     - 4762s
