19:06:57 avail=149GB rss=[ 0.0 0.0 33.1 0.0 0.0 1.2 ]
19:07:57 avail=145GB rss=[ 0.0 0.0 33.1 0.0 0.0 5.1 ]
19:08:57 avail=176GB rss=[ 0.0 0.0 0.0 0.0 5.7 1.1 ]
19:09:57 avail=169GB rss=[ 0.0 0.0 0.0 0.0 8.5 5.0 ]
19:10:57 avail=162GB rss=[ 0.0 0.0 0.0 0.0 15.0 6.4 ]
19:11:57 avail=159GB rss=[ 0.0 0.0 0.0 0.0 17.0 6.9 ]
19:12:57 avail=152GB rss=[ 0.0 0.0 0.0 0.0 18.1 13.2 ]
19:13:57 avail=147GB rss=[ 0.0 0.0 0.0 0.0 19.7 15.9 ]
19:14:57 avail=145GB rss=[ 0.0 0.0 0.0 0.0 18.3 19.6 ]
19:15:58 avail=136GB rss=[ 0.0 0.0 0.0 0.0 23.3 24.3 ]
19:16:58 avail=132GB rss=[ 0.0 0.0 0.0 0.0 25.2 25.5 ]
19:17:58 avail=110GB rss=[ 0.0 0.0 0.0 0.0 35.2 38.2 ]
19:18:58 avail=108GB rss=[ 0.0 0.0 0.0 0.0 35.7 39.4 ]
19:19:58 avail=100GB rss=[ 0.0 0.0 0.0 0.0 36.0 39.8 ]
19:20:58 avail=101GB rss=[ 0.0 0.0 0.0 0.0 35.9 40.8 ]
19:21:58 avail=103GB rss=[ 0.0 0.0 0.0 0.0 36.0 43.5 ]
19:22:58 avail=107GB rss=[ 0.0 0.0 0.0 0.0 31.5 43.8 ]
19:23:58 avail=97GB rss=[ 0.0 0.0 0.0 0.0 33.5 52.5 ]
19:24:58 avail=96GB rss=[ 0.0 0.0 0.0 0.0 33.8 52.9 ]
19:25:58 avail=127GB rss=[ 0.0 0.0 0.0 0.0 53.1 2.7 ]
19:26:58 avail=123GB rss=[ 0.0 0.0 0.0 0.0 53.3 6.6 ]
19:27:58 avail=123GB rss=[ 0.0 0.0 0.0 0.0 53.3 6.9 ]
19:28:58 avail=122GB rss=[ 0.0 0.0 0.0 0.0 53.4 7.7 ]
19:29:59 avail=115GB rss=[ 0.0 0.0 0.0 0.0 53.4 14.2 ]
19:30:59 avail=114GB rss=[ 0.0 0.0 0.0 0.0 53.4 15.7 ]
19:31:59 avail=112GB rss=[ 0.0 0.0 0.0 0.0 51.6 19.5 ]
19:32:59 avail=112GB rss=[ 0.0 0.0 0.0 0.0 51.6 19.7 ]
19:33:59 avail=112GB rss=[ 0.0 0.0 0.0 0.0 51.6 19.5 ]
19:34:59 avail=110GB rss=[ 0.0 0.0 0.0 0.0 51.6 21.0 ]
19:35:59 avail=107GB rss=[ 0.0 0.0 0.0 0.0 51.6 24.4 ]
19:36:59 avail=99GB rss=[ 0.0 0.0 0.0 0.0 51.6 32.3 ]
19:37:59 avail=91GB rss=[ 0.0 0.0 0.0 0.0 52.0 40.1 ]
19:38:59 avail=85GB rss=[ 0.0 0.0 0.0 0.0 52.0 45.9 ]
19:39:59 avail=89GB rss=[ 0.0 0.0 0.0 0.0 52.0 40.9 ]
19:40:59 avail=83GB rss=[ 0.0 0.0 0.0 0.0 52.0 47.5 ]
19:41:59 avail=81GB rss=[ 0.0 0.0 0.0 0.0 52.0 47.9 ]
19:43:00 avail=73GB rss=[ 0.0 0.0 0.0 0.0 52.0 57.3 ]
19:44:00 avail=73GB rss=[ 0.0 0.0 0.0 0.0 52.0 57.7 ]
19:45:00 avail=73GB rss=[ 0.0 0.0 0.0 0.0 52.0 57.9 ]
19:46:00 avail=73GB rss=[ 0.0 0.0 0.0 0.0 52.0 58.1 ]
19:47:00 avail=73GB rss=[ 0.0 0.0 0.0 0.0 52.0 58.2 ]
19:48:00 avail=73GB rss=[ 0.0 0.0 0.0 0.0 52.1 58.2 ]
19:49:00 avail=77GB rss=[ 0.0 0.0 0.0 0.0 47.3 58.2 ]
19:50:00 avail=86GB rss=[ 0.0 0.0 0.0 0.0 39.1 58.3 ]
19:51:00 avail=85GB rss=[ 0.0 0.0 0.0 0.0 39.6 58.3 ]
19:52:00 avail=124GB rss=[ 0.0 0.0 58.3 ]
19:53:00 avail=124GB rss=[ 0.0 0.0 58.3 ]
19:54:00 avail=124GB rss=[ 0.0 0.0 58.3 ]
19:55:00 avail=124GB rss=[ 0.0 0.0 58.4 ]
19:56:01 avail=124GB rss=[ 0.0 0.0 58.4 ]
19:57:01 avail=124GB rss=[ 0.0 0.0 58.4 ]
19:58:01 avail=124GB rss=[ 0.0 0.0 58.4 ]
19:59:01 avail=124GB rss=[ 0.0 0.0 58.4 ]
20:00:01 avail=124GB rss=[ 0.0 0.0 58.4 ]
20:01:01 avail=124GB rss=[ 0.0 0.0 58.4 ]
20:02:01 avail=124GB rss=[ 0.0 0.0 58.4 ]
20:03:01 avail=124GB rss=[ 0.0 0.0 58.4 ]
20:04:01 avail=124GB rss=[ 0.0 0.0 58.4 ]
20:05:01 avail=124GB rss=[ 0.0 0.0 58.4 ]
20:06:01 avail=124GB rss=[ 0.0 0.0 58.4 ]
20:07:01 avail=124GB rss=[ 0.0 0.0 58.4 ]
20:08:01 avail=124GB rss=[ 0.0 0.0 58.4 ]
20:09:02 avail=124GB rss=[ 0.0 0.0 58.4 ]
20:10:02 avail=124GB rss=[ 0.0 0.0 58.4 ]
20:11:02 avail=124GB rss=[ 0.0 0.0 58.4 ]
20:12:02 avail=124GB rss=[ 0.0 0.0 58.4 ]
20:13:02 avail=124GB rss=[ 0.0 0.0 58.4 ]
20:14:02 avail=124GB rss=[ 0.0 0.0 58.4 ]
20:15:02 avail=124GB rss=[ 0.0 0.0 58.4 ]
20:16:02 avail=124GB rss=[ 0.0 0.0 58.4 ]
20:17:02 avail=124GB rss=[ 0.0 0.0 58.4 ]
20:18:02 avail=124GB rss=[ 0.0 0.0 58.4 ]
20:19:02 avail=124GB rss=[ 0.0 0.0 58.4 ]
20:20:02 avail=124GB rss=[ 0.0 0.0 58.4 ]
20:21:02 avail=124GB rss=[ 0.0 0.0 58.4 ]
20:22:02 avail=124GB rss=[ 0.0 0.0 58.4 ]
20:23:03 avail=124GB rss=[ 0.0 0.0 58.4 ]
20:24:03 avail=128GB rss=[ 0.0 0.0 54.9 ]
20:25:03 avail=127GB rss=[ 0.0 0.0 55.4 ]
20:26:03 avail=127GB rss=[ 0.0 0.0 55.8 ]
20:27:03 avail=127GB rss=[ 0.0 0.0 56.0 ]
20:28:03 avail=127GB rss=[ 0.0 0.0 56.0 ]
20:29:03 avail=127GB rss=[ 0.0 0.0 56.0 ]
20:30:03 avail=127GB rss=[ 0.0 0.0 56.0 ]
20:31:03 avail=127GB rss=[ 0.0 0.0 56.0 ]
20:32:03 avail=127GB rss=[ 0.0 0.0 56.0 ]
20:33:03 avail=127GB rss=[ 0.0 0.0 56.0 ]
20:34:03 avail=127GB rss=[ 0.0 0.0 56.0 ]
20:35:03 avail=127GB rss=[ 0.0 0.0 56.0 ]
20:36:03 avail=127GB rss=[ 0.0 0.0 56.0 ]
20:37:04 avail=127GB rss=[ 0.0 0.0 56.0 ]
20:38:04 avail=127GB rss=[ 0.0 0.0 56.0 ]
20:39:04 avail=127GB rss=[ 0.0 0.0 56.0 ]
20:40:04 avail=127GB rss=[ 0.0 0.0 56.1 ]
20:41:04 avail=127GB rss=[ 0.0 0.0 56.1 ]
20:42:04 avail=127GB rss=[ 0.0 0.0 56.1 ]
20:43:04 avail=127GB rss=[ 0.0 0.0 56.1 ]
20:44:04 avail=127GB rss=[ 0.0 0.0 56.1 ]
20:45:04 avail=127GB rss=[ 0.0 0.0 56.1 ]
20:46:04 avail=127GB rss=[ 0.0 0.0 56.1 ]
20:47:04 avail=127GB rss=[ 0.0 0.0 56.1 ]
20:48:04 avail=127GB rss=[ 0.0 0.0 56.1 ]
20:49:04 avail=127GB rss=[ 0.0 0.0 56.1 ]
20:50:04 avail=127GB rss=[ 0.0 0.0 56.1 ]
20:51:05 avail=132GB rss=[ 0.0 0.0 50.4 ]
20:52:05 avail=134GB rss=[ 0.0 0.0 48.4 ]
20:53:05 avail=123GB rss=[ 0.0 0.0 59.6 ]
20:54:05 avail=123GB rss=[ 0.0 0.0 59.7 ]
20:55:05 avail=123GB rss=[ 0.0 0.0 59.8 ]
20:56:05 avail=123GB rss=[ 0.0 0.0 59.8 ]
20:57:05 avail=123GB rss=[ 0.0 0.0 59.8 ]
20:58:05 avail=123GB rss=[ 0.0 0.0 59.8 ]
20:59:05 avail=123GB rss=[ 0.0 0.0 59.8 ]
21:00:05 avail=123GB rss=[ 0.0 0.0 59.9 ]
21:01:05 avail=123GB rss=[ 0.0 0.0 59.9 ]
21:02:05 avail=123GB rss=[ 0.0 0.0 59.9 ]
21:03:05 avail=123GB rss=[ 0.0 0.0 59.9 ]
21:04:05 avail=123GB rss=[ 0.0 0.0 59.9 ]
21:05:06 avail=123GB rss=[ 0.0 0.0 59.9 ]
21:06:06 avail=123GB rss=[ 0.0 0.0 59.9 ]
21:07:06 avail=123GB rss=[ 0.0 0.0 59.9 ]
21:08:06 avail=123GB rss=[ 0.0 0.0 59.9 ]
21:09:06 avail=123GB rss=[ 0.0 0.0 59.9 ]
21:10:06 avail=123GB rss=[ 0.0 0.0 59.9 ]
21:11:06 avail=123GB rss=[ 0.0 0.0 59.9 ]
21:12:06 avail=123GB rss=[ 0.0 0.0 59.9 ]
21:13:06 avail=123GB rss=[ 0.0 0.0 59.9 ]
21:14:06 avail=123GB rss=[ 0.0 0.0 59.9 ]
21:15:06 avail=123GB rss=[ 0.0 0.0 59.9 ]
21:16:06 avail=123GB rss=[ 0.0 0.0 59.9 ]
21:17:06 avail=123GB rss=[ 0.0 0.0 59.9 ]
21:18:06 avail=132GB rss=[ 0.0 0.0 51.3 ]
21:19:07 avail=133GB rss=[ 0.0 0.0 50.0 ]
21:20:07 avail=132GB rss=[ 0.0 0.0 50.5 ]
21:21:07 avail=132GB rss=[ 0.0 0.0 50.5 ]
21:22:07 avail=132GB rss=[ 0.0 0.0 50.5 ]
21:23:07 avail=130GB rss=[ 0.0 0.0 53.2 ]
21:24:07 avail=129GB rss=[ 0.0 0.0 53.7 ]
21:25:07 avail=131GB rss=[ 0.0 0.0 51.1 ]
21:26:07 avail=132GB rss=[ 0.0 0.0 51.0 ]
21:27:07 avail=132GB rss=[ 0.0 0.0 50.8 ]
21:28:07 avail=131GB rss=[ 0.0 0.0 51.4 ]
21:29:07 avail=131GB rss=[ 0.0 0.0 51.7 ]
21:30:07 avail=131GB rss=[ 0.0 0.0 51.7 ]
21:31:07 avail=131GB rss=[ 0.0 0.0 51.8 ]
21:32:07 avail=131GB rss=[ 0.0 0.0 51.8 ]
21:33:08 avail=131GB rss=[ 0.0 0.0 51.8 ]
21:34:08 avail=131GB rss=[ 0.0 0.0 51.8 ]
21:35:08 avail=131GB rss=[ 0.0 0.0 51.8 ]
21:36:08 avail=131GB rss=[ 0.0 0.0 51.8 ]
21:37:08 avail=131GB rss=[ 0.0 0.0 51.8 ]
21:38:08 avail=131GB rss=[ 0.0 0.0 51.9 ]
21:39:08 avail=131GB rss=[ 0.0 0.0 51.9 ]
21:40:08 avail=131GB rss=[ 0.0 0.0 51.9 ]
21:41:08 avail=131GB rss=[ 0.0 0.0 51.9 ]
21:42:08 avail=131GB rss=[ 0.0 0.0 51.9 ]
21:43:08 avail=131GB rss=[ 0.0 0.0 51.9 ]
21:44:08 avail=131GB rss=[ 0.0 0.0 51.9 ]
21:45:08 avail=131GB rss=[ 0.0 0.0 51.9 ]
21:46:08 avail=131GB rss=[ 0.0 0.0 51.9 ]
21:47:09 avail=131GB rss=[ 0.0 0.0 51.9 ]
21:48:09 avail=131GB rss=[ 0.0 0.0 51.9 ]
21:49:09 avail=131GB rss=[ 0.0 0.0 51.9 ]
21:50:09 avail=131GB rss=[ 0.0 0.0 51.9 ]
21:51:09 avail=131GB rss=[ 0.0 0.0 51.9 ]
21:52:09 avail=131GB rss=[ 0.0 0.0 52.0 ]
21:53:09 avail=131GB rss=[ 0.0 0.0 52.0 ]
21:54:09 avail=131GB rss=[ 0.0 0.0 52.0 ]
21:55:09 avail=131GB rss=[ 0.0 0.0 52.0 ]
21:56:09 avail=131GB rss=[ 0.0 0.0 52.0 ]
21:57:09 avail=131GB rss=[ 0.0 0.0 52.0 ]
21:58:09 avail=131GB rss=[ 0.0 0.0 52.0 ]
21:59:09 avail=131GB rss=[ 0.0 0.0 52.0 ]
22:00:09 avail=131GB rss=[ 0.0 0.0 52.0 ]
22:01:10 avail=131GB rss=[ 0.0 0.0 52.0 ]
22:02:10 avail=131GB rss=[ 0.0 0.0 52.0 ]
22:03:10 avail=131GB rss=[ 0.0 0.0 52.0 ]
22:04:10 avail=131GB rss=[ 0.0 0.0 52.0 ]
22:05:10 avail=131GB rss=[ 0.0 0.0 52.0 ]
22:06:10 avail=131GB rss=[ 0.0 0.0 52.0 ]
22:07:10 avail=131GB rss=[ 0.0 0.0 52.0 ]
22:08:10 avail=131GB rss=[ 0.0 0.0 52.0 ]
22:09:10 avail=131GB rss=[ 0.0 0.0 52.0 ]
22:10:10 avail=131GB rss=[ 0.0 0.0 52.0 ]
22:11:10 avail=131GB rss=[ 0.0 0.0 52.0 ]
22:12:10 avail=131GB rss=[ 0.0 0.0 52.0 ]
22:13:10 avail=131GB rss=[ 0.0 0.0 52.0 ]
22:14:10 avail=131GB rss=[ 0.0 0.0 52.0 ]
22:15:10 avail=131GB rss=[ 0.0 0.0 52.0 ]
22:16:11 avail=131GB rss=[ 0.0 0.0 52.0 ]
22:17:11 avail=131GB rss=[ 0.0 0.0 52.1 ]
22:18:11 avail=131GB rss=[ 0.0 0.0 52.1 ]
22:19:11 avail=131GB rss=[ 0.0 0.0 52.1 ]
22:20:11 avail=131GB rss=[ 0.0 0.0 52.1 ]
22:21:11 avail=131GB rss=[ 0.0 0.0 52.1 ]
22:22:11 avail=131GB rss=[ 0.0 0.0 52.1 ]
22:23:11 avail=131GB rss=[ 0.0 0.0 52.1 ]
22:24:11 avail=131GB rss=[ 0.0 0.0 52.1 ]
22:25:11 avail=131GB rss=[ 0.0 0.0 52.1 ]
22:26:11 avail=131GB rss=[ 0.0 0.0 52.1 ]
22:27:11 avail=131GB rss=[ 0.0 0.0 52.1 ]
22:28:11 avail=131GB rss=[ 0.0 0.0 52.1 ]
22:29:11 avail=131GB rss=[ 0.0 0.0 52.1 ]
22:30:12 avail=131GB rss=[ 0.0 0.0 52.1 ]
22:31:12 avail=131GB rss=[ 0.0 0.0 52.1 ]
22:32:12 avail=131GB rss=[ 0.0 0.0 52.1 ]
22:33:12 avail=131GB rss=[ 0.0 0.0 52.1 ]
22:34:12 avail=131GB rss=[ 0.0 0.0 52.1 ]
22:35:12 avail=131GB rss=[ 0.0 0.0 52.1 ]
22:36:12 avail=131GB rss=[ 0.0 0.0 52.1 ]
22:37:12 avail=131GB rss=[ 0.0 0.0 52.1 ]
22:38:12 avail=131GB rss=[ 0.0 0.0 52.1 ]
22:39:12 avail=131GB rss=[ 0.0 0.0 52.1 ]
22:40:12 avail=131GB rss=[ 0.0 0.0 52.1 ]
22:41:12 avail=131GB rss=[ 0.0 0.0 52.1 ]
22:42:12 avail=131GB rss=[ 0.0 0.0 52.1 ]
22:43:12 avail=131GB rss=[ 0.0 0.0 52.1 ]
22:44:13 avail=131GB rss=[ 0.0 0.0 52.1 ]
22:45:13 avail=131GB rss=[ 0.0 0.0 52.1 ]
22:46:13 avail=131GB rss=[ 0.0 0.0 52.1 ]
22:47:13 avail=131GB rss=[ 0.0 0.0 52.1 ]
22:48:13 avail=131GB rss=[ 0.0 0.0 52.1 ]
22:49:13 avail=131GB rss=[ 0.0 0.0 52.1 ]
22:50:13 avail=131GB rss=[ 0.0 0.0 52.1 ]
22:51:13 avail=131GB rss=[ 0.0 0.0 52.1 ]
22:52:13 avail=131GB rss=[ 0.0 0.0 52.1 ]
22:53:13 avail=131GB rss=[ 0.0 0.0 52.1 ]
22:54:13 avail=131GB rss=[ 0.0 0.0 52.1 ]
22:55:13 avail=131GB rss=[ 0.0 0.0 52.1 ]
22:56:13 avail=131GB rss=[ 0.0 0.0 52.1 ]
22:57:13 avail=131GB rss=[ 0.0 0.0 52.1 ]
22:58:14 avail=131GB rss=[ 0.0 0.0 52.1 ]
22:59:14 avail=131GB rss=[ 0.0 0.0 52.1 ]
23:00:14 avail=131GB rss=[ 0.0 0.0 52.1 ]
23:01:14 avail=131GB rss=[ 0.0 0.0 52.1 ]
23:02:14 avail=131GB rss=[ 0.0 0.0 52.1 ]
23:03:14 avail=131GB rss=[ 0.0 0.0 52.1 ]
23:04:14 avail=131GB rss=[ 0.0 0.0 52.1 ]
23:05:14 avail=131GB rss=[ 0.0 0.0 52.1 ]
23:06:14 avail=131GB rss=[ 0.0 0.0 52.1 ]
23:07:14 avail=131GB rss=[ 0.0 0.0 52.1 ]
23:08:14 avail=131GB rss=[ 0.0 0.0 52.1 ]
23:09:14 avail=131GB rss=[ 0.0 0.0 52.1 ]
23:10:14 avail=131GB rss=[ 0.0 0.0 52.1 ]
23:11:14 avail=131GB rss=[ 0.0 0.0 52.1 ]
23:12:14 avail=131GB rss=[ 0.0 0.0 52.1 ]
23:13:15 avail=131GB rss=[ 0.0 0.0 52.1 ]
23:14:15 avail=131GB rss=[ 0.0 0.0 52.1 ]
23:15:15 avail=131GB rss=[ 0.0 0.0 52.1 ]
23:16:15 avail=131GB rss=[ 0.0 0.0 52.1 ]
23:17:15 avail=131GB rss=[ 0.0 0.0 52.1 ]
23:18:15 avail=131GB rss=[ 0.0 0.0 52.2 ]
23:19:15 avail=131GB rss=[ 0.0 0.0 52.2 ]
23:20:15 avail=131GB rss=[ 0.0 0.0 52.2 ]
23:21:15 avail=131GB rss=[ 0.0 0.0 52.2 ]
23:22:15 avail=131GB rss=[ 0.0 0.0 52.2 ]
23:23:15 avail=131GB rss=[ 0.0 0.0 52.2 ]
23:24:15 avail=131GB rss=[ 0.0 0.0 52.2 ]
23:25:15 avail=131GB rss=[ 0.0 0.0 52.2 ]
23:26:15 avail=131GB rss=[ 0.0 0.0 52.2 ]
23:27:16 avail=131GB rss=[ 0.0 0.0 52.2 ]
23:28:16 avail=131GB rss=[ 0.0 0.0 52.2 ]
23:29:16 avail=131GB rss=[ 0.0 0.0 52.2 ]
23:30:16 avail=131GB rss=[ 0.0 0.0 52.2 ]
23:31:16 avail=131GB rss=[ 0.0 0.0 52.2 ]
23:32:16 avail=131GB rss=[ 0.0 0.0 52.2 ]
23:33:16 avail=131GB rss=[ 0.0 0.0 52.2 ]
23:34:16 avail=131GB rss=[ 0.0 0.0 52.2 ]
23:35:16 avail=131GB rss=[ 0.0 0.0 52.2 ]
23:36:16 avail=131GB rss=[ 0.0 0.0 52.2 ]
23:37:16 avail=131GB rss=[ 0.0 0.0 52.2 ]
23:38:16 avail=131GB rss=[ 0.0 0.0 52.2 ]
23:39:16 avail=131GB rss=[ 0.0 0.0 52.2 ]
23:40:16 avail=131GB rss=[ 0.0 0.0 52.2 ]
23:41:16 avail=131GB rss=[ 0.0 0.0 52.2 ]
23:42:17 avail=131GB rss=[ 0.0 0.0 52.2 ]
23:43:17 avail=131GB rss=[ 0.0 0.0 52.2 ]
23:44:17 avail=131GB rss=[ 0.0 0.0 52.2 ]
23:45:17 avail=131GB rss=[ 0.0 0.0 52.2 ]
23:46:17 avail=131GB rss=[ 0.0 0.0 52.2 ]
23:47:17 avail=131GB rss=[ 0.0 0.0 52.2 ]
23:48:17 avail=131GB rss=[ 0.0 0.0 52.2 ]
23:49:17 avail=131GB rss=[ 0.0 0.0 52.2 ]
23:50:17 avail=131GB rss=[ 0.0 0.0 52.2 ]
23:51:17 avail=131GB rss=[ 0.0 0.0 52.2 ]
23:52:17 avail=131GB rss=[ 0.0 0.0 52.2 ]
23:53:17 avail=131GB rss=[ 0.0 0.0 52.2 ]
23:54:17 avail=131GB rss=[ 0.0 0.0 52.2 ]
23:55:17 avail=131GB rss=[ 0.0 0.0 52.2 ]
23:56:17 avail=131GB rss=[ 0.0 0.0 52.2 ]
23:57:18 avail=131GB rss=[ 0.0 0.0 52.2 ]
23:58:18 avail=131GB rss=[ 0.0 0.0 52.2 ]
23:59:18 avail=131GB rss=[ 0.0 0.0 52.2 ]
00:00:18 avail=131GB rss=[ 0.0 0.0 52.2 ]
00:01:18 avail=131GB rss=[ 0.0 0.0 52.2 ]
00:02:18 avail=131GB rss=[ 0.0 0.0 52.2 ]
00:03:18 avail=131GB rss=[ 0.0 0.0 52.2 ]
00:04:18 avail=131GB rss=[ 0.0 0.0 52.2 ]
00:05:18 avail=131GB rss=[ 0.0 0.0 52.2 ]
00:06:18 avail=131GB rss=[ 0.0 0.0 52.2 ]
00:07:18 avail=131GB rss=[ 0.0 0.0 52.2 ]
00:08:18 avail=131GB rss=[ 0.0 0.0 52.2 ]
00:09:18 avail=131GB rss=[ 0.0 0.0 52.2 ]
00:10:18 avail=131GB rss=[ 0.0 0.0 52.2 ]
00:11:19 avail=131GB rss=[ 0.0 0.0 52.2 ]
00:12:19 avail=131GB rss=[ 0.0 0.0 52.2 ]
00:13:19 avail=131GB rss=[ 0.0 0.0 52.2 ]
00:14:19 avail=131GB rss=[ 0.0 0.0 52.2 ]
00:15:19 avail=131GB rss=[ 0.0 0.0 52.2 ]
00:16:19 avail=131GB rss=[ 0.0 0.0 52.2 ]
00:17:19 avail=131GB rss=[ 0.0 0.0 52.2 ]
00:18:19 avail=131GB rss=[ 0.0 0.0 52.2 ]
00:19:19 avail=131GB rss=[ 0.0 0.0 52.2 ]
00:20:19 avail=131GB rss=[ 0.0 0.0 52.2 ]
00:21:19 avail=131GB rss=[ 0.0 0.0 52.2 ]
00:22:19 avail=131GB rss=[ 0.0 0.0 52.2 ]
00:23:19 avail=131GB rss=[ 0.0 0.0 52.2 ]
00:24:19 avail=131GB rss=[ 0.0 0.0 52.2 ]
00:25:20 avail=131GB rss=[ 0.0 0.0 52.2 ]
00:26:20 avail=131GB rss=[ 0.0 0.0 52.2 ]
00:27:20 avail=131GB rss=[ 0.0 0.0 52.2 ]
00:28:20 avail=131GB rss=[ 0.0 0.0 52.2 ]
00:29:20 avail=131GB rss=[ 0.0 0.0 52.2 ]
00:30:20 avail=131GB rss=[ 0.0 0.0 52.2 ]
00:31:20 avail=131GB rss=[ 0.0 0.0 52.2 ]
00:32:20 avail=131GB rss=[ 0.0 0.0 52.2 ]
00:33:20 avail=131GB rss=[ 0.0 0.0 52.2 ]
00:34:20 avail=131GB rss=[ 0.0 0.0 52.2 ]
00:35:20 avail=131GB rss=[ 0.0 0.0 52.2 ]
00:36:20 avail=131GB rss=[ 0.0 0.0 52.2 ]
00:37:20 avail=131GB rss=[ 0.0 0.0 52.2 ]
00:38:20 avail=131GB rss=[ 0.0 0.0 52.2 ]
00:39:21 avail=131GB rss=[ 0.0 0.0 52.2 ]
00:40:21 avail=131GB rss=[ 0.0 0.0 52.2 ]
00:41:21 avail=131GB rss=[ 0.0 0.0 52.2 ]
00:42:21 avail=131GB rss=[ 0.0 0.0 52.2 ]
00:43:21 avail=131GB rss=[ 0.0 0.0 52.2 ]
00:44:21 avail=131GB rss=[ 0.0 0.0 52.2 ]
00:45:21 avail=131GB rss=[ 0.0 0.0 52.2 ]
00:46:21 avail=131GB rss=[ 0.0 0.0 52.2 ]
00:47:21 avail=131GB rss=[ 0.0 0.0 52.2 ]
00:48:21 avail=131GB rss=[ 0.0 0.0 52.2 ]
00:49:21 avail=131GB rss=[ 0.0 0.0 52.2 ]
00:50:21 avail=131GB rss=[ 0.0 0.0 52.2 ]
00:51:21 avail=131GB rss=[ 0.0 0.0 52.2 ]
00:52:21 avail=131GB rss=[ 0.0 0.0 52.2 ]
00:53:21 avail=131GB rss=[ 0.0 0.0 52.2 ]
00:54:22 avail=131GB rss=[ 0.0 0.0 52.2 ]
00:55:22 avail=131GB rss=[ 0.0 0.0 52.2 ]
00:56:22 avail=131GB rss=[ 0.0 0.0 52.2 ]
00:57:22 avail=131GB rss=[ 0.0 0.0 52.2 ]
00:58:22 avail=131GB rss=[ 0.0 0.0 52.2 ]
00:59:22 avail=131GB rss=[ 0.0 0.0 52.2 ]
01:00:22 avail=131GB rss=[ 0.0 0.0 52.2 ]
01:01:22 avail=131GB rss=[ 0.0 0.0 52.2 ]
01:02:22 avail=131GB rss=[ 0.0 0.0 52.2 ]
01:03:22 avail=130GB rss=[ 0.0 0.0 52.2 ]
01:04:22 avail=130GB rss=[ 0.0 0.0 52.2 ]
01:05:22 avail=130GB rss=[ 0.0 0.0 52.2 ]
01:06:22 avail=130GB rss=[ 0.0 0.0 52.2 ]
01:07:22 avail=130GB rss=[ 0.0 0.0 52.2 ]
01:08:23 avail=130GB rss=[ 0.0 0.0 52.2 ]
01:09:23 avail=130GB rss=[ 0.0 0.0 52.2 ]
01:10:23 avail=130GB rss=[ 0.0 0.0 52.2 ]
01:11:23 avail=130GB rss=[ 0.0 0.0 52.2 ]
01:12:23 avail=130GB rss=[ 0.0 0.0 52.2 ]
01:13:23 avail=130GB rss=[ 0.0 0.0 52.2 ]
01:14:23 avail=130GB rss=[ 0.0 0.0 52.2 ]
01:15:23 avail=130GB rss=[ 0.0 0.0 52.2 ]
01:16:23 avail=130GB rss=[ 0.0 0.0 52.2 ]
01:17:23 avail=130GB rss=[ 0.0 0.0 52.2 ]
01:18:23 avail=130GB rss=[ 0.0 0.0 52.2 ]
01:19:23 avail=131GB rss=[ 0.0 0.0 52.2 ]
01:20:23 avail=131GB rss=[ 0.0 0.0 52.2 ]
01:21:23 avail=130GB rss=[ 0.0 0.0 52.2 ]
01:22:24 avail=130GB rss=[ 0.0 0.0 52.2 ]
01:23:24 avail=131GB rss=[ 0.0 0.0 52.2 ]
01:24:24 avail=131GB rss=[ 0.0 0.0 52.2 ]
01:25:24 avail=131GB rss=[ 0.0 0.0 52.2 ]
01:26:24 avail=131GB rss=[ 0.0 0.0 52.2 ]
01:27:24 avail=131GB rss=[ 0.0 0.0 52.2 ]
01:28:24 avail=131GB rss=[ 0.0 0.0 52.2 ]
01:29:24 avail=130GB rss=[ 0.0 0.0 52.2 ]
01:30:24 avail=131GB rss=[ 0.0 0.0 52.2 ]
01:31:24 avail=131GB rss=[ 0.0 0.0 52.2 ]
01:32:24 avail=131GB rss=[ 0.0 0.0 52.2 ]
01:33:24 avail=131GB rss=[ 0.0 0.0 52.2 ]
01:34:24 avail=131GB rss=[ 0.0 0.0 52.2 ]
01:35:24 avail=131GB rss=[ 0.0 0.0 52.2 ]
01:36:24 avail=131GB rss=[ 0.0 0.0 52.2 ]
01:37:25 avail=131GB rss=[ 0.0 0.0 52.2 ]
01:38:25 avail=130GB rss=[ 0.0 0.0 52.2 ]
01:39:25 avail=130GB rss=[ 0.0 0.0 52.2 ]
01:40:25 avail=130GB rss=[ 0.0 0.0 52.3 ]
01:41:25 avail=130GB rss=[ 0.0 0.0 52.3 ]
01:42:25 avail=130GB rss=[ 0.0 0.0 52.3 ]
01:43:25 avail=130GB rss=[ 0.0 0.0 52.3 ]
01:44:25 avail=130GB rss=[ 0.0 0.0 52.3 ]
01:45:25 avail=130GB rss=[ 0.0 0.0 52.3 ]
01:46:25 avail=130GB rss=[ 0.0 0.0 52.3 ]
01:47:25 avail=130GB rss=[ 0.0 0.0 52.3 ]
01:48:25 avail=130GB rss=[ 0.0 0.0 52.3 ]
01:49:25 avail=130GB rss=[ 0.0 0.0 52.3 ]
01:50:25 avail=130GB rss=[ 0.0 0.0 52.3 ]
01:51:25 avail=130GB rss=[ 0.0 0.0 52.3 ]
01:52:26 avail=130GB rss=[ 0.0 0.0 52.3 ]
01:53:26 avail=130GB rss=[ 0.0 0.0 52.3 ]
01:54:26 avail=130GB rss=[ 0.0 0.0 52.3 ]
01:55:26 avail=130GB rss=[ 0.0 0.0 52.3 ]
01:56:26 avail=130GB rss=[ 0.0 0.0 52.3 ]
01:57:26 avail=130GB rss=[ 0.0 0.0 52.3 ]
01:58:26 avail=130GB rss=[ 0.0 0.0 52.3 ]
01:59:26 avail=130GB rss=[ 0.0 0.0 52.3 ]
02:00:26 avail=130GB rss=[ 0.0 0.0 52.3 ]
02:01:26 avail=130GB rss=[ 0.0 0.0 52.3 ]
02:02:26 avail=130GB rss=[ 0.0 0.0 52.3 ]
02:03:26 avail=130GB rss=[ 0.0 0.0 52.3 ]
02:04:26 avail=130GB rss=[ 0.0 0.0 52.3 ]
02:05:26 avail=130GB rss=[ 0.0 0.0 52.3 ]
02:06:27 avail=130GB rss=[ 0.0 0.0 52.3 ]
02:07:27 avail=130GB rss=[ 0.0 0.0 52.3 ]
02:08:27 avail=130GB rss=[ 0.0 0.0 52.3 ]
02:09:27 avail=130GB rss=[ 0.0 0.0 52.3 ]
02:10:27 avail=130GB rss=[ 0.0 0.0 52.3 ]
02:11:27 avail=130GB rss=[ 0.0 0.0 52.3 ]
02:12:27 avail=130GB rss=[ 0.0 0.0 52.3 ]
02:13:27 avail=130GB rss=[ 0.0 0.0 52.3 ]
02:14:27 avail=130GB rss=[ 0.0 0.0 52.3 ]
02:15:27 avail=130GB rss=[ 0.0 0.0 52.3 ]
02:16:27 avail=131GB rss=[ 0.0 0.0 52.3 ]
02:17:27 avail=131GB rss=[ 0.0 0.0 52.3 ]
02:18:27 avail=131GB rss=[ 0.0 0.0 52.3 ]
02:19:27 avail=131GB rss=[ 0.0 0.0 52.3 ]
02:20:27 avail=131GB rss=[ 0.0 0.0 52.3 ]
02:21:28 avail=130GB rss=[ 0.0 0.0 52.3 ]
02:22:28 avail=130GB rss=[ 0.0 0.0 52.3 ]
02:23:28 avail=130GB rss=[ 0.0 0.0 52.3 ]
02:24:28 avail=130GB rss=[ 0.0 0.0 52.3 ]
02:25:28 avail=130GB rss=[ 0.0 0.0 52.3 ]
02:26:28 avail=130GB rss=[ 0.0 0.0 52.3 ]
02:27:28 avail=130GB rss=[ 0.0 0.0 52.3 ]
02:28:28 avail=130GB rss=[ 0.0 0.0 52.3 ]
02:29:28 avail=130GB rss=[ 0.0 0.0 52.3 ]
02:30:28 avail=130GB rss=[ 0.0 0.0 52.3 ]
02:31:28 avail=130GB rss=[ 0.0 0.0 52.3 ]
02:32:28 avail=130GB rss=[ 0.0 0.0 52.3 ]
02:33:28 avail=130GB rss=[ 0.0 0.0 52.3 ]
02:34:28 avail=130GB rss=[ 0.0 0.0 52.3 ]
02:35:29 avail=130GB rss=[ 0.0 0.0 52.3 ]
02:36:29 avail=130GB rss=[ 0.0 0.0 52.3 ]
02:37:29 avail=130GB rss=[ 0.0 0.0 52.3 ]
02:38:29 avail=130GB rss=[ 0.0 0.0 52.3 ]
02:39:29 avail=130GB rss=[ 0.0 0.0 52.3 ]
02:40:29 avail=130GB rss=[ 0.0 0.0 52.3 ]
02:41:29 avail=130GB rss=[ 0.0 0.0 52.3 ]
02:42:29 avail=130GB rss=[ 0.0 0.0 52.3 ]
02:43:29 avail=130GB rss=[ 0.0 0.0 52.3 ]
02:44:29 avail=130GB rss=[ 0.0 0.0 52.3 ]
02:45:29 avail=131GB rss=[ 0.0 0.0 52.3 ]
02:46:29 avail=130GB rss=[ 0.0 0.0 52.3 ]
02:47:29 avail=130GB rss=[ 0.0 0.0 52.3 ]
02:48:29 avail=130GB rss=[ 0.0 0.0 52.3 ]
02:49:30 avail=130GB rss=[ 0.0 0.0 52.3 ]
02:50:30 avail=130GB rss=[ 0.0 0.0 52.3 ]
02:51:30 avail=130GB rss=[ 0.0 0.0 52.3 ]
02:52:30 avail=130GB rss=[ 0.0 0.0 52.3 ]
02:53:30 avail=130GB rss=[ 0.0 0.0 52.3 ]
02:54:30 avail=130GB rss=[ 0.0 0.0 52.3 ]
02:55:30 avail=130GB rss=[ 0.0 0.0 52.3 ]
02:56:30 avail=130GB rss=[ 0.0 0.0 52.3 ]
02:57:30 avail=130GB rss=[ 0.0 0.0 52.3 ]
02:58:30 avail=130GB rss=[ 0.0 0.0 52.3 ]
02:59:30 avail=130GB rss=[ 0.0 0.0 52.3 ]
03:00:30 avail=130GB rss=[ 0.0 0.0 52.3 ]
03:01:30 avail=130GB rss=[ 0.0 0.0 52.3 ]
03:02:30 avail=130GB rss=[ 0.0 0.0 52.3 ]
03:03:30 avail=130GB rss=[ 0.0 0.0 52.3 ]
03:04:31 avail=130GB rss=[ 0.0 0.0 52.3 ]
03:05:31 avail=130GB rss=[ 0.0 0.0 52.3 ]
03:06:31 avail=130GB rss=[ 0.0 0.0 52.3 ]
03:07:31 avail=130GB rss=[ 0.0 0.0 52.3 ]
03:08:31 avail=130GB rss=[ 0.0 0.0 52.3 ]
03:09:31 avail=130GB rss=[ 0.0 0.0 52.3 ]
03:10:31 avail=130GB rss=[ 0.0 0.0 52.3 ]
03:11:31 avail=130GB rss=[ 0.0 0.0 52.3 ]
03:12:31 avail=130GB rss=[ 0.0 0.0 52.3 ]
03:13:31 avail=130GB rss=[ 0.0 0.0 52.3 ]
03:14:31 avail=130GB rss=[ 0.0 0.0 52.3 ]
03:15:31 avail=130GB rss=[ 0.0 0.0 52.3 ]
03:16:31 avail=130GB rss=[ 0.0 0.0 52.3 ]
03:17:31 avail=130GB rss=[ 0.0 0.0 52.3 ]
03:18:32 avail=130GB rss=[ 0.0 0.0 52.3 ]
03:19:32 avail=130GB rss=[ 0.0 0.0 52.3 ]
03:20:32 avail=130GB rss=[ 0.0 0.0 52.3 ]
03:21:32 avail=130GB rss=[ 0.0 0.0 52.3 ]
03:22:32 avail=130GB rss=[ 0.0 0.0 52.3 ]
03:23:32 avail=130GB rss=[ 0.0 0.0 52.3 ]
03:24:32 avail=130GB rss=[ 0.0 0.0 52.3 ]
03:25:32 avail=182GB rss=[ 0.0 0.6 ]
03:26:32 avail=178GB rss=[ 0.0 4.3 ]
03:27:32 avail=176GB rss=[ 0.0 6.4 ]
03:28:32 avail=176GB rss=[ 0.0 6.8 ]
03:29:32 avail=171GB rss=[ 0.0 11.3 ]
03:30:32 avail=167GB rss=[ 0.0 16.2 ]
03:31:32 avail=164GB rss=[ 0.0 19.0 ]
03:32:33 avail=159GB rss=[ 0.0 24.1 ]
03:33:33 avail=155GB rss=[ 0.0 27.7 ]
03:34:33 avail=144GB rss=[ 0.0 38.9 ]
03:35:33 avail=140GB rss=[ 0.0 42.9 ]
03:36:33 avail=140GB rss=[ 0.0 40.0 ]
03:37:33 avail=141GB rss=[ 0.0 39.5 ]
03:38:33 avail=137GB rss=[ 0.0 43.6 ]
03:39:33 avail=129GB rss=[ 0.0 52.2 ]
03:40:33 avail=130GB rss=[ 0.0 52.6 ]
03:41:33 avail=130GB rss=[ 0.0 52.9 ]
03:42:33 avail=130GB rss=[ 0.0 53.0 ]
03:43:33 avail=130GB rss=[ 0.0 53.1 ]
03:44:33 avail=130GB rss=[ 0.0 53.2 ]
03:45:34 avail=130GB rss=[ 0.0 53.2 ]
03:46:34 avail=129GB rss=[ 0.0 53.2 ]
03:47:34 avail=131GB rss=[ 0.0 51.3 ]
03:48:34 avail=131GB rss=[ 0.0 51.5 ]
03:49:34 avail=131GB rss=[ 0.0 51.5 ]
03:50:34 avail=131GB rss=[ 0.0 51.5 ]
03:51:34 avail=131GB rss=[ 0.0 51.5 ]
03:52:34 avail=131GB rss=[ 0.0 51.5 ]
03:53:34 avail=131GB rss=[ 0.0 51.7 ]
03:54:34 avail=131GB rss=[ 0.0 51.8 ]
03:55:34 avail=131GB rss=[ 0.0 51.8 ]
03:56:34 avail=131GB rss=[ 0.0 51.8 ]
03:57:34 avail=131GB rss=[ 0.0 51.8 ]
03:58:34 avail=131GB rss=[ 0.0 51.8 ]
03:59:35 avail=131GB rss=[ 0.0 51.8 ]
04:00:35 avail=131GB rss=[ 0.0 51.8 ]
04:01:35 avail=131GB rss=[ 0.0 51.8 ]
04:02:35 avail=131GB rss=[ 0.0 51.8 ]
04:03:35 avail=131GB rss=[ 0.0 51.9 ]
04:04:35 avail=135GB rss=[ 0.0 47.1 0.0 0.6 ]
04:05:35 avail=127GB rss=[ 0.0 53.4 0.0 3.1 ]
04:06:35 avail=123GB rss=[ 0.0 54.1 0.0 5.7 ]
04:07:35 avail=123GB rss=[ 0.0 54.1 0.0 5.8 ]
04:08:35 avail=119GB rss=[ 0.0 54.1 0.0 9.0 0.0 0.0 0.0 1.0 ]
04:09:35 avail=114GB rss=[ 0.0 54.1 0.0 14.9 0.0 0.0 0.0 0.6 ]
04:10:35 avail=112GB rss=[ 0.0 54.1 0.0 16.6 ]
04:11:35 avail=110GB rss=[ 0.0 54.1 0.0 18.7 ]
04:12:35 avail=116GB rss=[ 0.0 48.6 0.0 17.7 0.0 1.0 ]
04:13:36 avail=110GB rss=[ 0.0 45.9 0.0 21.6 0.0 4.9 ]
04:14:36 avail=107GB rss=[ 0.0 46.5 0.0 23.5 0.0 5.9 ]
04:15:36 avail=102GB rss=[ 0.0 46.8 0.0 27.9 0.0 6.1 ]
04:16:36 avail=89GB rss=[ 0.0 46.8 0.0 35.4 0.0 12.0 ]
04:17:36 avail=81GB rss=[ 0.0 46.8 0.0 40.3 0.0 15.4 ]
04:18:36 avail=76GB rss=[ 0.0 46.8 0.0 35.2 0.0 19.2 ]
04:19:36 avail=80GB rss=[ 0.0 46.9 0.0 34.9 0.0 21.1 ]
04:20:36 avail=83GB rss=[ 0.0 46.9 0.0 35.0 0.0 18.3 ]
04:21:36 avail=88GB rss=[ 0.0 46.9 0.0 29.9 0.0 18.3 ]
04:22:36 avail=81GB rss=[ 0.0 46.9 0.0 33.4 0.0 21.2 0.0 1.0 ]
04:23:36 avail=107GB rss=[ 0.0 46.9 0.0 23.8 0.0 5.1 ]
04:24:36 avail=101GB rss=[ 0.0 46.9 0.0 28.9 0.0 6.1 ]
04:25:36 avail=92GB rss=[ 0.0 46.9 0.0 37.7 0.0 6.3 ]
04:26:37 avail=85GB rss=[ 0.0 46.9 0.0 41.8 0.0 8.7 ]
04:27:37 avail=82GB rss=[ 0.0 46.9 0.0 35.4 0.0 15.8 ]
04:28:37 avail=74GB rss=[ 0.0 46.9 0.0 43.2 0.0 18.0 ]
04:29:37 avail=72GB rss=[ 0.0 46.9 0.0 45.5 0.0 17.1 ]
04:30:37 avail=135GB rss=[ 0.0 46.9 0.0 0.8 ]
04:31:37 avail=131GB rss=[ 0.0 46.9 0.0 4.7 ]
04:32:37 avail=130GB rss=[ 0.0 46.9 0.0 5.6 ]
04:33:37 avail=128GB rss=[ 0.0 46.9 0.0 7.3 ]
04:34:37 avail=122GB rss=[ 0.0 46.9 0.0 14.0 ]
04:35:37 avail=120GB rss=[ 0.0 46.9 0.0 16.1 ]
04:36:37 avail=115GB rss=[ 0.0 46.9 0.0 20.4 ]
04:37:37 avail=118GB rss=[ 0.0 46.9 0.0 18.1 ]
04:38:37 avail=117GB rss=[ 0.0 46.9 0.0 18.9 ]
04:39:38 avail=114GB rss=[ 0.0 46.9 0.0 21.6 ]
04:40:38 avail=108GB rss=[ 0.0 47.0 0.0 27.6 0.0 0.8 ]
04:41:38 avail=95GB rss=[ 0.0 47.0 0.0 36.4 0.0 4.6 ]
04:42:38 avail=79GB rss=[ 0.0 47.0 0.0 51.1 0.0 6.3 ]
04:43:38 avail=88GB rss=[ 0.0 47.0 0.0 35.8 0.0 6.9 ]
04:44:38 avail=87GB rss=[ 0.0 47.0 0.0 35.9 0.0 12.1 ]
04:45:38 avail=85GB rss=[ 0.0 47.0 0.0 36.1 0.0 15.4 ]
04:46:38 avail=82GB rss=[ 0.0 47.0 0.0 33.6 0.0 20.7 ]
04:47:38 avail=85GB rss=[ 0.0 47.0 0.0 32.3 0.0 19.2 ]
04:48:38 avail=116GB rss=[ 0.0 47.0 0.0 19.9 ]
04:49:38 avail=163GB rss=[ 0.0 18.7 ]
04:50:38 avail=158GB rss=[ 0.0 23.7 0.0 0.9 ]
04:51:38 avail=151GB rss=[ 0.0 27.5 0.0 4.4 ]
04:52:39 avail=137GB rss=[ 0.0 40.2 0.0 5.7 ]
04:53:39 avail=136GB rss=[ 0.0 39.7 0.0 7.6 ]
04:54:39 avail=117GB rss=[ 0.0 49.0 0.0 14.4 ]
04:55:39 avail=124GB rss=[ 0.0 40.7 0.0 17.5 ]
04:56:39 avail=117GB rss=[ 0.0 46.2 0.0 18.9 ]
04:57:39 avail=108GB rss=[ 0.0 56.6 0.0 18.3 ]
04:58:39 avail=106GB rss=[ 0.0 57.0 0.0 20.0 ]
04:59:39 avail=98GB rss=[ 0.0 57.2 0.0 28.0 ]
05:00:39 avail=89GB rss=[ 0.0 57.4 0.0 36.4 0.0 0.8 ]
05:01:39 avail=81GB rss=[ 0.0 57.5 0.0 40.0 0.0 4.0 ]
05:02:39 avail=73GB rss=[ 0.0 57.6 0.0 41.7 0.0 6.3 ]
05:03:39 avail=77GB rss=[ 0.0 57.6 0.0 39.4 0.0 6.9 ]
05:04:39 avail=77GB rss=[ 0.0 57.7 0.0 39.5 0.0 9.0 ]
05:05:39 avail=72GB rss=[ 0.0 57.7 0.0 39.6 0.0 13.8 ]
05:06:40 avail=75GB rss=[ 0.0 57.7 0.0 34.4 0.0 16.4 ]
05:07:40 avail=72GB rss=[ 0.0 57.7 0.0 35.2 0.0 18.6 ]
05:08:40 avail=67GB rss=[ 0.0 57.7 0.0 35.8 0.0 22.4 ]
05:09:40 avail=97GB rss=[ 0.0 57.8 0.0 0.0 19.6 ]
05:10:40 avail=106GB rss=[ 0.0 57.8 0.0 18.4 ]
05:11:40 avail=102GB rss=[ 0.0 57.8 0.0 23.0 ]
05:12:40 avail=99GB rss=[ 0.0 57.8 0.0 26.3 ]
05:13:40 avail=92GB rss=[ 0.0 57.8 0.0 32.4 ]
05:14:40 avail=85GB rss=[ 0.0 57.8 0.0 40.1 ]
05:15:40 avail=85GB rss=[ 0.0 57.8 0.0 40.3 ]
05:16:40 avail=84GB rss=[ 0.0 57.8 0.0 40.0 ]
05:17:40 avail=81GB rss=[ 0.0 57.8 0.0 44.0 ]
05:18:40 avail=78GB rss=[ 0.0 57.8 0.0 46.7 ]
05:19:41 avail=68GB rss=[ 0.0 57.8 0.0 56.9 ]
05:20:41 avail=68GB rss=[ 0.0 57.8 0.0 57.3 ]
05:21:41 avail=68GB rss=[ 0.0 57.8 0.0 57.6 ]
05:22:41 avail=67GB rss=[ 0.0 57.8 0.0 57.7 ]
05:23:41 avail=67GB rss=[ 0.0 57.8 0.0 57.8 ]
05:24:41 avail=67GB rss=[ 0.0 57.8 0.0 57.9 ]
05:25:41 avail=67GB rss=[ 0.0 57.8 0.0 57.9 ]
05:26:41 avail=67GB rss=[ 0.0 57.8 0.0 58.0 ]
05:27:41 avail=67GB rss=[ 0.0 57.8 0.0 58.0 ]
05:28:41 avail=67GB rss=[ 0.0 57.8 0.0 58.0 ]
05:29:41 avail=67GB rss=[ 0.0 57.8 0.0 58.1 ]
05:30:41 avail=67GB rss=[ 0.0 57.8 0.0 58.1 ]
05:31:41 avail=67GB rss=[ 0.0 57.8 0.0 58.1 ]
05:32:42 avail=67GB rss=[ 0.0 57.8 0.0 58.1 ]
05:33:42 avail=67GB rss=[ 0.0 57.8 0.0 58.1 ]
05:34:42 avail=67GB rss=[ 0.0 57.8 0.0 58.1 ]
05:35:42 avail=67GB rss=[ 0.0 57.8 0.0 58.1 ]
05:36:42 avail=67GB rss=[ 0.0 57.8 0.0 58.1 ]
05:37:42 avail=67GB rss=[ 0.0 57.8 0.0 58.1 ]
05:38:42 avail=67GB rss=[ 0.0 57.8 0.0 58.1 ]
05:39:42 avail=67GB rss=[ 0.0 57.8 0.0 58.1 ]
05:40:42 avail=70GB rss=[ 0.0 54.5 0.0 58.1 ]
05:41:42 avail=69GB rss=[ 0.0 54.7 0.0 58.1 ]
05:42:42 avail=69GB rss=[ 0.0 55.1 0.0 58.1 ]
05:43:42 avail=69GB rss=[ 0.0 55.2 0.0 58.2 ]
05:44:42 avail=69GB rss=[ 0.0 55.2 0.0 58.2 ]
05:45:43 avail=69GB rss=[ 0.0 55.3 0.0 58.2 ]
05:46:43 avail=69GB rss=[ 0.0 55.4 0.0 58.2 ]
05:47:43 avail=69GB rss=[ 0.0 55.4 0.0 58.2 ]
05:48:43 avail=69GB rss=[ 0.0 55.4 0.0 58.2 ]
05:49:43 avail=69GB rss=[ 0.0 55.4 0.0 58.2 ]
05:50:43 avail=69GB rss=[ 0.0 55.4 0.0 58.2 ]
05:51:43 avail=68GB rss=[ 0.0 55.4 0.0 58.2 ]
05:52:43 avail=69GB rss=[ 0.0 55.4 0.0 58.2 ]
05:53:43 avail=69GB rss=[ 0.0 55.4 0.0 58.2 ]
05:54:43 avail=68GB rss=[ 0.0 55.4 0.0 58.2 ]
05:55:43 avail=69GB rss=[ 0.0 55.4 0.0 58.2 ]
05:56:43 avail=69GB rss=[ 0.0 55.4 0.0 58.2 ]
05:57:43 avail=69GB rss=[ 0.0 55.4 0.0 58.2 ]
05:58:43 avail=69GB rss=[ 0.0 55.4 0.0 58.2 ]
05:59:44 avail=69GB rss=[ 0.0 55.4 0.0 58.2 ]
06:00:44 avail=69GB rss=[ 0.0 55.4 0.0 58.2 ]
06:01:44 avail=68GB rss=[ 0.0 55.4 0.0 58.2 1.3 ]
06:02:44 avail=67GB rss=[ 0.0 55.4 0.0 58.2 2.8 ]
06:03:44 avail=68GB rss=[ 0.0 55.4 0.0 58.2 1.4 ]
06:04:44 avail=68GB rss=[ 0.0 55.4 0.0 58.2 1.7 ]
06:05:44 avail=66GB rss=[ 0.0 55.5 0.0 58.2 3.2 ]
06:06:44 avail=66GB rss=[ 0.0 55.5 0.0 58.2 3.3 ]
06:07:44 avail=66GB rss=[ 0.0 55.5 0.0 58.2 3.3 ]
06:08:44 avail=72GB rss=[ 0.0 49.5 0.0 58.2 3.3 ]
06:09:44 avail=70GB rss=[ 0.0 51.2 0.0 58.2 3.3 ]
06:10:44 avail=67GB rss=[ 0.0 55.0 0.0 58.2 3.3 ]
06:11:44 avail=73GB rss=[ 0.0 49.0 0.0 58.2 3.3 ]
06:12:45 avail=63GB rss=[ 0.0 58.8 0.0 58.2 3.3 ]
06:13:45 avail=62GB rss=[ 0.0 59.0 0.0 58.2 3.4 ]
06:14:45 avail=65GB rss=[ 0.0 59.1 0.0 55.0 3.5 ]
06:15:45 avail=65GB rss=[ 0.0 59.1 0.0 55.2 3.5 ]
06:16:45 avail=65GB rss=[ 0.0 59.1 0.0 55.3 3.6 ]
06:17:45 avail=65GB rss=[ 0.0 59.1 0.0 55.3 3.7 ]
06:18:45 avail=62GB rss=[ 0.0 59.1 0.0 55.4 5.8 ]
06:19:45 avail=68GB rss=[ 0.0 59.2 0.0 55.4 ]
06:20:45 avail=67GB rss=[ 0.0 59.2 0.0 55.4 ]
06:21:45 avail=66GB rss=[ 0.0 59.2 0.0 55.8 ]
06:22:45 avail=65GB rss=[ 0.0 59.2 0.0 55.8 ]
06:23:45 avail=180GB rss=[ ]
06:24:45 avail=180GB rss=[ ]
06:25:46 avail=179GB rss=[ ]
06:26:46 avail=179GB rss=[ 0.0 0.8 ]
06:27:46 avail=175GB rss=[ 0.0 4.7 ]
06:28:46 avail=174GB rss=[ 0.0 5.6 ]
06:29:46 avail=172GB rss=[ 0.0 7.6 ]
06:30:46 avail=166GB rss=[ 0.0 14.0 ]
06:31:46 avail=164GB rss=[ 0.0 15.8 ]
06:32:46 avail=163GB rss=[ 0.0 16.8 ]
06:33:46 avail=164GB rss=[ 0.0 16.3 ]
06:34:46 avail=158GB rss=[ 0.0 22.0 ]
06:35:46 avail=151GB rss=[ 0.0 29.1 ]
06:36:46 avail=144GB rss=[ 0.0 35.7 0.0 0.8 ]
06:37:46 avail=137GB rss=[ 0.0 35.8 0.0 4.4 ]
06:38:47 avail=136GB rss=[ 0.0 36.2 0.0 6.3 ]
06:39:47 avail=136GB rss=[ 0.0 36.3 0.0 7.1 ]
06:40:47 avail=134GB rss=[ 0.0 36.4 0.0 9.4 ]
06:41:47 avail=135GB rss=[ 0.0 32.0 0.0 15.2 ]
06:42:47 avail=130GB rss=[ 0.0 33.2 0.0 19.3 ]
06:43:47 avail=133GB rss=[ 0.0 32.3 0.0 17.8 ]
06:44:47 avail=132GB rss=[ 0.0 32.0 0.0 19.1 ]
06:45:47 avail=163GB rss=[ 0.0 19.9 ]
06:46:47 avail=160GB rss=[ 0.0 22.0 0.0 0.8 ]
06:47:47 avail=149GB rss=[ 0.0 28.8 0.0 4.3 ]
06:48:47 avail=140GB rss=[ 0.0 36.9 0.0 5.6 ]
06:49:47 avail=134GB rss=[ 0.0 37.3 0.0 8.5 ]
06:50:47 avail=131GB rss=[ 0.0 37.7 0.0 12.3 ]
06:51:48 avail=119GB rss=[ 0.0 46.8 0.0 16.2 ]
06:52:48 avail=115GB rss=[ 0.0 51.5 0.0 15.9 ]
06:53:48 avail=115GB rss=[ 0.0 51.8 0.0 15.1 ]
06:54:48 avail=110GB rss=[ 0.0 52.0 0.0 20.7 ]
06:55:48 avail=107GB rss=[ 0.0 52.1 0.0 23.3 ]
06:56:48 avail=99GB rss=[ 0.0 52.2 0.0 31.0 0.0 0.8 ]
06:57:48 avail=94GB rss=[ 0.0 52.3 0.0 32.1 0.0 4.1 ]
06:58:48 avail=88GB rss=[ 0.0 52.3 0.0 33.3 0.0 6.2 ]
06:59:48 avail=90GB rss=[ 0.0 52.3 0.0 32.7 0.0 6.8 ]
07:00:48 avail=88GB rss=[ 0.0 52.4 0.0 32.8 0.0 10.1 ]
07:01:48 avail=83GB rss=[ 0.0 52.4 0.0 32.9 0.0 15.3 ]
07:02:48 avail=85GB rss=[ 0.0 52.4 0.0 28.0 0.0 17.3 ]
07:03:48 avail=85GB rss=[ 0.0 52.4 0.0 28.0 0.0 17.8 ]
07:04:48 avail=82GB rss=[ 0.0 52.4 0.0 28.4 0.0 19.7 ]
07:05:49 avail=84GB rss=[ 0.0 52.4 0.0 28.4 0.0 18.3 ]
07:06:49 avail=80GB rss=[ 0.0 52.4 0.0 28.4 0.0 22.3 ]
07:07:49 avail=78GB rss=[ 0.0 52.5 0.0 28.4 0.0 23.5 ]
07:08:49 avail=71GB rss=[ 0.0 52.5 0.0 31.4 0.0 27.9 ]
07:09:49 avail=60GB rss=[ 0.0 52.5 0.0 32.7 0.0 37.3 ]
07:10:49 avail=56GB rss=[ 0.0 52.5 0.0 32.7 0.0 41.4 ]
07:11:49 avail=58GB rss=[ 0.0 52.5 0.0 32.8 0.0 37.8 ]
07:12:49 avail=52GB rss=[ 0.0 52.5 0.0 33.1 0.0 45.3 ]
07:13:49 avail=48GB rss=[ 0.0 52.5 0.0 33.4 0.0 48.9 ]
07:14:49 avail=42GB rss=[ 0.0 52.5 0.0 36.5 0.0 51.9 ]
07:15:49 avail=36GB rss=[ 0.0 52.5 0.0 42.0 0.0 52.1 ]
07:16:49 avail=33GB rss=[ 0.0 52.5 0.0 45.0 0.0 52.2 ]
07:17:50 avail=30GB rss=[ 0.0 52.5 0.0 48.4 0.0 52.4 ]
07:18:50 avail=30GB rss=[ 0.0 52.5 0.0 48.0 0.0 52.4 ]
07:19:50 avail=30GB rss=[ 0.0 52.5 0.0 48.0 0.0 52.5 ]
07:20:50 avail=27GB rss=[ 0.0 52.5 0.0 50.6 0.0 52.5 ]
07:21:50 avail=28GB rss=[ 0.0 52.5 0.0 50.6 0.0 52.6 ]
07:22:50 avail=27GB rss=[ 0.0 52.5 0.0 51.3 0.0 52.6 ]
07:23:50 avail=27GB rss=[ 0.0 52.5 0.0 51.5 0.0 52.6 ]
07:24:50 avail=27GB rss=[ 0.0 52.5 0.0 51.5 0.0 52.6 ]
07:25:50 avail=25GB rss=[ 0.0 52.5 0.0 53.4 0.0 52.6 ]
07:26:50 avail=25GB rss=[ 0.0 52.5 0.0 52.7 0.0 52.7 ]
07:27:50 avail=25GB rss=[ 0.0 52.5 0.0 52.8 0.0 52.7 ]
07:28:51 avail=26GB rss=[ 0.0 52.5 0.0 52.6 0.0 52.7 ]
07:29:51 avail=26GB rss=[ 0.0 52.5 0.0 52.6 0.0 52.7 ]
07:30:51 avail=26GB rss=[ 0.0 52.5 0.0 52.5 0.0 52.7 ]
07:31:51 avail=28GB rss=[ 0.0 50.2 0.0 52.5 0.0 52.7 ]
07:32:51 avail=28GB rss=[ 0.0 50.3 0.0 52.5 0.0 52.7 ]
07:33:51 avail=28GB rss=[ 0.0 50.3 0.0 52.5 0.0 52.8 ]
07:34:51 avail=28GB rss=[ 0.0 50.6 0.0 52.5 0.0 52.8 ]
07:35:51 avail=27GB rss=[ 0.0 50.7 0.0 52.5 0.0 52.8 ]
07:36:51 avail=27GB rss=[ 0.0 50.7 0.0 52.5 0.0 52.8 ]
07:37:51 avail=27GB rss=[ 0.0 50.7 0.0 52.5 0.0 52.8 ]
07:38:51 avail=27GB rss=[ 0.0 50.7 0.0 52.5 0.0 52.8 ]
07:39:51 avail=27GB rss=[ 0.0 50.8 0.0 52.5 0.0 52.8 ]
07:40:51 avail=27GB rss=[ 0.0 50.8 0.0 52.5 0.0 52.8 ]
07:41:52 avail=27GB rss=[ 0.0 50.8 0.0 52.5 0.0 52.8 ]
07:42:52 avail=27GB rss=[ 0.0 50.8 0.0 52.4 0.0 52.8 ]
07:43:52 avail=27GB rss=[ 0.0 50.8 0.0 53.2 0.0 52.8 ]
07:44:52 avail=26GB rss=[ 0.0 50.8 0.0 53.2 0.0 52.8 ]
07:45:52 avail=26GB rss=[ 0.0 50.8 0.0 53.4 0.0 52.8 ]
07:46:52 avail=26GB rss=[ 0.0 50.8 0.0 53.8 0.0 52.8 ]
07:47:52 avail=26GB rss=[ 0.0 50.8 0.0 54.1 0.0 52.8 ]
07:48:52 avail=26GB rss=[ 0.0 50.9 0.0 54.1 0.0 52.8 ]
07:49:52 avail=26GB rss=[ 0.0 50.9 0.0 53.9 0.0 52.8 ]
07:50:52 avail=26GB rss=[ 0.0 50.9 0.0 54.0 0.0 52.8 ]
07:51:52 avail=26GB rss=[ 0.0 50.9 0.0 54.0 0.0 52.8 ]
07:52:52 avail=26GB rss=[ 0.0 50.9 0.0 53.8 0.0 52.8 ]
07:53:52 avail=26GB rss=[ 0.0 50.9 0.0 53.8 0.0 52.8 ]
07:54:53 avail=26GB rss=[ 0.0 50.9 0.0 53.8 0.0 52.8 ]
07:55:53 avail=28GB rss=[ 0.0 50.9 0.0 53.8 0.0 50.4 ]
07:56:53 avail=28GB rss=[ 0.0 50.9 0.0 53.8 0.0 50.8 ]
07:57:53 avail=28GB rss=[ 0.0 50.9 0.0 53.8 0.0 50.8 ]
07:58:53 avail=29GB rss=[ 0.0 50.9 0.0 52.7 0.0 50.8 ]
07:59:53 avail=29GB rss=[ 0.0 50.9 0.0 52.7 0.0 51.1 ]
08:00:53 avail=29GB rss=[ 0.0 50.9 0.0 52.7 0.0 51.2 ]
08:01:53 avail=28GB rss=[ 0.0 50.9 0.0 52.9 0.0 51.2 ]
08:02:53 avail=27GB rss=[ 0.0 50.9 0.0 54.1 0.0 51.2 ]
08:03:53 avail=26GB rss=[ 0.0 50.9 0.0 54.9 0.0 51.2 ]
08:04:53 avail=48GB rss=[ 0.0 50.9 0.0 33.1 0.0 51.2 ]
08:05:53 avail=81GB rss=[ 0.0 50.9 0.0 51.2 ]
08:06:54 avail=81GB rss=[ 0.0 50.9 0.0 51.3 ]
08:07:54 avail=81GB rss=[ 0.0 50.9 0.0 51.3 ]
08:08:54 avail=81GB rss=[ 0.0 51.0 0.0 51.3 ]
08:09:54 avail=86GB rss=[ 0.0 45.8 0.0 51.4 ]
08:10:54 avail=82GB rss=[ 0.0 50.0 0.0 51.4 ]
08:11:54 avail=82GB rss=[ 0.0 50.2 0.0 51.4 ]
08:12:54 avail=81GB rss=[ 0.0 50.5 0.0 51.4 ]
08:13:54 avail=81GB rss=[ 0.0 50.6 0.0 51.4 ]
08:14:54 avail=81GB rss=[ 0.0 50.6 0.0 51.4 ]
08:15:54 avail=81GB rss=[ 0.0 50.7 0.0 51.4 ]
08:16:54 avail=81GB rss=[ 0.0 50.7 0.0 51.4 ]
08:17:54 avail=81GB rss=[ 0.0 50.7 0.0 51.4 ]
08:18:54 avail=81GB rss=[ 0.0 50.7 0.0 51.4 ]
08:19:55 avail=81GB rss=[ 0.0 50.7 0.0 51.4 ]
08:20:55 avail=81GB rss=[ 0.0 50.7 0.0 51.4 ]
08:21:55 avail=81GB rss=[ 0.0 50.7 0.0 51.4 ]
08:22:55 avail=81GB rss=[ 0.0 50.7 0.0 51.4 ]
08:23:55 avail=81GB rss=[ 0.0 50.6 0.0 51.4 ]
08:24:55 avail=80GB rss=[ 0.0 51.8 0.0 51.4 ]
08:25:55 avail=79GB rss=[ 0.0 53.2 0.0 51.4 ]
08:26:55 avail=79GB rss=[ 0.0 53.3 0.0 51.5 ]
08:27:55 avail=78GB rss=[ 0.0 53.3 0.0 51.5 ]
08:28:55 avail=78GB rss=[ 0.0 53.3 0.0 51.5 ]
08:29:55 avail=78GB rss=[ 0.0 53.3 0.0 51.9 ]
08:30:55 avail=78GB rss=[ 0.0 53.3 0.0 51.9 ]
08:31:55 avail=84GB rss=[ 0.0 53.3 0.0 46.3 ]
08:32:56 avail=79GB rss=[ 0.0 53.3 0.0 50.8 ]
08:33:56 avail=79GB rss=[ 0.0 53.3 0.0 50.9 ]
08:34:56 avail=79GB rss=[ 0.0 53.3 0.0 51.1 ]
08:35:56 avail=79GB rss=[ 0.0 53.3 0.0 51.1 ]
08:36:56 avail=79GB rss=[ 0.0 53.3 0.0 51.1 ]
08:37:56 avail=79GB rss=[ 0.0 53.3 0.0 51.1 ]
08:38:56 avail=83GB rss=[ 0.0 53.3 0.0 47.1 ]
08:39:56 avail=77GB rss=[ 0.0 53.3 0.0 53.2 ]
08:40:56 avail=76GB rss=[ 0.0 53.4 0.0 53.7 ]
08:41:56 avail=76GB rss=[ 0.0 53.4 0.0 53.7 ]
08:42:56 avail=76GB rss=[ 0.0 53.4 0.0 53.8 ]
08:43:56 avail=76GB rss=[ 0.0 53.4 0.0 53.8 ]
08:44:56 avail=76GB rss=[ 0.0 53.4 0.0 53.8 ]
08:45:57 avail=76GB rss=[ 0.0 53.4 0.0 53.8 ]
08:46:57 avail=76GB rss=[ 0.0 53.4 0.0 53.8 ]
08:47:57 avail=76GB rss=[ 0.0 53.4 0.0 53.8 ]
08:48:57 avail=76GB rss=[ 0.0 53.4 0.0 53.8 ]
08:49:57 avail=76GB rss=[ 0.0 53.4 0.0 53.8 ]
08:50:57 avail=76GB rss=[ 0.0 53.4 0.0 53.8 ]
08:51:57 avail=76GB rss=[ 0.0 53.4 0.0 53.9 ]
08:52:57 avail=76GB rss=[ 0.0 53.4 0.0 53.9 ]
08:53:57 avail=76GB rss=[ 0.0 53.4 0.0 53.9 ]
08:54:57 avail=84GB rss=[ 0.0 44.8 0.0 53.9 ]
08:55:57 avail=84GB rss=[ 0.0 44.9 0.0 53.9 ]
08:56:57 avail=84GB rss=[ 0.0 44.9 0.0 53.9 ]
08:57:57 avail=84GB rss=[ 0.0 45.3 0.0 53.9 ]
08:58:58 avail=84GB rss=[ 0.0 45.3 0.0 53.9 ]
08:59:58 avail=84GB rss=[ 0.0 45.3 0.0 53.9 ]
09:00:58 avail=84GB rss=[ 0.0 45.3 0.0 53.9 ]
09:01:58 avail=82GB rss=[ 0.0 47.8 0.0 53.9 ]
09:02:58 avail=81GB rss=[ 0.0 48.0 0.0 53.9 ]
09:03:58 avail=83GB rss=[ 0.0 45.8 0.0 53.9 ]
09:04:58 avail=82GB rss=[ 0.0 46.8 0.0 53.9 ]
09:05:58 avail=84GB rss=[ 0.0 45.3 0.0 53.9 ]
09:06:58 avail=91GB rss=[ 0.0 46.0 0.0 46.5 ]
09:07:58 avail=92GB rss=[ 0.0 46.3 0.0 45.3 ]
09:08:58 avail=91GB rss=[ 0.0 46.4 0.0 45.4 ]
09:09:58 avail=91GB rss=[ 0.0 46.4 0.0 45.4 ]
09:10:58 avail=91GB rss=[ 0.0 46.5 0.0 45.3 ]
09:11:58 avail=91GB rss=[ 0.0 46.5 0.0 45.4 ]
09:12:58 avail=91GB rss=[ 0.0 46.5 0.0 45.3 ]
09:13:59 avail=91GB rss=[ 0.0 46.5 0.0 45.4 ]
09:14:59 avail=91GB rss=[ 0.0 46.6 0.0 45.3 ]
09:15:59 avail=91GB rss=[ 0.0 46.6 0.0 45.3 ]
09:16:59 avail=91GB rss=[ 0.0 46.6 0.0 45.8 ]
09:17:59 avail=91GB rss=[ 0.0 46.6 0.0 45.8 ]
09:18:59 avail=91GB rss=[ 0.0 46.6 0.0 45.8 ]
09:19:59 avail=91GB rss=[ 0.0 46.6 0.0 45.8 ]
09:20:59 avail=91GB rss=[ 0.0 46.6 0.0 45.9 ]
09:21:59 avail=88GB rss=[ 0.0 46.6 0.0 48.5 ]
09:22:59 avail=88GB rss=[ 0.0 46.6 0.0 48.5 ]
09:23:59 avail=88GB rss=[ 0.0 46.6 0.0 48.5 ]
09:24:59 avail=88GB rss=[ 0.0 46.6 0.0 48.7 ]
09:25:59 avail=89GB rss=[ 0.0 46.6 0.0 47.4 ]
09:27:00 avail=89GB rss=[ 0.0 46.6 0.0 47.4 ]
09:28:00 avail=89GB rss=[ 0.0 46.6 0.0 47.4 ]
09:29:00 avail=91GB rss=[ 0.0 46.6 0.0 45.9 ]
09:30:00 avail=90GB rss=[ 0.0 46.6 0.0 46.4 ]
09:31:00 avail=90GB rss=[ 0.0 46.6 0.0 46.7 ]
09:32:00 avail=90GB rss=[ 0.0 46.7 0.0 46.7 ]
09:33:00 avail=90GB rss=[ 0.0 46.7 0.0 46.7 ]
09:34:00 avail=90GB rss=[ 0.0 46.7 0.0 46.8 ]
09:35:00 avail=90GB rss=[ 0.0 46.7 0.0 46.8 ]
09:36:00 avail=90GB rss=[ 0.0 46.7 0.0 46.8 ]
09:37:00 avail=90GB rss=[ 0.0 46.7 0.0 46.9 ]
09:38:00 avail=90GB rss=[ 0.0 46.7 0.0 46.9 ]
09:39:00 avail=90GB rss=[ 0.0 46.7 0.0 46.9 ]
09:40:01 avail=90GB rss=[ 0.0 46.7 0.0 46.9 ]
09:41:01 avail=90GB rss=[ 0.0 46.7 0.0 46.9 ]
09:42:01 avail=90GB rss=[ 0.0 46.7 0.0 47.0 ]
09:43:01 avail=90GB rss=[ 0.0 46.7 0.0 47.0 ]
09:44:01 avail=90GB rss=[ 0.0 46.7 0.0 47.0 ]
09:45:01 avail=89GB rss=[ 0.0 46.7 0.0 47.0 ]
09:46:01 avail=89GB rss=[ 0.0 46.7 0.0 47.1 ]
09:47:01 avail=89GB rss=[ 0.0 46.7 0.0 47.1 ]
09:48:01 avail=89GB rss=[ 0.0 46.7 0.0 47.1 ]
09:49:01 avail=89GB rss=[ 0.0 46.7 0.0 47.1 ]
09:50:01 avail=89GB rss=[ 0.0 46.7 0.0 47.1 ]
09:51:01 avail=89GB rss=[ 0.0 46.7 0.0 47.1 ]
09:52:01 avail=89GB rss=[ 0.0 46.7 0.0 47.1 ]
09:53:01 avail=89GB rss=[ 0.0 46.7 0.0 47.1 ]
09:54:02 avail=89GB rss=[ 0.0 46.8 0.0 47.1 ]
09:55:02 avail=89GB rss=[ 0.0 46.8 0.0 47.1 ]
09:56:02 avail=89GB rss=[ 0.0 46.8 0.0 47.1 ]
09:57:02 avail=89GB rss=[ 0.0 46.8 0.0 47.1 ]
09:58:02 avail=89GB rss=[ 0.0 46.8 0.0 47.1 ]
09:59:02 avail=89GB rss=[ 0.0 46.8 0.0 47.1 ]
10:00:02 avail=89GB rss=[ 0.0 46.8 0.0 47.1 ]
10:01:02 avail=89GB rss=[ 0.0 46.8 0.0 47.1 ]
10:02:02 avail=89GB rss=[ 0.0 46.8 0.0 47.1 ]
10:03:02 avail=89GB rss=[ 0.0 46.8 0.0 47.1 ]
10:04:02 avail=89GB rss=[ 0.0 46.8 0.0 47.1 ]
10:05:02 avail=89GB rss=[ 0.0 46.8 0.0 47.1 ]
10:06:02 avail=89GB rss=[ 0.0 46.8 0.0 47.1 ]
10:07:03 avail=89GB rss=[ 0.0 46.8 0.0 47.1 ]
10:08:03 avail=89GB rss=[ 0.0 46.8 0.0 47.1 ]
10:09:03 avail=89GB rss=[ 0.0 46.8 0.0 47.1 ]
10:10:03 avail=89GB rss=[ 0.0 46.8 0.0 47.1 ]
10:11:03 avail=89GB rss=[ 0.0 46.8 0.0 47.1 ]
10:12:03 avail=89GB rss=[ 0.0 46.8 0.0 47.1 ]
10:13:03 avail=89GB rss=[ 0.0 46.8 0.0 47.1 ]
10:14:03 avail=89GB rss=[ 0.0 46.8 0.0 47.1 ]
10:15:03 avail=89GB rss=[ 0.0 46.8 0.0 47.1 ]
10:16:03 avail=89GB rss=[ 0.0 46.8 0.0 47.1 ]
10:17:03 avail=89GB rss=[ 0.0 46.8 0.0 47.1 ]
10:18:03 avail=89GB rss=[ 0.0 46.8 0.0 47.1 ]
10:19:03 avail=89GB rss=[ 0.0 46.8 0.0 47.1 ]
10:20:04 avail=89GB rss=[ 0.0 46.8 0.0 47.2 ]
10:21:04 avail=89GB rss=[ 0.0 46.8 0.0 47.2 ]
10:22:04 avail=89GB rss=[ 0.0 46.8 0.0 47.2 ]
10:23:04 avail=89GB rss=[ 0.0 46.8 0.0 47.2 ]
10:24:04 avail=89GB rss=[ 0.0 46.8 0.0 47.2 ]
10:25:04 avail=89GB rss=[ 0.0 46.8 0.0 47.2 ]
10:26:04 avail=89GB rss=[ 0.0 46.8 0.0 47.2 ]
10:27:04 avail=89GB rss=[ 0.0 46.8 0.0 47.2 ]
10:28:04 avail=89GB rss=[ 0.0 46.8 0.0 47.2 ]
10:29:04 avail=89GB rss=[ 0.0 46.8 0.0 47.2 ]
10:30:04 avail=89GB rss=[ 0.0 46.8 0.0 47.2 ]
10:31:04 avail=89GB rss=[ 0.0 46.8 0.0 47.2 ]
10:32:04 avail=89GB rss=[ 0.0 46.8 0.0 47.2 ]
10:33:05 avail=89GB rss=[ 0.0 46.8 0.0 47.2 ]
10:34:05 avail=89GB rss=[ 0.0 46.8 0.0 47.2 ]
10:35:05 avail=89GB rss=[ 0.0 46.8 0.0 47.2 ]
10:36:05 avail=89GB rss=[ 0.0 46.8 0.0 47.2 ]
10:37:05 avail=89GB rss=[ 0.0 46.8 0.0 47.2 ]
10:38:05 avail=89GB rss=[ 0.0 46.8 0.0 47.2 ]
10:39:05 avail=89GB rss=[ 0.0 46.8 0.0 47.2 ]
10:40:05 avail=89GB rss=[ 0.0 46.8 0.0 47.2 ]
10:41:05 avail=89GB rss=[ 0.0 46.8 0.0 47.2 ]
10:42:05 avail=89GB rss=[ 0.0 46.8 0.0 47.2 ]
10:43:05 avail=89GB rss=[ 0.0 46.8 0.0 47.2 ]
10:44:05 avail=89GB rss=[ 0.0 46.8 0.0 47.2 ]
10:45:05 avail=89GB rss=[ 0.0 46.8 0.0 47.2 ]
10:46:06 avail=89GB rss=[ 0.0 46.8 0.0 47.2 ]
10:47:06 avail=89GB rss=[ 0.0 46.8 0.0 47.2 ]
10:48:06 avail=89GB rss=[ 0.0 46.8 0.0 47.2 ]
10:49:06 avail=89GB rss=[ 0.0 46.8 0.0 47.2 ]
10:50:06 avail=89GB rss=[ 0.0 46.8 0.0 47.2 ]
10:51:06 avail=89GB rss=[ 0.0 46.8 0.0 47.2 ]
10:52:06 avail=89GB rss=[ 0.0 46.8 0.0 47.2 ]
10:53:06 avail=89GB rss=[ 0.0 46.8 0.0 47.2 ]
10:54:06 avail=89GB rss=[ 0.0 46.8 0.0 47.2 ]
10:55:06 avail=89GB rss=[ 0.0 46.8 0.0 47.2 ]
10:56:06 avail=89GB rss=[ 0.0 46.8 0.0 47.2 ]
10:57:06 avail=89GB rss=[ 0.0 46.8 0.0 47.2 ]
10:58:06 avail=89GB rss=[ 0.0 46.8 0.0 47.2 ]
10:59:07 avail=89GB rss=[ 0.0 46.8 0.0 47.2 ]
11:00:07 avail=89GB rss=[ 0.0 46.8 0.0 47.2 ]
11:01:07 avail=89GB rss=[ 0.0 46.8 0.0 47.2 ]
11:02:07 avail=89GB rss=[ 0.0 46.8 0.0 47.2 ]
11:03:07 avail=89GB rss=[ 0.0 46.8 0.0 47.2 ]
11:04:07 avail=89GB rss=[ 0.0 46.8 0.0 47.2 ]
11:05:07 avail=89GB rss=[ 0.0 46.8 0.0 47.2 ]
11:06:07 avail=89GB rss=[ 0.0 46.8 0.0 47.2 ]
11:07:07 avail=89GB rss=[ 0.0 46.8 0.0 47.2 ]
11:08:07 avail=89GB rss=[ 0.0 46.8 0.0 47.2 ]
11:09:07 avail=89GB rss=[ 0.0 46.8 0.0 47.2 ]
11:10:07 avail=89GB rss=[ 0.0 46.8 0.0 47.2 ]
11:11:07 avail=89GB rss=[ 0.0 46.8 0.0 47.2 ]
11:12:08 avail=89GB rss=[ 0.0 46.8 0.0 47.2 ]
11:13:08 avail=89GB rss=[ 0.0 46.8 0.0 47.2 ]
11:14:08 avail=89GB rss=[ 0.0 46.8 0.0 47.2 ]
11:15:08 avail=89GB rss=[ 0.0 46.8 0.0 47.2 ]
11:16:08 avail=89GB rss=[ 0.0 46.8 0.0 47.2 ]
11:17:08 avail=89GB rss=[ 0.0 46.8 0.0 47.2 ]
11:18:08 avail=89GB rss=[ 0.0 46.8 0.0 47.2 ]
11:19:08 avail=89GB rss=[ 0.0 46.8 0.0 47.2 ]
11:20:08 avail=89GB rss=[ 0.0 46.8 0.0 47.2 ]
11:21:08 avail=89GB rss=[ 0.0 46.8 0.0 47.2 ]
11:22:08 avail=89GB rss=[ 0.0 46.8 0.0 47.2 ]
11:23:08 avail=89GB rss=[ 0.0 46.8 0.0 47.2 ]
11:24:08 avail=89GB rss=[ 0.0 46.8 0.0 47.3 ]
11:25:09 avail=89GB rss=[ 0.0 46.8 0.0 47.3 ]
11:26:09 avail=89GB rss=[ 0.0 46.8 0.0 47.3 ]
11:27:09 avail=89GB rss=[ 0.0 46.8 0.0 47.3 ]
11:28:09 avail=89GB rss=[ 0.0 46.8 0.0 47.3 ]
11:29:09 avail=89GB rss=[ 0.0 46.8 0.0 47.3 ]
11:30:09 avail=89GB rss=[ 0.0 46.8 0.0 47.3 ]
11:31:09 avail=89GB rss=[ 0.0 46.8 0.0 47.3 ]
11:32:09 avail=89GB rss=[ 0.0 46.8 0.0 47.3 ]
11:33:09 avail=89GB rss=[ 0.0 46.9 0.0 47.3 ]
11:34:09 avail=89GB rss=[ 0.0 46.9 0.0 47.3 ]
11:35:09 avail=89GB rss=[ 0.0 46.9 0.0 47.3 ]
11:36:09 avail=89GB rss=[ 0.0 46.9 0.0 47.3 ]
11:37:09 avail=89GB rss=[ 0.0 46.9 0.0 47.3 ]
11:38:10 avail=89GB rss=[ 0.0 46.9 0.0 47.3 ]
11:39:10 avail=89GB rss=[ 0.0 46.9 0.0 47.3 ]
11:40:10 avail=89GB rss=[ 0.0 46.9 0.0 47.3 ]
11:41:10 avail=89GB rss=[ 0.0 46.9 0.0 47.3 ]
11:42:10 avail=89GB rss=[ 0.0 46.9 0.0 47.3 ]
11:43:10 avail=89GB rss=[ 0.0 46.9 0.0 47.3 ]
11:44:10 avail=89GB rss=[ 0.0 46.9 0.0 47.3 ]
11:45:10 avail=89GB rss=[ 0.0 46.9 0.0 47.3 ]
11:46:10 avail=89GB rss=[ 0.0 46.9 0.0 47.3 ]
11:47:10 avail=89GB rss=[ 0.0 46.9 0.0 47.3 ]
11:48:10 avail=89GB rss=[ 0.0 46.9 0.0 47.3 ]
11:49:10 avail=89GB rss=[ 0.0 46.9 0.0 47.3 ]
11:50:10 avail=89GB rss=[ 0.0 46.9 0.0 47.3 ]
11:51:11 avail=89GB rss=[ 0.0 46.9 0.0 47.3 ]
11:52:11 avail=89GB rss=[ 0.0 46.9 0.0 47.3 ]
11:53:11 avail=89GB rss=[ 0.0 46.9 0.0 47.3 ]
11:54:11 avail=89GB rss=[ 0.0 46.9 0.0 47.3 ]
11:55:11 avail=89GB rss=[ 0.0 46.9 0.0 47.3 ]
11:56:11 avail=89GB rss=[ 0.0 46.9 0.0 47.3 ]
11:57:11 avail=89GB rss=[ 0.0 46.9 0.0 47.3 ]
11:58:11 avail=89GB rss=[ 0.0 46.9 0.0 47.3 ]
11:59:11 avail=89GB rss=[ 0.0 46.9 0.0 47.3 ]
12:00:11 avail=89GB rss=[ 0.0 46.9 0.0 47.3 ]
12:01:11 avail=89GB rss=[ 0.0 46.9 0.0 47.3 ]
12:02:11 avail=89GB rss=[ 0.0 46.9 0.0 47.3 ]
12:03:11 avail=89GB rss=[ 0.0 46.9 0.0 47.3 ]
12:04:11 avail=89GB rss=[ 0.0 46.9 0.0 47.3 ]
12:05:12 avail=89GB rss=[ 0.0 46.9 0.0 47.3 ]
12:06:12 avail=89GB rss=[ 0.0 46.9 0.0 47.3 ]
12:07:12 avail=89GB rss=[ 0.0 46.9 0.0 47.3 ]
12:08:12 avail=89GB rss=[ 0.0 46.9 0.0 47.3 ]
12:09:12 avail=89GB rss=[ 0.0 46.9 0.0 47.3 ]
12:10:12 avail=89GB rss=[ 0.0 46.9 0.0 47.3 ]
12:11:12 avail=89GB rss=[ 0.0 46.9 0.0 47.3 ]
12:12:12 avail=89GB rss=[ 0.0 46.9 0.0 47.3 ]
12:13:12 avail=89GB rss=[ 0.0 46.9 0.0 47.3 ]
12:14:12 avail=89GB rss=[ 0.0 46.9 0.0 47.3 ]
12:15:12 avail=89GB rss=[ 0.0 46.9 0.0 47.3 ]
12:16:12 avail=89GB rss=[ 0.0 46.9 0.0 47.3 ]
12:17:12 avail=89GB rss=[ 0.0 46.9 0.0 47.3 ]
12:18:13 avail=89GB rss=[ 0.0 46.9 0.0 47.3 ]
12:19:13 avail=89GB rss=[ 0.0 46.9 0.0 47.3 ]
12:20:13 avail=89GB rss=[ 0.0 46.9 0.0 47.3 ]
12:21:13 avail=89GB rss=[ 0.0 46.9 0.0 47.3 ]
12:22:13 avail=89GB rss=[ 0.0 46.9 0.0 47.3 ]
12:23:13 avail=89GB rss=[ 0.0 46.9 0.0 47.3 ]
12:24:13 avail=89GB rss=[ 0.0 46.9 0.0 47.3 ]
12:25:13 avail=89GB rss=[ 0.0 46.9 0.0 47.3 ]
12:26:13 avail=89GB rss=[ 0.0 46.9 0.0 47.3 ]
12:27:13 avail=89GB rss=[ 0.0 46.9 0.0 47.3 ]
12:28:13 avail=89GB rss=[ 0.0 46.9 0.0 47.3 ]
12:29:13 avail=89GB rss=[ 0.0 46.9 0.0 47.3 ]
12:30:13 avail=89GB rss=[ 0.0 46.9 0.0 47.3 ]
12:31:14 avail=89GB rss=[ 0.0 46.9 0.0 47.3 ]
12:32:14 avail=89GB rss=[ 0.0 46.9 0.0 47.3 ]
12:33:14 avail=89GB rss=[ 0.0 46.9 0.0 47.3 ]
12:34:14 avail=89GB rss=[ 0.0 46.9 0.0 47.3 ]
12:35:14 avail=89GB rss=[ 0.0 46.9 0.0 47.3 ]
12:36:14 avail=89GB rss=[ 0.0 46.9 0.0 47.3 ]
12:37:14 avail=89GB rss=[ 0.0 46.9 0.0 47.3 ]
12:38:14 avail=89GB rss=[ 0.0 46.9 0.0 47.3 ]
12:39:14 avail=89GB rss=[ 0.0 46.9 0.0 47.3 ]
12:40:14 avail=89GB rss=[ 0.0 46.9 0.0 47.3 ]
12:41:14 avail=89GB rss=[ 0.0 46.9 0.0 47.3 ]
12:42:14 avail=89GB rss=[ 0.0 46.9 0.0 47.3 ]
12:43:14 avail=89GB rss=[ 0.0 46.9 0.0 47.3 ]
12:44:15 avail=89GB rss=[ 0.0 46.9 0.0 47.3 ]
12:45:15 avail=89GB rss=[ 0.0 46.9 0.0 47.3 ]
12:46:15 avail=89GB rss=[ 0.0 47.0 0.0 47.3 ]
12:47:15 avail=89GB rss=[ 0.0 47.0 0.0 47.3 ]
12:48:15 avail=89GB rss=[ 0.0 47.0 0.0 47.3 ]
12:49:15 avail=89GB rss=[ 0.0 47.0 0.0 47.3 ]
12:50:15 avail=89GB rss=[ 0.0 47.0 0.0 47.3 ]
12:51:15 avail=89GB rss=[ 0.0 47.0 0.0 47.3 ]
12:52:15 avail=89GB rss=[ 0.0 47.0 0.0 47.3 ]
12:53:15 avail=89GB rss=[ 0.0 47.0 0.0 47.3 ]
12:54:15 avail=89GB rss=[ 0.0 47.0 0.0 47.3 ]
12:55:15 avail=89GB rss=[ 0.0 47.0 0.0 47.3 ]
12:56:15 avail=89GB rss=[ 0.0 47.0 0.0 47.3 ]
12:57:16 avail=89GB rss=[ 0.0 47.0 0.0 47.3 ]
12:58:16 avail=89GB rss=[ 0.0 47.0 0.0 47.3 ]
12:59:16 avail=89GB rss=[ 0.0 47.0 0.0 47.3 ]
13:00:16 avail=89GB rss=[ 0.0 47.0 0.0 47.3 ]
13:01:16 avail=89GB rss=[ 0.0 47.0 0.0 47.3 ]
13:02:16 avail=89GB rss=[ 0.0 47.0 0.0 47.3 ]
13:03:16 avail=89GB rss=[ 0.0 47.0 0.0 47.3 ]
13:04:16 avail=89GB rss=[ 0.0 47.0 0.0 47.3 ]
13:05:16 avail=89GB rss=[ 0.0 47.0 0.0 47.3 ]
13:06:16 avail=89GB rss=[ 0.0 47.0 0.0 47.3 ]
13:07:16 avail=89GB rss=[ 0.0 47.0 0.0 47.3 ]
13:08:16 avail=89GB rss=[ 0.0 47.0 0.0 47.3 ]
13:09:16 avail=89GB rss=[ 0.0 47.0 0.0 47.3 ]
13:10:17 avail=89GB rss=[ 0.0 47.0 0.0 47.3 ]
13:11:17 avail=89GB rss=[ 0.0 47.0 0.0 47.3 ]
13:12:17 avail=89GB rss=[ 0.0 47.0 0.0 47.3 ]
13:13:17 avail=89GB rss=[ 0.0 47.0 0.0 47.3 ]
13:14:17 avail=89GB rss=[ 0.0 47.0 0.0 47.3 ]
13:15:17 avail=89GB rss=[ 0.0 47.0 0.0 47.3 ]
13:16:17 avail=89GB rss=[ 0.0 47.0 0.0 47.3 ]
13:17:17 avail=89GB rss=[ 0.0 47.0 0.0 47.3 ]
13:18:17 avail=89GB rss=[ 0.0 47.0 0.0 47.3 ]
13:19:17 avail=89GB rss=[ 0.0 47.0 0.0 47.3 ]
13:20:17 avail=89GB rss=[ 0.0 47.0 0.0 47.3 ]
13:21:17 avail=89GB rss=[ 0.0 47.0 0.0 47.3 ]
13:22:17 avail=89GB rss=[ 0.0 47.0 0.0 47.3 ]
13:23:18 avail=89GB rss=[ 0.0 47.0 0.0 47.3 ]
13:24:18 avail=89GB rss=[ 0.0 47.0 0.0 47.3 ]
13:25:18 avail=89GB rss=[ 0.0 47.0 0.0 47.3 ]
13:26:18 avail=89GB rss=[ 0.0 47.0 0.0 47.3 ]
13:27:18 avail=89GB rss=[ 0.0 47.0 0.0 47.3 ]
13:28:18 avail=89GB rss=[ 0.0 47.0 0.0 47.3 ]
13:29:18 avail=89GB rss=[ 0.0 47.0 0.0 47.3 ]
13:30:18 avail=89GB rss=[ 0.0 47.0 0.0 47.3 ]
13:31:18 avail=89GB rss=[ 0.0 47.0 0.0 47.3 ]
13:32:18 avail=89GB rss=[ 0.0 47.0 0.0 47.3 ]
13:33:18 avail=89GB rss=[ 0.0 47.0 0.0 47.3 ]
13:34:18 avail=89GB rss=[ 0.0 47.0 0.0 47.3 ]
13:35:18 avail=89GB rss=[ 0.0 47.0 0.0 47.3 ]
13:36:19 avail=89GB rss=[ 0.0 47.0 0.0 47.3 ]
13:37:19 avail=89GB rss=[ 0.0 47.0 0.0 47.3 ]
13:38:19 avail=89GB rss=[ 0.0 47.0 0.0 47.3 ]
13:39:19 avail=89GB rss=[ 0.0 47.0 0.0 47.3 ]
13:40:19 avail=89GB rss=[ 0.0 47.0 0.0 47.3 ]
13:41:19 avail=89GB rss=[ 0.0 47.0 0.0 47.3 ]
13:42:19 avail=89GB rss=[ 0.0 47.0 0.0 47.3 ]
13:43:19 avail=89GB rss=[ 0.0 47.0 0.0 47.3 ]
13:44:19 avail=89GB rss=[ 0.0 47.0 0.0 47.3 ]
13:45:19 avail=89GB rss=[ 0.0 47.0 0.0 47.3 ]
13:46:19 avail=89GB rss=[ 0.0 47.0 0.0 47.3 ]
13:47:19 avail=89GB rss=[ 0.0 47.0 0.0 47.3 ]
13:48:19 avail=89GB rss=[ 0.0 47.0 0.0 47.3 ]
13:49:20 avail=89GB rss=[ 0.0 47.0 0.0 47.3 ]
13:50:20 avail=89GB rss=[ 0.0 47.0 0.0 47.3 ]
13:51:20 avail=89GB rss=[ 0.0 47.0 0.0 47.3 ]
13:52:20 avail=89GB rss=[ 0.0 47.0 0.0 47.3 ]
13:53:20 avail=89GB rss=[ 0.0 47.0 0.0 47.3 ]
13:54:20 avail=89GB rss=[ 0.0 47.0 0.0 47.3 ]
13:55:20 avail=89GB rss=[ 0.0 47.0 0.0 47.3 ]
13:56:20 avail=89GB rss=[ 0.0 47.0 0.0 47.3 ]
13:57:20 avail=89GB rss=[ 0.0 47.0 0.0 47.3 ]
13:58:20 avail=89GB rss=[ 0.0 47.0 0.0 47.3 ]
13:59:20 avail=89GB rss=[ 0.0 47.0 0.0 47.3 ]
14:00:20 avail=89GB rss=[ 0.0 47.0 0.0 47.3 ]
14:01:20 avail=89GB rss=[ 0.0 47.0 0.0 47.3 ]
14:02:21 avail=89GB rss=[ 0.0 47.0 0.0 47.3 ]
14:03:21 avail=89GB rss=[ 0.0 47.0 0.0 47.3 ]
14:04:21 avail=89GB rss=[ 0.0 47.0 0.0 47.3 ]
14:05:21 avail=89GB rss=[ 0.0 47.0 0.0 47.3 ]
14:06:21 avail=89GB rss=[ 0.0 47.0 0.0 47.3 ]
14:07:21 avail=89GB rss=[ 0.0 47.0 0.0 47.3 ]
14:08:21 avail=89GB rss=[ 0.0 47.0 0.0 47.3 ]
14:09:21 avail=89GB rss=[ 0.0 47.0 0.0 47.3 ]
14:10:21 avail=89GB rss=[ 0.0 47.0 0.0 47.3 ]
14:11:21 avail=89GB rss=[ 0.0 47.0 0.0 47.3 ]
14:12:21 avail=89GB rss=[ 0.0 47.0 0.0 47.3 ]
14:13:21 avail=89GB rss=[ 0.0 47.0 0.0 47.3 ]
14:14:21 avail=89GB rss=[ 0.0 47.0 0.0 47.3 ]
14:15:22 avail=89GB rss=[ 0.0 47.0 0.0 47.3 ]
14:16:22 avail=89GB rss=[ 0.0 47.0 0.0 47.3 ]
14:17:22 avail=89GB rss=[ 0.0 47.0 0.0 47.3 ]
14:18:22 avail=89GB rss=[ 0.0 47.0 0.0 47.3 ]
14:19:22 avail=89GB rss=[ 0.0 47.0 0.0 47.3 ]
14:20:22 avail=89GB rss=[ 0.0 47.0 0.0 47.3 ]
14:21:22 avail=89GB rss=[ 0.0 47.0 0.0 47.3 ]
14:22:22 avail=89GB rss=[ 0.0 47.0 0.0 47.3 ]
14:23:22 avail=89GB rss=[ 0.0 47.0 0.0 47.3 ]
14:24:22 avail=89GB rss=[ 0.0 47.0 0.0 47.3 ]
14:25:22 avail=89GB rss=[ 0.0 47.0 0.0 47.3 ]
14:26:22 avail=89GB rss=[ 0.0 47.0 0.0 47.3 ]
14:27:22 avail=89GB rss=[ 0.0 47.0 0.0 47.3 ]
14:28:23 avail=89GB rss=[ 0.0 47.0 0.0 47.3 ]
14:29:23 avail=89GB rss=[ 0.0 47.0 0.0 47.3 ]
14:30:23 avail=89GB rss=[ 0.0 47.0 0.0 47.3 ]
14:31:23 avail=89GB rss=[ 0.0 47.0 0.0 47.3 ]
14:32:23 avail=89GB rss=[ 0.0 47.0 0.0 47.3 ]
14:33:23 avail=89GB rss=[ 0.0 47.0 0.0 47.3 ]
14:34:23 avail=89GB rss=[ 0.0 47.0 0.0 47.3 ]
14:35:23 avail=89GB rss=[ 0.0 47.0 0.0 47.3 ]
14:36:23 avail=89GB rss=[ 0.0 47.0 0.0 47.3 ]
14:37:23 avail=89GB rss=[ 0.0 47.0 0.0 47.3 ]
14:38:23 avail=89GB rss=[ 0.0 47.0 0.0 47.3 ]
14:39:23 avail=89GB rss=[ 0.0 47.0 0.0 47.3 ]
14:40:23 avail=89GB rss=[ 0.0 47.0 0.0 47.3 ]
14:41:23 avail=89GB rss=[ 0.0 47.0 0.0 47.3 ]
14:42:24 avail=89GB rss=[ 0.0 47.0 0.0 47.3 ]
14:43:24 avail=89GB rss=[ 0.0 47.0 0.0 47.3 ]
14:44:24 avail=89GB rss=[ 0.0 47.0 0.0 47.3 ]
14:45:24 avail=89GB rss=[ 0.0 47.0 0.0 47.3 ]
14:46:24 avail=89GB rss=[ 0.0 47.0 0.0 47.3 ]
14:47:24 avail=89GB rss=[ 0.0 47.0 0.0 47.3 ]
14:48:24 avail=95GB rss=[ 0.0 41.0 0.0 47.3 ]
14:49:24 avail=95GB rss=[ 0.0 41.2 0.0 47.3 ]
14:50:24 avail=135GB rss=[ 0.0 47.3 ]
14:51:24 avail=135GB rss=[ 0.0 47.3 ]
14:52:24 avail=135GB rss=[ 0.0 47.3 ]
14:53:24 avail=135GB rss=[ 0.0 47.3 ]
14:54:24 avail=135GB rss=[ 0.0 47.3 ]
14:55:24 avail=135GB rss=[ 0.0 47.3 ]
14:56:25 avail=135GB rss=[ 0.0 47.3 ]
14:57:25 avail=135GB rss=[ 0.0 47.3 ]
14:58:25 avail=135GB rss=[ 0.0 47.3 ]
14:59:25 avail=135GB rss=[ 0.0 47.3 ]
15:00:25 avail=135GB rss=[ 0.0 47.3 ]
15:01:25 avail=135GB rss=[ 0.0 47.3 ]
15:02:25 avail=135GB rss=[ 0.0 47.3 ]
15:03:25 avail=136GB rss=[ 0.0 47.3 ]
15:04:25 avail=136GB rss=[ 0.0 47.3 ]
15:05:25 avail=136GB rss=[ 0.0 47.3 ]
15:06:25 avail=136GB rss=[ 0.0 47.3 ]
15:07:25 avail=136GB rss=[ 0.0 47.3 ]
15:08:25 avail=136GB rss=[ 0.0 47.3 ]
15:09:25 avail=142GB rss=[ 0.0 40.7 ]
15:10:26 avail=142GB rss=[ 0.0 41.2 ]
15:11:26 avail=183GB rss=[ ]
15:12:26 avail=183GB rss=[ ]
15:13:26 avail=183GB rss=[ ]
15:14:26 avail=183GB rss=[ ]
15:15:26 avail=183GB rss=[ ]
15:16:26 avail=183GB rss=[ ]
15:17:26 avail=183GB rss=[ ]
15:18:26 avail=183GB rss=[ ]
15:19:26 avail=183GB rss=[ ]
15:20:26 avail=183GB rss=[ ]
15:21:26 avail=183GB rss=[ ]
15:22:26 avail=183GB rss=[ ]
15:23:26 avail=183GB rss=[ ]
15:24:27 avail=183GB rss=[ ]
15:25:27 avail=183GB rss=[ ]
15:26:27 avail=183GB rss=[ ]
15:27:27 avail=183GB rss=[ ]
15:28:27 avail=183GB rss=[ ]
15:29:27 avail=183GB rss=[ ]
15:30:27 avail=183GB rss=[ ]
15:31:27 avail=183GB rss=[ ]
15:32:27 avail=183GB rss=[ ]
15:33:27 avail=183GB rss=[ ]
15:34:27 avail=183GB rss=[ ]
15:35:27 avail=183GB rss=[ ]
15:36:27 avail=183GB rss=[ ]
15:37:27 avail=183GB rss=[ ]
15:38:28 avail=183GB rss=[ ]
15:39:28 avail=183GB rss=[ ]
15:40:28 avail=183GB rss=[ ]
15:41:28 avail=183GB rss=[ ]
15:42:28 avail=183GB rss=[ ]
15:43:28 avail=183GB rss=[ ]
15:44:28 avail=183GB rss=[ ]
15:45:28 avail=183GB rss=[ ]
15:46:28 avail=183GB rss=[ ]
15:47:28 avail=183GB rss=[ ]
15:48:28 avail=183GB rss=[ ]
15:49:28 avail=183GB rss=[ ]
15:50:28 avail=183GB rss=[ ]
15:51:28 avail=183GB rss=[ ]
15:52:29 avail=183GB rss=[ ]
15:53:29 avail=183GB rss=[ ]
15:54:29 avail=183GB rss=[ ]
15:55:29 avail=183GB rss=[ ]
15:56:29 avail=183GB rss=[ ]
15:57:29 avail=183GB rss=[ ]
15:58:29 avail=183GB rss=[ ]
15:59:29 avail=183GB rss=[ ]
16:00:29 avail=183GB rss=[ ]
16:01:29 avail=183GB rss=[ ]
16:02:29 avail=183GB rss=[ ]
16:03:29 avail=183GB rss=[ ]
16:04:29 avail=183GB rss=[ ]
16:05:29 avail=183GB rss=[ ]
16:06:30 avail=183GB rss=[ ]
16:07:30 avail=183GB rss=[ ]
16:08:30 avail=183GB rss=[ ]
16:09:30 avail=183GB rss=[ ]
16:10:30 avail=183GB rss=[ ]
16:11:30 avail=183GB rss=[ ]
16:12:30 avail=183GB rss=[ ]
16:13:30 avail=183GB rss=[ ]
16:14:30 avail=183GB rss=[ ]
16:15:30 avail=183GB rss=[ ]
16:16:30 avail=183GB rss=[ ]
16:17:30 avail=183GB rss=[ ]
16:18:30 avail=183GB rss=[ ]
16:19:30 avail=183GB rss=[ ]
16:20:31 avail=183GB rss=[ ]
16:21:31 avail=183GB rss=[ ]
16:22:31 avail=183GB rss=[ ]
16:23:31 avail=183GB rss=[ ]
16:24:31 avail=183GB rss=[ ]
16:25:31 avail=183GB rss=[ ]
16:26:31 avail=183GB rss=[ ]
16:27:31 avail=183GB rss=[ ]
16:28:31 avail=183GB rss=[ ]
16:29:31 avail=183GB rss=[ ]
16:30:31 avail=183GB rss=[ ]
16:31:31 avail=183GB rss=[ ]
16:32:31 avail=183GB rss=[ ]
16:33:31 avail=183GB rss=[ ]
16:34:32 avail=183GB rss=[ ]
16:35:32 avail=183GB rss=[ ]
16:36:32 avail=183GB rss=[ ]
16:37:32 avail=183GB rss=[ ]
16:38:32 avail=183GB rss=[ ]
16:39:32 avail=183GB rss=[ ]
16:40:32 avail=183GB rss=[ ]
16:41:32 avail=183GB rss=[ ]
16:42:32 avail=183GB rss=[ ]
16:43:32 avail=183GB rss=[ ]
16:44:32 avail=183GB rss=[ ]
16:45:32 avail=183GB rss=[ ]
16:46:32 avail=183GB rss=[ ]
16:47:32 avail=183GB rss=[ ]
16:48:33 avail=183GB rss=[ ]
16:49:33 avail=183GB rss=[ ]
16:50:33 avail=183GB rss=[ ]
16:51:33 avail=183GB rss=[ ]
16:52:33 avail=183GB rss=[ ]
16:53:33 avail=183GB rss=[ ]
16:54:33 avail=183GB rss=[ ]
16:55:33 avail=183GB rss=[ ]
16:56:33 avail=183GB rss=[ ]
16:57:33 avail=183GB rss=[ ]
16:58:33 avail=183GB rss=[ ]
16:59:33 avail=183GB rss=[ ]
17:00:33 avail=183GB rss=[ ]
17:01:33 avail=183GB rss=[ ]
17:02:33 avail=183GB rss=[ ]
17:03:34 avail=183GB rss=[ ]
17:04:34 avail=183GB rss=[ ]
17:05:34 avail=183GB rss=[ ]
17:06:34 avail=183GB rss=[ ]
17:07:34 avail=183GB rss=[ ]
17:08:34 avail=183GB rss=[ ]
17:09:34 avail=183GB rss=[ ]
17:10:34 avail=183GB rss=[ ]
17:11:34 avail=183GB rss=[ ]
17:12:34 avail=183GB rss=[ ]
17:13:34 avail=183GB rss=[ ]
17:14:34 avail=183GB rss=[ ]
17:15:34 avail=183GB rss=[ ]
17:16:34 avail=183GB rss=[ ]
17:17:35 avail=183GB rss=[ ]
17:18:35 avail=183GB rss=[ ]
17:19:35 avail=183GB rss=[ ]
17:20:35 avail=183GB rss=[ ]
17:21:35 avail=183GB rss=[ ]
17:22:35 avail=183GB rss=[ ]
17:23:35 avail=183GB rss=[ ]
17:24:35 avail=183GB rss=[ ]
17:25:35 avail=183GB rss=[ ]
17:26:35 avail=183GB rss=[ ]
17:27:35 avail=183GB rss=[ ]
17:28:35 avail=183GB rss=[ ]
17:29:35 avail=183GB rss=[ ]
17:30:35 avail=183GB rss=[ ]
17:31:36 avail=183GB rss=[ ]
17:32:36 avail=183GB rss=[ ]
17:33:36 avail=183GB rss=[ ]
17:34:36 avail=183GB rss=[ ]
17:35:36 avail=183GB rss=[ ]
17:36:36 avail=183GB rss=[ ]
17:37:36 avail=183GB rss=[ ]
17:38:36 avail=183GB rss=[ ]
17:39:36 avail=183GB rss=[ ]
17:40:36 avail=183GB rss=[ ]
17:41:36 avail=183GB rss=[ ]
17:42:36 avail=183GB rss=[ ]
17:43:36 avail=183GB rss=[ ]
17:44:36 avail=183GB rss=[ ]
17:45:37 avail=183GB rss=[ ]
17:46:37 avail=183GB rss=[ ]
17:47:37 avail=183GB rss=[ ]
17:48:37 avail=183GB rss=[ ]
17:49:37 avail=183GB rss=[ ]
17:50:37 avail=183GB rss=[ ]
17:51:37 avail=183GB rss=[ ]
17:52:37 avail=183GB rss=[ ]
17:53:37 avail=183GB rss=[ ]
17:54:37 avail=183GB rss=[ ]
17:55:37 avail=183GB rss=[ ]
17:56:37 avail=183GB rss=[ ]
17:57:37 avail=183GB rss=[ ]
17:58:38 avail=183GB rss=[ ]
17:59:38 avail=183GB rss=[ ]
18:00:38 avail=183GB rss=[ ]
18:01:38 avail=183GB rss=[ ]
18:02:38 avail=183GB rss=[ ]
18:03:38 avail=183GB rss=[ ]
18:04:38 avail=183GB rss=[ ]
18:05:38 avail=183GB rss=[ ]
18:06:38 avail=183GB rss=[ ]
18:07:38 avail=183GB rss=[ ]
18:08:38 avail=183GB rss=[ ]
18:09:38 avail=183GB rss=[ ]
18:10:38 avail=183GB rss=[ ]
18:11:38 avail=183GB rss=[ ]
18:12:38 avail=183GB rss=[ ]
18:13:39 avail=183GB rss=[ ]
18:14:39 avail=183GB rss=[ ]
18:15:39 avail=183GB rss=[ ]
18:16:39 avail=183GB rss=[ ]
18:17:39 avail=183GB rss=[ ]
18:18:39 avail=183GB rss=[ ]
18:19:39 avail=183GB rss=[ ]
18:20:39 avail=183GB rss=[ ]
18:21:39 avail=183GB rss=[ ]
18:22:39 avail=183GB rss=[ ]
18:23:39 avail=183GB rss=[ ]
18:24:39 avail=183GB rss=[ ]
18:25:39 avail=183GB rss=[ ]
18:26:39 avail=183GB rss=[ ]
18:27:40 avail=183GB rss=[ ]
18:28:40 avail=183GB rss=[ ]
18:29:40 avail=183GB rss=[ ]
18:30:40 avail=183GB rss=[ ]
18:31:40 avail=183GB rss=[ ]
18:32:40 avail=183GB rss=[ ]
18:33:40 avail=183GB rss=[ ]
18:34:40 avail=183GB rss=[ ]
18:35:40 avail=183GB rss=[ ]
18:36:40 avail=183GB rss=[ ]
18:37:40 avail=183GB rss=[ ]
18:38:40 avail=182GB rss=[ ]
18:39:40 avail=182GB rss=[ ]
18:40:41 avail=182GB rss=[ ]
18:41:41 avail=182GB rss=[ ]
18:42:41 avail=181GB rss=[ 0.0 0.0 0.0 1.2 ]
18:43:41 avail=177GB rss=[ 0.0 0.0 0.0 5.6 ]
18:44:41 avail=182GB rss=[ ]
18:45:41 avail=180GB rss=[ 0.0 2.4 ]
18:46:41 avail=177GB rss=[ 0.0 5.6 ]
18:47:41 avail=177GB rss=[ 0.0 5.7 ]
18:48:41 avail=173GB rss=[ 0.0 9.0 ]
18:49:41 avail=168GB rss=[ 0.0 13.9 ]
18:50:41 avail=164GB rss=[ 0.0 18.4 ]
18:51:41 avail=166GB rss=[ 0.0 15.8 ]
18:52:41 avail=158GB rss=[ 0.0 22.1 0.0 0.0 0.0 1.9 ]
18:53:41 avail=159GB rss=[ 0.0 22.9 0.0 1.1 ]
18:54:42 avail=145GB rss=[ 0.0 32.4 0.0 5.0 ]
18:55:42 avail=143GB rss=[ 0.0 33.7 0.0 5.7 ]
18:56:42 avail=137GB rss=[ 0.0 33.3 0.0 8.4 ]
18:57:42 avail=133GB rss=[ 0.0 33.4 0.0 15.2 ]
18:58:42 avail=132GB rss=[ 0.0 33.5 0.0 16.9 ]
18:59:42 avail=135GB rss=[ 0.0 29.3 0.0 18.4 ]
19:00:42 avail=136GB rss=[ 0.0 30.3 0.0 15.7 0.0 1.1 ]
19:01:42 avail=156GB rss=[ 0.0 21.1 0.0 5.0 ]
19:02:42 avail=153GB rss=[ 0.0 23.8 0.0 5.7 ]
19:03:42 avail=145GB rss=[ 0.0 28.2 0.0 8.8 ]
19:04:42 avail=139GB rss=[ 0.0 29.7 0.0 14.1 ]
19:05:42 avail=136GB rss=[ 0.0 30.1 0.0 17.0 ]
19:06:42 avail=166GB rss=[ 0.0 15.7 ]
19:07:43 avail=166GB rss=[ 0.0 15.4 0.0 1.2 ]
19:08:43 avail=155GB rss=[ 0.0 22.2 0.0 5.3 ]
19:09:43 avail=147GB rss=[ 0.0 29.9 0.0 6.3 ]
19:10:43 avail=144GB rss=[ 0.0 30.6 0.0 7.9 ]
19:11:43 avail=141GB rss=[ 0.0 30.0 0.0 11.7 ]
19:12:43 avail=136GB rss=[ 0.0 30.4 0.0 16.8 ]
19:13:43 avail=164GB rss=[ 0.0 18.5 ]
19:14:43 avail=162GB rss=[ 0.0 19.7 0.0 1.2 ]
19:15:43 avail=160GB rss=[ 0.0 17.8 0.0 4.8 ]
19:16:43 avail=153GB rss=[ 0.0 22.3 0.0 7.3 ]
19:17:43 avail=149GB rss=[ 0.0 26.0 0.0 8.1 ]
19:18:43 avail=131GB rss=[ 0.0 39.0 0.0 12.4 ]
19:19:43 avail=124GB rss=[ 0.0 39.3 0.0 19.1 ]
19:20:43 avail=123GB rss=[ 0.0 39.4 0.0 20.0 ]
19:21:44 avail=123GB rss=[ 0.0 39.6 0.0 20.5 ]
19:22:44 avail=130GB rss=[ 0.0 35.0 0.0 17.5 ]
19:23:44 avail=122GB rss=[ 0.0 36.4 0.0 24.3 ]
19:24:44 avail=119GB rss=[ 0.0 36.5 0.0 26.5 ]
19:25:44 avail=105GB rss=[ 0.0 37.4 0.0 38.9 ]
19:26:44 avail=103GB rss=[ 0.0 40.0 0.0 39.1 ]
19:27:44 avail=92GB rss=[ 0.0 51.1 0.0 39.2 ]
19:28:44 avail=92GB rss=[ 0.0 51.4 0.0 39.3 ]
19:29:44 avail=96GB rss=[ 0.0 51.7 0.0 34.2 ]
19:30:44 avail=95GB rss=[ 0.0 51.8 0.0 35.9 ]
19:31:44 avail=91GB rss=[ 0.0 51.8 0.0 39.6 ]
19:32:44 avail=92GB rss=[ 0.0 51.9 0.0 36.6 ]
19:33:44 avail=86GB rss=[ 0.0 51.9 0.0 44.6 ]
19:34:45 avail=80GB rss=[ 0.0 52.0 0.0 50.5 ]
19:35:45 avail=80GB rss=[ 0.0 52.0 0.0 50.9 ]
19:36:45 avail=79GB rss=[ 0.0 52.0 0.0 51.1 ]
19:37:45 avail=79GB rss=[ 0.0 52.0 0.0 51.3 ]
19:38:45 avail=79GB rss=[ 0.0 52.1 0.0 51.4 ]
19:39:45 avail=79GB rss=[ 0.0 52.1 0.0 51.4 ]
19:40:45 avail=79GB rss=[ 0.0 52.1 0.0 51.5 ]
19:41:45 avail=79GB rss=[ 0.0 52.1 0.0 51.5 ]
19:42:45 avail=79GB rss=[ 0.0 52.1 0.0 51.5 ]
19:43:45 avail=79GB rss=[ 0.0 52.1 0.0 51.6 ]
19:44:45 avail=79GB rss=[ 0.0 52.1 0.0 51.6 ]
19:45:45 avail=79GB rss=[ 0.0 52.1 0.0 51.6 ]
19:46:45 avail=79GB rss=[ 0.0 52.1 0.0 51.6 ]
19:47:46 avail=79GB rss=[ 0.0 52.1 0.0 51.6 ]
19:48:46 avail=79GB rss=[ 0.0 52.1 0.0 51.7 ]
19:49:46 avail=79GB rss=[ 0.0 52.2 0.0 51.7 ]
19:50:46 avail=79GB rss=[ 0.0 52.2 0.0 51.7 ]
19:51:46 avail=79GB rss=[ 0.0 52.2 0.0 51.7 ]
19:52:46 avail=79GB rss=[ 0.0 52.2 0.0 51.7 ]
19:53:46 avail=79GB rss=[ 0.0 52.2 0.0 51.7 ]
19:54:46 avail=79GB rss=[ 0.0 52.2 0.0 51.7 ]
19:55:46 avail=79GB rss=[ 0.0 52.2 0.0 51.7 ]
19:56:46 avail=79GB rss=[ 0.0 52.2 0.0 51.7 ]
19:57:46 avail=81GB rss=[ 0.0 50.0 0.0 51.7 ]
19:58:46 avail=81GB rss=[ 0.0 50.4 0.0 51.7 ]
19:59:46 avail=81GB rss=[ 0.0 50.4 0.0 51.7 ]
20:00:47 avail=81GB rss=[ 0.0 50.5 0.0 51.7 ]
20:01:47 avail=81GB rss=[ 0.0 50.6 0.0 51.7 ]
20:02:47 avail=81GB rss=[ 0.0 50.6 0.0 51.7 ]
20:03:47 avail=88GB rss=[ 0.0 50.6 0.0 44.8 ]
20:04:47 avail=83GB rss=[ 0.0 50.6 0.0 49.6 ]
20:05:47 avail=83GB rss=[ 0.0 50.6 0.0 49.7 ]
20:06:47 avail=82GB rss=[ 0.0 50.6 0.0 50.1 ]
20:07:47 avail=82GB rss=[ 0.0 50.6 0.0 50.1 ]
20:08:47 avail=82GB rss=[ 0.0 50.6 0.0 50.2 ]
20:09:47 avail=82GB rss=[ 0.0 50.6 0.0 50.2 ]
20:10:47 avail=82GB rss=[ 0.0 50.6 0.0 50.2 ]
20:11:47 avail=82GB rss=[ 0.0 50.6 0.0 50.2 ]
20:12:47 avail=82GB rss=[ 0.0 50.6 0.0 50.2 ]
20:13:48 avail=82GB rss=[ 0.0 50.6 0.0 50.2 ]
20:14:48 avail=82GB rss=[ 0.0 50.6 0.0 50.2 ]
20:15:48 avail=82GB rss=[ 0.0 50.6 0.0 50.2 ]
20:16:48 avail=82GB rss=[ 0.0 50.6 0.0 50.2 ]
20:17:48 avail=82GB rss=[ 0.0 50.6 0.0 50.2 ]
20:18:48 avail=82GB rss=[ 0.0 50.6 0.0 50.3 ]
20:19:48 avail=82GB rss=[ 0.0 50.6 0.0 50.3 ]
20:20:48 avail=82GB rss=[ 0.0 50.7 0.0 50.3 ]
20:21:48 avail=82GB rss=[ 0.0 50.7 0.0 50.3 ]
20:22:48 avail=82GB rss=[ 0.0 50.7 0.0 50.3 ]
20:23:48 avail=82GB rss=[ 0.0 50.7 0.0 50.3 ]
20:24:48 avail=82GB rss=[ 0.0 50.7 0.0 50.3 ]
20:25:48 avail=82GB rss=[ 0.0 50.7 0.0 50.3 ]
20:26:49 avail=82GB rss=[ 0.0 50.7 0.0 50.3 ]
20:27:49 avail=87GB rss=[ 0.0 45.5 0.0 50.3 ]
20:28:49 avail=89GB rss=[ 0.0 43.7 0.0 50.3 ]
20:29:49 avail=79GB rss=[ 0.0 53.5 0.0 50.3 ]
20:30:49 avail=79GB rss=[ 0.0 53.6 0.0 50.3 ]
20:31:49 avail=79GB rss=[ 0.0 53.6 0.0 50.3 ]
20:32:49 avail=79GB rss=[ 0.0 53.6 0.0 50.3 ]
20:33:49 avail=78GB rss=[ 0.0 53.6 0.0 51.1 ]
20:34:49 avail=83GB rss=[ 0.0 53.6 0.0 46.0 ]
20:35:49 avail=77GB rss=[ 0.0 53.6 0.0 52.6 ]
20:36:49 avail=76GB rss=[ 0.0 53.6 0.0 53.4 ]
20:37:49 avail=76GB rss=[ 0.0 53.6 0.0 53.5 ]
20:38:50 avail=76GB rss=[ 0.0 53.7 0.0 53.5 ]
20:39:50 avail=76GB rss=[ 0.0 53.7 0.0 53.5 ]
20:40:50 avail=76GB rss=[ 0.0 53.7 0.0 53.5 ]
20:41:50 avail=76GB rss=[ 0.0 53.7 0.0 53.5 ]
20:42:50 avail=76GB rss=[ 0.0 53.7 0.0 53.5 ]
20:43:50 avail=76GB rss=[ 0.0 53.7 0.0 53.5 ]
20:44:50 avail=76GB rss=[ 0.0 53.7 0.0 53.6 ]
20:45:50 avail=76GB rss=[ 0.0 53.7 0.0 53.6 ]
20:46:50 avail=76GB rss=[ 0.0 53.7 0.0 53.6 ]
20:47:50 avail=76GB rss=[ 0.0 53.7 0.0 53.6 ]
20:48:50 avail=76GB rss=[ 0.0 53.7 0.0 53.6 ]
20:49:50 avail=76GB rss=[ 0.0 53.7 0.0 53.6 ]
20:50:50 avail=76GB rss=[ 0.0 53.7 0.0 53.6 ]
20:51:51 avail=76GB rss=[ 0.0 53.7 0.0 53.6 ]
20:52:51 avail=76GB rss=[ 0.0 53.7 0.0 53.6 ]
20:53:51 avail=76GB rss=[ 0.0 53.7 0.0 53.6 ]
20:54:51 avail=76GB rss=[ 0.0 53.7 0.0 53.6 ]
20:55:51 avail=76GB rss=[ 0.0 53.7 0.0 53.6 ]
20:56:51 avail=84GB rss=[ 0.0 45.3 0.0 53.6 ]
20:57:51 avail=84GB rss=[ 0.0 45.3 0.0 53.6 ]
20:58:51 avail=84GB rss=[ 0.0 45.3 0.0 53.6 ]
20:59:51 avail=84GB rss=[ 0.0 45.3 0.0 53.6 ]
21:00:51 avail=84GB rss=[ 0.0 45.4 0.0 53.6 ]
21:01:51 avail=81GB rss=[ 0.0 48.1 0.0 53.6 ]
21:02:51 avail=91GB rss=[ 0.0 47.3 0.0 45.2 ]
21:03:51 avail=92GB rss=[ 0.0 45.6 0.0 45.2 ]
21:04:51 avail=92GB rss=[ 0.0 46.1 0.0 45.2 ]
21:05:52 avail=92GB rss=[ 0.0 46.2 0.0 45.2 ]
21:06:52 avail=91GB rss=[ 0.0 46.3 0.0 45.3 ]
21:07:52 avail=89GB rss=[ 0.0 46.3 0.0 47.8 ]
21:08:52 avail=89GB rss=[ 0.0 46.4 0.0 47.0 ]
21:09:52 avail=91GB rss=[ 0.0 46.4 0.0 45.0 ]
21:10:52 avail=91GB rss=[ 0.0 46.4 0.0 45.6 ]
21:11:52 avail=91GB rss=[ 0.0 46.4 0.0 45.7 ]
21:12:52 avail=91GB rss=[ 0.0 46.4 0.0 45.7 ]
21:13:52 avail=91GB rss=[ 0.0 46.4 0.0 45.8 ]
21:14:52 avail=91GB rss=[ 0.0 46.4 0.0 45.8 ]
21:15:52 avail=91GB rss=[ 0.0 46.5 0.0 45.8 ]
21:16:52 avail=90GB rss=[ 0.0 46.5 0.0 45.9 ]
21:17:52 avail=90GB rss=[ 0.0 46.5 0.0 45.9 ]
21:18:53 avail=90GB rss=[ 0.0 46.5 0.0 46.0 ]
21:19:53 avail=90GB rss=[ 0.0 46.5 0.0 46.0 ]
21:20:53 avail=90GB rss=[ 0.0 46.5 0.0 46.0 ]
21:21:53 avail=90GB rss=[ 0.0 46.5 0.0 46.0 ]
21:22:53 avail=90GB rss=[ 0.0 46.5 0.0 46.0 ]
21:23:53 avail=90GB rss=[ 0.0 46.5 0.0 46.0 ]
21:24:53 avail=90GB rss=[ 0.0 46.5 0.0 46.0 ]
21:25:53 avail=90GB rss=[ 0.0 46.5 0.0 46.0 ]
21:26:53 avail=90GB rss=[ 0.0 46.5 0.0 46.0 ]
21:27:53 avail=90GB rss=[ 0.0 46.5 0.0 46.0 ]
21:28:53 avail=91GB rss=[ 0.0 46.5 0.0 46.0 ]
21:29:53 avail=91GB rss=[ 0.0 46.5 0.0 46.0 ]
21:30:53 avail=91GB rss=[ 0.0 46.5 0.0 46.0 ]
21:31:54 avail=90GB rss=[ 0.0 46.5 0.0 46.0 ]
21:32:54 avail=90GB rss=[ 0.0 46.5 0.0 46.0 ]
21:33:54 avail=90GB rss=[ 0.0 46.5 0.0 46.0 ]
21:34:54 avail=90GB rss=[ 0.0 46.5 0.0 46.0 ]
21:35:54 avail=90GB rss=[ 0.0 46.5 0.0 46.0 ]
21:36:54 avail=90GB rss=[ 0.0 46.5 0.0 46.0 ]
21:37:54 avail=90GB rss=[ 0.0 46.5 0.0 46.0 ]
21:38:54 avail=90GB rss=[ 0.0 46.5 0.0 46.0 ]
21:39:54 avail=90GB rss=[ 0.0 46.5 0.0 46.0 ]
21:40:54 avail=90GB rss=[ 0.0 46.5 0.0 46.0 ]
21:41:54 avail=90GB rss=[ 0.0 46.5 0.0 46.0 ]
21:42:54 avail=90GB rss=[ 0.0 46.5 0.0 46.0 ]
21:43:54 avail=90GB rss=[ 0.0 46.5 0.0 46.0 ]
21:44:55 avail=91GB rss=[ 0.0 46.5 0.0 46.0 ]
21:45:55 avail=91GB rss=[ 0.0 46.5 0.0 46.0 ]
21:46:55 avail=91GB rss=[ 0.0 46.5 0.0 46.0 ]
21:47:55 avail=91GB rss=[ 0.0 46.5 0.0 46.0 ]
21:48:55 avail=91GB rss=[ 0.0 46.5 0.0 46.0 ]
21:49:55 avail=91GB rss=[ 0.0 46.5 0.0 46.0 ]
21:50:55 avail=91GB rss=[ 0.0 46.5 0.0 46.0 ]
21:51:55 avail=91GB rss=[ 0.0 46.5 0.0 46.0 ]
21:52:55 avail=91GB rss=[ 0.0 46.5 0.0 46.0 ]
21:53:55 avail=91GB rss=[ 0.0 46.5 0.0 46.0 ]
21:54:55 avail=91GB rss=[ 0.0 46.6 0.0 46.0 ]
21:55:55 avail=91GB rss=[ 0.0 46.6 0.0 46.0 ]
21:56:55 avail=91GB rss=[ 0.0 46.6 0.0 46.0 ]
21:57:56 avail=91GB rss=[ 0.0 46.6 0.0 46.1 ]
21:58:56 avail=91GB rss=[ 0.0 46.6 0.0 46.1 ]
21:59:56 avail=91GB rss=[ 0.0 46.6 0.0 46.1 ]
22:00:56 avail=91GB rss=[ 0.0 46.6 0.0 46.1 ]
22:01:56 avail=91GB rss=[ 0.0 46.6 0.0 46.1 ]
22:02:56 avail=91GB rss=[ 0.0 46.6 0.0 46.1 ]
22:03:56 avail=91GB rss=[ 0.0 46.6 0.0 46.1 ]
22:04:56 avail=91GB rss=[ 0.0 46.6 0.0 46.1 ]
22:05:56 avail=91GB rss=[ 0.0 46.6 0.0 46.1 ]
22:06:56 avail=91GB rss=[ 0.0 46.6 0.0 46.1 ]
22:07:56 avail=91GB rss=[ 0.0 46.6 0.0 46.1 ]
22:08:56 avail=91GB rss=[ 0.0 46.6 0.0 46.1 ]
22:09:56 avail=91GB rss=[ 0.0 46.6 0.0 46.1 ]
22:10:57 avail=91GB rss=[ 0.0 46.6 0.0 46.1 ]
22:11:57 avail=91GB rss=[ 0.0 46.6 0.0 46.1 ]
22:12:57 avail=91GB rss=[ 0.0 46.6 0.0 46.1 ]
22:13:57 avail=91GB rss=[ 0.0 46.6 0.0 46.1 ]
22:14:57 avail=91GB rss=[ 0.0 46.6 0.0 46.1 ]
22:15:57 avail=91GB rss=[ 0.0 46.6 0.0 46.1 ]
22:16:57 avail=91GB rss=[ 0.0 46.6 0.0 46.1 ]
22:17:57 avail=90GB rss=[ 0.0 46.6 0.0 46.1 ]
22:18:57 avail=90GB rss=[ 0.0 46.6 0.0 46.1 ]
22:19:57 avail=90GB rss=[ 0.0 46.6 0.0 46.1 ]
22:20:57 avail=90GB rss=[ 0.0 46.6 0.0 46.1 ]
22:21:57 avail=90GB rss=[ 0.0 46.6 0.0 46.1 ]
22:22:57 avail=90GB rss=[ 0.0 46.6 0.0 46.1 ]
22:23:58 avail=90GB rss=[ 0.0 46.6 0.0 46.1 ]
22:24:58 avail=90GB rss=[ 0.0 46.6 0.0 46.1 ]
22:25:58 avail=90GB rss=[ 0.0 46.6 0.0 46.1 ]
22:26:58 avail=90GB rss=[ 0.0 46.6 0.0 46.1 ]
22:27:58 avail=90GB rss=[ 0.0 46.6 0.0 46.1 ]
22:28:58 avail=90GB rss=[ 0.0 46.6 0.0 46.1 ]
22:29:58 avail=90GB rss=[ 0.0 46.6 0.0 46.1 ]
22:30:58 avail=90GB rss=[ 0.0 46.6 0.0 46.1 ]
22:31:58 avail=90GB rss=[ 0.0 46.6 0.0 46.1 ]
22:32:58 avail=90GB rss=[ 0.0 46.6 0.0 46.1 ]
22:33:58 avail=90GB rss=[ 0.0 46.6 0.0 46.1 ]
22:34:58 avail=90GB rss=[ 0.0 46.6 0.0 46.1 ]
22:35:58 avail=90GB rss=[ 0.0 46.6 0.0 46.1 ]
22:36:58 avail=90GB rss=[ 0.0 46.6 0.0 46.1 ]
22:37:59 avail=90GB rss=[ 0.0 46.6 0.0 46.1 ]
22:38:59 avail=90GB rss=[ 0.0 46.6 0.0 46.1 ]
22:39:59 avail=90GB rss=[ 0.0 46.6 0.0 46.1 ]
22:40:59 avail=90GB rss=[ 0.0 46.6 0.0 46.1 ]
22:41:59 avail=90GB rss=[ 0.0 46.6 0.0 46.1 ]
22:42:59 avail=90GB rss=[ 0.0 46.6 0.0 46.1 ]
22:43:59 avail=90GB rss=[ 0.0 46.6 0.0 46.1 ]
22:44:59 avail=90GB rss=[ 0.0 46.6 0.0 46.1 ]
22:45:59 avail=90GB rss=[ 0.0 46.6 0.0 46.1 ]
22:46:59 avail=90GB rss=[ 0.0 46.6 0.0 46.1 ]
22:47:59 avail=90GB rss=[ 0.0 46.6 0.0 46.1 ]
22:48:59 avail=90GB rss=[ 0.0 46.6 0.0 46.1 ]
22:50:00 avail=90GB rss=[ 0.0 46.6 0.0 46.1 ]
22:51:00 avail=90GB rss=[ 0.0 46.6 0.0 46.1 ]
22:52:00 avail=90GB rss=[ 0.0 46.6 0.0 46.1 ]
22:53:00 avail=90GB rss=[ 0.0 46.6 0.0 46.1 ]
22:54:00 avail=90GB rss=[ 0.0 46.6 0.0 46.1 ]
22:55:00 avail=90GB rss=[ 0.0 46.6 0.0 46.1 ]
22:56:00 avail=90GB rss=[ 0.0 46.6 0.0 46.1 ]
22:57:00 avail=90GB rss=[ 0.0 46.6 0.0 46.1 ]
22:58:00 avail=90GB rss=[ 0.0 46.6 0.0 46.2 ]
22:59:00 avail=90GB rss=[ 0.0 46.6 0.0 46.2 ]
23:00:00 avail=90GB rss=[ 0.0 46.6 0.0 46.2 ]
23:01:00 avail=90GB rss=[ 0.0 46.6 0.0 46.2 ]
23:02:00 avail=90GB rss=[ 0.0 46.6 0.0 46.2 ]
23:03:01 avail=90GB rss=[ 0.0 46.6 0.0 46.2 ]
23:04:01 avail=90GB rss=[ 0.0 46.6 0.0 46.2 ]
23:05:01 avail=90GB rss=[ 0.0 46.6 0.0 46.2 ]
23:06:01 avail=90GB rss=[ 0.0 46.6 0.0 46.2 ]
23:07:01 avail=90GB rss=[ 0.0 46.6 0.0 46.2 ]
23:08:01 avail=90GB rss=[ 0.0 46.6 0.0 46.2 ]
23:09:01 avail=90GB rss=[ 0.0 46.6 0.0 46.2 ]
23:10:01 avail=90GB rss=[ 0.0 46.6 0.0 46.2 ]
23:11:01 avail=90GB rss=[ 0.0 46.6 0.0 46.2 ]
23:12:01 avail=90GB rss=[ 0.0 46.6 0.0 46.2 ]
23:13:01 avail=90GB rss=[ 0.0 46.6 0.0 46.2 ]
23:14:01 avail=90GB rss=[ 0.0 46.6 0.0 46.2 ]
23:15:01 avail=90GB rss=[ 0.0 46.6 0.0 46.2 ]
23:16:02 avail=90GB rss=[ 0.0 46.6 0.0 46.2 ]
23:17:02 avail=90GB rss=[ 0.0 46.6 0.0 46.2 ]
23:18:02 avail=90GB rss=[ 0.0 46.6 0.0 46.2 ]
23:19:02 avail=90GB rss=[ 0.0 46.6 0.0 46.2 ]
23:20:02 avail=90GB rss=[ 0.0 46.6 0.0 46.2 ]
23:21:02 avail=90GB rss=[ 0.0 46.6 0.0 46.2 ]
23:22:02 avail=90GB rss=[ 0.0 46.6 0.0 46.2 ]
23:23:02 avail=90GB rss=[ 0.0 46.6 0.0 46.2 ]
23:24:02 avail=90GB rss=[ 0.0 46.6 0.0 46.2 ]
23:25:02 avail=90GB rss=[ 0.0 46.6 0.0 46.2 ]
23:26:02 avail=90GB rss=[ 0.0 46.6 0.0 46.2 ]
23:27:02 avail=90GB rss=[ 0.0 46.6 0.0 46.2 ]
23:28:02 avail=90GB rss=[ 0.0 46.6 0.0 46.2 ]
23:29:03 avail=90GB rss=[ 0.0 46.6 0.0 46.2 ]
23:30:03 avail=90GB rss=[ 0.0 46.6 0.0 46.2 ]
23:31:03 avail=90GB rss=[ 0.0 46.6 0.0 46.2 ]
23:32:03 avail=90GB rss=[ 0.0 46.6 0.0 46.2 ]
23:33:03 avail=90GB rss=[ 0.0 46.6 0.0 46.2 ]
23:34:03 avail=90GB rss=[ 0.0 46.6 0.0 46.2 ]
23:35:03 avail=90GB rss=[ 0.0 46.6 0.0 46.2 ]
23:36:03 avail=90GB rss=[ 0.0 46.6 0.0 46.2 ]
23:37:03 avail=90GB rss=[ 0.0 46.6 0.0 46.2 ]
23:38:03 avail=90GB rss=[ 0.0 46.7 0.0 46.2 ]
23:39:03 avail=90GB rss=[ 0.0 46.7 0.0 46.2 ]
23:40:03 avail=90GB rss=[ 0.0 46.7 0.0 46.2 ]
23:41:03 avail=90GB rss=[ 0.0 46.7 0.0 46.2 ]
23:42:04 avail=90GB rss=[ 0.0 46.7 0.0 46.2 ]
23:43:04 avail=90GB rss=[ 0.0 46.7 0.0 46.2 ]
23:44:04 avail=90GB rss=[ 0.0 46.7 0.0 46.2 ]
23:45:04 avail=90GB rss=[ 0.0 46.7 0.0 46.2 ]
23:46:04 avail=90GB rss=[ 0.0 46.7 0.0 46.2 ]
23:47:04 avail=90GB rss=[ 0.0 46.7 0.0 46.2 ]
23:48:04 avail=90GB rss=[ 0.0 46.7 0.0 46.2 ]
23:49:04 avail=90GB rss=[ 0.0 46.7 0.0 46.2 ]
23:50:04 avail=90GB rss=[ 0.0 46.7 0.0 46.2 ]
23:51:04 avail=90GB rss=[ 0.0 46.7 0.0 46.2 ]
23:52:04 avail=90GB rss=[ 0.0 46.7 0.0 46.2 ]
23:53:04 avail=90GB rss=[ 0.0 46.7 0.0 46.2 ]
23:54:04 avail=90GB rss=[ 0.0 46.7 0.0 46.2 ]
23:55:05 avail=90GB rss=[ 0.0 46.7 0.0 46.2 ]
23:56:05 avail=90GB rss=[ 0.0 46.7 0.0 46.2 ]
23:57:05 avail=90GB rss=[ 0.0 46.7 0.0 46.2 ]
23:58:05 avail=90GB rss=[ 0.0 46.7 0.0 46.2 ]
23:59:05 avail=90GB rss=[ 0.0 46.7 0.0 46.2 ]
00:00:05 avail=90GB rss=[ 0.0 46.7 0.0 46.2 ]
00:01:05 avail=90GB rss=[ 0.0 46.7 0.0 46.2 ]
00:02:05 avail=90GB rss=[ 0.0 46.7 0.0 46.2 ]
00:03:05 avail=90GB rss=[ 0.0 46.7 0.0 46.2 ]
00:04:05 avail=90GB rss=[ 0.0 46.7 0.0 46.2 ]
00:05:05 avail=90GB rss=[ 0.0 46.7 0.0 46.2 ]
00:06:05 avail=90GB rss=[ 0.0 46.7 0.0 46.2 ]
00:07:05 avail=90GB rss=[ 0.0 46.7 0.0 46.2 ]
00:08:06 avail=90GB rss=[ 0.0 46.7 0.0 46.2 ]
00:09:06 avail=90GB rss=[ 0.0 46.7 0.0 46.3 ]
00:10:06 avail=90GB rss=[ 0.0 46.7 0.0 46.3 ]
00:11:06 avail=90GB rss=[ 0.0 46.7 0.0 46.3 ]
00:12:06 avail=90GB rss=[ 0.0 46.7 0.0 46.3 ]
00:13:06 avail=90GB rss=[ 0.0 46.7 0.0 46.3 ]
00:14:06 avail=90GB rss=[ 0.0 46.7 0.0 46.3 ]
00:15:06 avail=90GB rss=[ 0.0 46.7 0.0 46.3 ]
00:16:06 avail=90GB rss=[ 0.0 46.7 0.0 46.3 ]
00:17:06 avail=90GB rss=[ 0.0 46.7 0.0 46.3 ]
00:18:06 avail=90GB rss=[ 0.0 46.7 0.0 46.3 ]
00:19:06 avail=90GB rss=[ 0.0 46.7 0.0 46.3 ]
00:20:06 avail=90GB rss=[ 0.0 46.7 0.0 46.3 ]
00:21:07 avail=90GB rss=[ 0.0 46.7 0.0 46.3 ]
00:22:07 avail=90GB rss=[ 0.0 46.7 0.0 46.3 ]
00:23:07 avail=90GB rss=[ 0.0 46.7 0.0 46.3 ]
00:24:07 avail=90GB rss=[ 0.0 46.7 0.0 46.3 ]
00:25:07 avail=90GB rss=[ 0.0 46.7 0.0 46.3 ]
00:26:07 avail=90GB rss=[ 0.0 46.7 0.0 46.3 ]
00:27:07 avail=90GB rss=[ 0.0 46.7 0.0 46.3 ]
00:28:07 avail=90GB rss=[ 0.0 46.7 0.0 46.3 ]
00:29:07 avail=90GB rss=[ 0.0 46.7 0.0 46.3 ]
00:30:07 avail=90GB rss=[ 0.0 46.7 0.0 46.3 ]
00:31:07 avail=90GB rss=[ 0.0 46.7 0.0 46.3 ]
00:32:07 avail=90GB rss=[ 0.0 46.7 0.0 46.3 ]
00:33:07 avail=90GB rss=[ 0.0 46.7 0.0 46.3 ]
00:34:08 avail=90GB rss=[ 0.0 46.7 0.0 46.3 ]
00:35:08 avail=90GB rss=[ 0.0 46.7 0.0 46.3 ]
00:36:08 avail=90GB rss=[ 0.0 46.7 0.0 46.3 ]
00:37:08 avail=90GB rss=[ 0.0 46.7 0.0 46.3 ]
00:38:08 avail=90GB rss=[ 0.0 46.7 0.0 46.3 ]
00:39:08 avail=90GB rss=[ 0.0 46.7 0.0 46.3 ]
00:40:08 avail=90GB rss=[ 0.0 46.7 0.0 46.3 ]
00:41:08 avail=90GB rss=[ 0.0 46.7 0.0 46.3 ]
00:42:08 avail=90GB rss=[ 0.0 46.7 0.0 46.3 ]
00:43:08 avail=90GB rss=[ 0.0 46.7 0.0 46.3 ]
00:44:08 avail=90GB rss=[ 0.0 46.7 0.0 46.3 ]
00:45:08 avail=90GB rss=[ 0.0 46.7 0.0 46.3 ]
00:46:08 avail=90GB rss=[ 0.0 46.7 0.0 46.3 ]
00:47:08 avail=90GB rss=[ 0.0 46.7 0.0 46.3 ]
00:48:09 avail=90GB rss=[ 0.0 46.8 0.0 46.3 ]
00:49:09 avail=90GB rss=[ 0.0 46.8 0.0 46.3 ]
00:50:09 avail=90GB rss=[ 0.0 46.8 0.0 46.3 ]
00:51:09 avail=90GB rss=[ 0.0 46.8 0.0 46.3 ]
00:52:09 avail=90GB rss=[ 0.0 46.8 0.0 46.3 ]
00:53:09 avail=90GB rss=[ 0.0 46.8 0.0 46.3 ]
00:54:09 avail=90GB rss=[ 0.0 46.8 0.0 46.3 ]
00:55:09 avail=90GB rss=[ 0.0 46.8 0.0 46.3 ]
00:56:09 avail=90GB rss=[ 0.0 46.8 0.0 46.3 ]
00:57:09 avail=90GB rss=[ 0.0 46.8 0.0 46.3 ]
00:58:09 avail=90GB rss=[ 0.0 46.8 0.0 46.3 ]
00:59:09 avail=90GB rss=[ 0.0 46.8 0.0 46.3 ]
01:00:09 avail=90GB rss=[ 0.0 46.8 0.0 46.3 ]
01:01:10 avail=90GB rss=[ 0.0 46.8 0.0 46.3 ]
01:02:10 avail=90GB rss=[ 0.0 46.8 0.0 46.3 ]
01:03:10 avail=90GB rss=[ 0.0 46.8 0.0 46.3 ]
01:04:10 avail=90GB rss=[ 0.0 46.8 0.0 46.3 ]
01:05:10 avail=90GB rss=[ 0.0 46.8 0.0 46.3 ]
01:06:10 avail=90GB rss=[ 0.0 46.8 0.0 46.3 ]
01:07:10 avail=90GB rss=[ 0.0 46.8 0.0 46.3 ]
01:08:10 avail=90GB rss=[ 0.0 46.8 0.0 46.3 ]
01:09:10 avail=90GB rss=[ 0.0 46.8 0.0 46.3 ]
01:10:10 avail=90GB rss=[ 0.0 46.8 0.0 46.3 ]
01:11:10 avail=90GB rss=[ 0.0 46.8 0.0 46.3 ]
01:12:10 avail=90GB rss=[ 0.0 46.8 0.0 46.3 ]
01:13:10 avail=90GB rss=[ 0.0 46.8 0.0 46.3 ]
01:14:11 avail=90GB rss=[ 0.0 46.8 0.0 46.3 ]
01:15:11 avail=90GB rss=[ 0.0 46.8 0.0 46.3 ]
01:16:11 avail=90GB rss=[ 0.0 46.8 0.0 46.3 ]
01:17:11 avail=90GB rss=[ 0.0 46.8 0.0 46.3 ]
01:18:11 avail=90GB rss=[ 0.0 46.8 0.0 46.3 ]
01:19:11 avail=90GB rss=[ 0.0 46.8 0.0 46.3 ]
01:20:11 avail=90GB rss=[ 0.0 46.8 0.0 46.3 ]
01:21:11 avail=90GB rss=[ 0.0 46.8 0.0 46.3 ]
01:22:11 avail=90GB rss=[ 0.0 46.8 0.0 46.3 ]
01:23:11 avail=90GB rss=[ 0.0 46.8 0.0 46.3 ]
01:24:11 avail=90GB rss=[ 0.0 46.8 0.0 46.3 ]
01:25:11 avail=90GB rss=[ 0.0 46.8 0.0 46.3 ]
01:26:11 avail=90GB rss=[ 0.0 46.8 0.0 46.3 ]
01:27:12 avail=90GB rss=[ 0.0 46.8 0.0 46.3 ]
01:28:12 avail=90GB rss=[ 0.0 46.8 0.0 46.3 ]
01:29:12 avail=90GB rss=[ 0.0 46.8 0.0 46.3 ]
01:30:12 avail=90GB rss=[ 0.0 46.8 0.0 46.3 ]
01:31:12 avail=90GB rss=[ 0.0 46.8 0.0 46.3 ]
01:32:12 avail=90GB rss=[ 0.0 46.8 0.0 46.3 ]
01:33:12 avail=90GB rss=[ 0.0 46.9 0.0 46.3 ]
01:34:12 avail=90GB rss=[ 0.0 46.9 0.0 46.3 ]
01:35:12 avail=90GB rss=[ 0.0 46.9 0.0 46.3 ]
01:36:12 avail=90GB rss=[ 0.0 46.9 0.0 46.3 ]
01:37:12 avail=90GB rss=[ 0.0 46.9 0.0 46.3 ]
01:38:12 avail=90GB rss=[ 0.0 46.9 0.0 46.3 ]
01:39:12 avail=90GB rss=[ 0.0 46.9 0.0 46.3 ]
01:40:13 avail=90GB rss=[ 0.0 46.9 0.0 46.3 ]
01:41:13 avail=90GB rss=[ 0.0 46.9 0.0 46.3 ]
01:42:13 avail=90GB rss=[ 0.0 46.9 0.0 46.3 ]
01:43:13 avail=90GB rss=[ 0.0 46.9 0.0 46.3 ]
01:44:13 avail=90GB rss=[ 0.0 46.9 0.0 46.3 ]
01:45:13 avail=90GB rss=[ 0.0 46.9 0.0 46.3 ]
01:46:13 avail=90GB rss=[ 0.0 46.9 0.0 46.3 ]
01:47:13 avail=90GB rss=[ 0.0 46.9 0.0 46.3 ]
01:48:13 avail=90GB rss=[ 0.0 46.9 0.0 46.3 ]
01:49:13 avail=90GB rss=[ 0.0 46.9 0.0 46.3 ]
01:50:13 avail=90GB rss=[ 0.0 46.9 0.0 46.3 ]
01:51:13 avail=90GB rss=[ 0.0 46.9 0.0 46.3 ]
01:52:13 avail=90GB rss=[ 0.0 46.9 0.0 46.3 ]
01:53:14 avail=90GB rss=[ 0.0 46.9 0.0 46.3 ]
01:54:14 avail=90GB rss=[ 0.0 46.9 0.0 46.3 ]
01:55:14 avail=90GB rss=[ 0.0 46.9 0.0 46.3 ]
01:56:14 avail=90GB rss=[ 0.0 46.9 0.0 46.3 ]
01:57:14 avail=90GB rss=[ 0.0 46.9 0.0 46.3 ]
01:58:14 avail=90GB rss=[ 0.0 46.9 0.0 46.3 ]
01:59:14 avail=90GB rss=[ 0.0 46.9 0.0 46.3 ]
02:00:14 avail=89GB rss=[ 0.0 46.9 0.0 46.3 ]
02:01:14 avail=90GB rss=[ 0.0 46.9 0.0 46.3 ]
02:02:14 avail=90GB rss=[ 0.0 46.9 0.0 46.3 ]
02:03:14 avail=90GB rss=[ 0.0 46.9 0.0 46.3 ]
02:04:14 avail=90GB rss=[ 0.0 46.9 0.0 46.3 ]
02:05:14 avail=90GB rss=[ 0.0 46.9 0.0 46.3 ]
02:06:15 avail=90GB rss=[ 0.0 46.9 0.0 46.3 ]
02:07:15 avail=90GB rss=[ 0.0 46.9 0.0 46.3 ]
02:08:15 avail=90GB rss=[ 0.0 46.9 0.0 46.3 ]
02:09:15 avail=90GB rss=[ 0.0 46.9 0.0 46.3 ]
02:10:15 avail=90GB rss=[ 0.0 46.9 0.0 46.3 ]
02:11:15 avail=90GB rss=[ 0.0 46.9 0.0 46.3 ]
02:12:15 avail=90GB rss=[ 0.0 46.9 0.0 46.3 ]
02:13:15 avail=90GB rss=[ 0.0 46.9 0.0 46.3 ]
02:14:15 avail=90GB rss=[ 0.0 46.9 0.0 46.3 ]
02:15:15 avail=90GB rss=[ 0.0 46.9 0.0 46.3 ]
02:16:15 avail=90GB rss=[ 0.0 46.9 0.0 46.3 ]
02:17:15 avail=90GB rss=[ 0.0 46.9 0.0 46.3 ]
02:18:15 avail=90GB rss=[ 0.0 46.9 0.0 46.3 ]
02:19:16 avail=90GB rss=[ 0.0 46.9 0.0 46.3 ]
02:20:16 avail=90GB rss=[ 0.0 46.9 0.0 46.3 ]
02:21:16 avail=90GB rss=[ 0.0 46.9 0.0 46.3 ]
02:22:16 avail=90GB rss=[ 0.0 46.9 0.0 46.3 ]
02:23:16 avail=90GB rss=[ 0.0 46.9 0.0 46.3 ]
02:24:16 avail=90GB rss=[ 0.0 46.9 0.0 46.3 ]
02:25:16 avail=90GB rss=[ 0.0 46.9 0.0 46.3 ]
02:26:16 avail=90GB rss=[ 0.0 46.9 0.0 46.3 ]
02:27:16 avail=89GB rss=[ 0.0 46.9 0.0 46.3 0.0 0.0 1.1 ]
02:28:16 avail=86GB rss=[ 0.0 47.0 0.0 46.3 0.0 0.0 3.8 ]
02:29:16 avail=83GB rss=[ 0.0 47.0 0.0 46.3 0.0 0.0 6.7 ]
02:30:16 avail=80GB rss=[ 0.0 47.0 0.0 46.3 0.0 0.0 9.4 ]
02:31:16 avail=90GB rss=[ 0.0 47.0 0.0 46.3 ]
02:32:17 avail=90GB rss=[ 0.0 47.0 0.0 46.3 ]
02:33:17 avail=89GB rss=[ 0.0 47.0 0.0 46.3 0.0 0.0 1.0 ]
02:34:17 avail=87GB rss=[ 0.0 47.0 0.0 46.3 0.0 3.0 ]
02:35:17 avail=84GB rss=[ 0.0 47.0 0.0 46.3 0.0 4.9 0.0 1.0 ]
02:36:17 avail=78GB rss=[ 0.0 47.0 0.0 46.3 0.0 9.5 0.0 2.4 ]
02:37:17 avail=89GB rss=[ 0.0 47.0 0.0 46.3 0.0 1.1 ]
02:38:17 avail=87GB rss=[ 0.0 47.0 0.0 46.3 0.0 2.5 ]
02:39:17 avail=83GB rss=[ 0.0 47.0 0.0 46.3 0.0 6.1 0.0 1.1 ]
02:40:17 avail=76GB rss=[ 0.0 47.0 0.0 46.3 0.0 11.4 0.0 2.5 ]
02:41:17 avail=70GB rss=[ 0.0 47.0 0.0 46.3 0.0 12.6 0.0 6.2 ]
02:42:17 avail=62GB rss=[ 0.0 47.0 0.0 46.3 0.0 16.4 0.0 11.4 ]
02:43:17 avail=60GB rss=[ 0.0 47.0 0.0 46.3 0.0 16.0 0.0 13.3 ]
02:44:17 avail=46GB rss=[ 0.0 47.0 0.0 46.3 0.0 27.3 0.0 16.4 ]
02:45:18 avail=27GB rss=[ 0.0 47.0 0.0 46.3 0.0 46.3 0.0 15.8 ]
02:46:18 avail=47GB rss=[ 0.0 47.0 0.0 46.3 0.0 15.1 0.0 27.4 ]
02:47:18 avail=26GB rss=[ 0.0 47.0 0.0 46.3 0.0 17.0 0.0 46.5 ]
02:48:18 avail=58GB rss=[ 0.0 47.0 0.0 46.3 0.0 17.2 0.0 15.2 ]
02:49:18 avail=56GB rss=[ 0.0 47.0 0.0 46.3 0.0 17.2 0.0 16.4 ]
02:50:18 avail=56GB rss=[ 0.0 47.0 0.0 46.3 0.0 17.2 0.0 17.1 ]
02:51:18 avail=56GB rss=[ 0.0 47.0 0.0 46.3 0.0 17.3 0.0 17.2 ]
02:52:18 avail=56GB rss=[ 0.0 47.0 0.0 46.3 0.0 17.3 0.0 17.2 ]
02:53:18 avail=56GB rss=[ 0.0 47.0 0.0 46.3 0.0 17.3 0.0 17.3 ]
02:54:18 avail=58GB rss=[ 0.0 47.0 0.0 46.3 0.0 15.3 0.0 17.3 ]
02:55:18 avail=60GB rss=[ 0.0 47.0 0.0 46.3 0.0 15.3 0.0 15.0 ]
02:56:18 avail=61GB rss=[ 0.0 47.0 0.0 46.3 0.0 13.9 0.0 15.2 ]
02:57:18 avail=59GB rss=[ 0.0 47.0 0.0 46.3 0.0 16.4 0.0 15.2 ]
02:58:19 avail=57GB rss=[ 0.0 47.0 0.0 46.3 0.0 16.5 0.0 16.3 ]
02:59:19 avail=58GB rss=[ 0.0 47.0 0.0 46.3 0.0 16.5 0.0 16.3 ]
03:00:19 avail=58GB rss=[ 0.0 47.0 0.0 46.3 0.0 16.5 0.0 16.3 ]
03:01:19 avail=58GB rss=[ 0.0 47.0 0.0 46.3 0.0 16.5 0.0 16.3 ]
03:02:19 avail=60GB rss=[ 0.0 47.0 0.0 46.3 0.0 14.3 0.0 16.3 ]
03:03:19 avail=59GB rss=[ 0.0 47.0 0.0 46.3 0.0 14.9 0.0 16.3 ]
03:04:19 avail=61GB rss=[ 0.0 47.0 0.0 46.3 0.0 14.7 0.0 14.8 ]
03:05:19 avail=61GB rss=[ 0.0 47.0 0.0 46.3 0.0 14.7 0.0 14.6 ]
03:06:19 avail=61GB rss=[ 0.0 47.0 0.0 46.3 0.0 14.7 0.0 14.6 ]
03:07:19 avail=61GB rss=[ 0.0 47.0 0.0 46.3 0.0 14.7 0.0 14.7 ]
03:08:19 avail=61GB rss=[ 0.0 47.0 0.0 46.3 0.0 14.7 0.0 14.7 ]
03:09:19 avail=61GB rss=[ 0.0 47.0 0.0 46.3 0.0 14.7 0.0 14.7 ]
03:10:20 avail=61GB rss=[ 0.0 47.0 0.0 46.3 0.0 14.7 0.0 14.7 ]
03:11:20 avail=61GB rss=[ 0.0 47.0 0.0 46.3 0.0 14.7 0.0 14.7 ]
03:12:20 avail=61GB rss=[ 0.0 47.0 0.0 46.3 0.0 14.7 0.0 14.7 ]
03:13:20 avail=61GB rss=[ 0.0 47.0 0.0 46.3 0.0 14.7 0.0 14.7 ]
03:14:20 avail=61GB rss=[ 0.0 47.0 0.0 46.3 0.0 14.7 0.0 14.7 ]
03:15:20 avail=61GB rss=[ 0.0 47.0 0.0 46.3 0.0 14.7 0.0 14.7 ]
03:16:20 avail=61GB rss=[ 0.0 47.0 0.0 46.3 0.0 14.7 0.0 14.7 ]
03:17:20 avail=61GB rss=[ 0.0 47.0 0.0 46.3 0.0 14.7 0.0 14.7 ]
03:18:20 avail=61GB rss=[ 0.0 47.0 0.0 46.3 0.0 14.7 0.0 14.7 ]
03:19:20 avail=68GB rss=[ 0.0 40.1 0.0 46.3 0.0 14.7 0.0 14.7 ]
03:20:20 avail=67GB rss=[ 0.0 40.3 0.0 46.3 0.0 14.7 0.0 14.7 ]
03:21:20 avail=108GB rss=[ 0.0 46.3 0.0 14.7 0.0 14.7 ]
03:22:21 avail=108GB rss=[ 0.0 46.3 0.0 14.7 0.0 14.7 ]
03:23:21 avail=108GB rss=[ 0.0 46.3 0.0 14.7 0.0 14.7 ]
03:24:21 avail=108GB rss=[ 0.0 46.3 0.0 14.7 0.0 14.7 ]
03:25:21 avail=113GB rss=[ 0.0 41.1 0.0 14.7 0.0 14.7 ]
03:26:21 avail=113GB rss=[ 0.0 40.6 0.0 14.7 0.0 14.7 0.0 0.0 0.6 ]
03:27:21 avail=151GB rss=[ 0.0 14.7 0.0 14.7 0.0 2.3 ]
03:28:21 avail=147GB rss=[ 0.0 14.7 0.0 14.7 0.0 5.8 0.0 0.6 ]
03:29:21 avail=142GB rss=[ 0.0 14.7 0.0 14.7 0.0 9.3 0.0 2.5 ]
03:30:21 avail=147GB rss=[ 0.0 14.7 0.0 14.7 0.0 7.2 ]
03:31:21 avail=142GB rss=[ 0.0 14.7 0.0 14.7 0.0 11.7 ]
03:32:21 avail=137GB rss=[ 0.0 14.7 0.0 14.7 0.0 17.2 ]
03:33:21 avail=137GB rss=[ 0.0 14.7 0.0 14.7 0.0 17.3 ]
03:34:21 avail=137GB rss=[ 0.0 14.7 0.0 14.7 0.0 14.4 ]
03:35:22 avail=136GB rss=[ 0.0 14.7 0.0 14.7 0.0 17.8 ]
03:36:22 avail=136GB rss=[ 0.0 14.7 0.0 14.7 0.0 17.6 ]
03:37:22 avail=127GB rss=[ 0.0 14.7 0.0 14.7 0.0 26.8 ]
03:38:22 avail=114GB rss=[ 0.0 14.7 0.0 14.7 0.0 39.0 ]
03:39:22 avail=137GB rss=[ 0.0 14.7 0.0 14.7 0.0 16.9 ]
03:40:22 avail=137GB rss=[ 0.0 14.7 0.0 14.7 0.0 15.5 ]
03:41:22 avail=135GB rss=[ 0.0 14.7 0.0 14.7 0.0 19.2 ]
03:42:22 avail=135GB rss=[ 0.0 14.7 0.0 14.7 0.0 19.3 ]
03:43:22 avail=135GB rss=[ 0.0 14.7 0.0 14.7 0.0 19.3 ]
03:44:22 avail=135GB rss=[ 0.0 14.7 0.0 14.7 0.0 19.3 ]
03:45:22 avail=135GB rss=[ 0.0 14.7 0.0 14.7 0.0 19.4 ]
03:46:22 avail=135GB rss=[ 0.0 14.7 0.0 14.7 0.0 19.4 ]
03:47:22 avail=135GB rss=[ 0.0 14.7 0.0 14.7 0.0 19.4 ]
03:48:23 avail=135GB rss=[ 0.0 14.7 0.0 14.7 0.0 19.4 ]
03:49:23 avail=135GB rss=[ 0.0 14.7 0.0 14.7 0.0 19.4 ]
03:50:23 avail=134GB rss=[ 0.0 14.7 0.0 14.7 0.0 19.4 ]
03:51:23 avail=137GB rss=[ 0.0 14.7 0.0 14.7 0.0 17.1 ]
03:52:23 avail=137GB rss=[ 0.0 14.7 0.0 14.7 0.0 17.3 ]
03:53:23 avail=137GB rss=[ 0.0 14.7 0.0 14.7 0.0 17.4 ]
03:54:23 avail=136GB rss=[ 0.0 14.7 0.0 14.7 0.0 18.2 ]
03:55:23 avail=135GB rss=[ 0.0 14.7 0.0 14.7 0.0 18.8 ]
03:56:23 avail=135GB rss=[ 0.0 14.7 0.0 14.7 0.0 18.8 ]
03:57:23 avail=135GB rss=[ 0.0 14.7 0.0 14.7 0.0 18.8 ]
03:58:23 avail=135GB rss=[ 0.0 14.7 0.0 14.7 0.0 18.8 ]
03:59:23 avail=135GB rss=[ 0.0 14.7 0.0 14.7 0.0 18.8 ]
04:00:23 avail=135GB rss=[ 0.0 14.7 0.0 14.7 0.0 18.8 ]
04:01:24 avail=135GB rss=[ 0.0 14.7 0.0 14.7 0.0 18.8 ]
04:02:24 avail=135GB rss=[ 0.0 14.7 0.0 14.7 0.0 18.8 ]
04:03:24 avail=137GB rss=[ 0.0 14.7 0.0 14.7 0.0 17.2 ]
04:04:24 avail=137GB rss=[ 0.0 14.7 0.0 14.7 0.0 16.7 ]
04:05:24 avail=137GB rss=[ 0.0 14.7 0.0 14.7 0.0 16.7 ]
04:06:24 avail=137GB rss=[ 0.0 14.7 0.0 14.7 0.0 16.7 ]
04:07:24 avail=137GB rss=[ 0.0 14.7 0.0 14.7 0.0 16.7 ]
04:08:24 avail=137GB rss=[ 0.0 14.7 0.0 14.7 0.0 16.7 ]
04:09:24 avail=137GB rss=[ 0.0 14.8 0.0 14.7 0.0 16.7 ]
04:10:24 avail=137GB rss=[ 0.0 14.8 0.0 14.7 0.0 16.7 ]
04:11:24 avail=137GB rss=[ 0.0 14.8 0.0 14.7 0.0 16.7 ]
04:12:24 avail=137GB rss=[ 0.0 14.8 0.0 14.7 0.0 16.7 ]
04:13:25 avail=137GB rss=[ 0.0 14.8 0.0 14.7 0.0 16.7 ]
04:14:25 avail=137GB rss=[ 0.0 14.8 0.0 14.7 0.0 16.7 ]
04:15:25 avail=137GB rss=[ 0.0 14.8 0.0 14.7 0.0 16.7 ]
04:16:25 avail=137GB rss=[ 0.0 14.8 0.0 14.7 0.0 16.7 ]
04:17:25 avail=137GB rss=[ 0.0 14.8 0.0 14.7 0.0 16.7 ]
04:18:25 avail=137GB rss=[ 0.0 14.8 0.0 14.7 0.0 16.7 ]
04:19:25 avail=137GB rss=[ 0.0 14.8 0.0 14.7 0.0 16.7 ]
04:20:25 avail=137GB rss=[ 0.0 14.8 0.0 14.7 0.0 16.7 ]
04:21:25 avail=137GB rss=[ 0.0 14.8 0.0 14.7 0.0 16.7 ]
04:22:25 avail=137GB rss=[ 0.0 14.8 0.0 14.7 0.0 16.7 ]
04:23:25 avail=137GB rss=[ 0.0 14.8 0.0 14.7 0.0 16.7 ]
04:24:25 avail=137GB rss=[ 0.0 14.8 0.0 14.7 0.0 16.7 ]
04:25:25 avail=137GB rss=[ 0.0 14.8 0.0 14.7 0.0 16.7 ]
04:26:26 avail=137GB rss=[ 0.0 14.8 0.0 14.7 0.0 16.7 ]
04:27:26 avail=137GB rss=[ 0.0 14.8 0.0 14.7 0.0 16.7 ]
04:28:26 avail=137GB rss=[ 0.0 14.8 0.0 14.7 0.0 16.7 ]
04:29:26 avail=137GB rss=[ 0.0 14.8 0.0 14.7 0.0 16.7 ]
04:30:26 avail=137GB rss=[ 0.0 14.8 0.0 14.7 0.0 16.7 ]
04:31:26 avail=137GB rss=[ 0.0 14.8 0.0 14.7 0.0 16.7 ]
04:32:26 avail=137GB rss=[ 0.0 14.8 0.0 14.7 0.0 16.7 ]
04:33:26 avail=137GB rss=[ 0.0 14.8 0.0 14.7 0.0 16.7 ]
04:34:26 avail=137GB rss=[ 0.0 14.8 0.0 14.7 0.0 16.7 ]
04:35:26 avail=137GB rss=[ 0.0 14.8 0.0 14.7 0.0 16.7 ]
04:36:26 avail=137GB rss=[ 0.0 14.8 0.0 14.7 0.0 16.7 ]
04:37:26 avail=137GB rss=[ 0.0 14.8 0.0 14.7 0.0 16.7 ]
04:38:27 avail=137GB rss=[ 0.0 14.8 0.0 14.7 0.0 16.7 ]
04:39:27 avail=137GB rss=[ 0.0 14.8 0.0 14.7 0.0 16.7 ]
04:40:27 avail=137GB rss=[ 0.0 14.8 0.0 14.7 0.0 16.7 ]
04:41:27 avail=137GB rss=[ 0.0 14.8 0.0 14.7 0.0 16.7 ]
04:42:27 avail=137GB rss=[ 0.0 14.8 0.0 14.7 0.0 16.7 ]
04:43:27 avail=137GB rss=[ 0.0 14.8 0.0 14.7 0.0 16.7 ]
04:44:27 avail=137GB rss=[ 0.0 14.8 0.0 14.7 0.0 16.7 ]
04:45:27 avail=137GB rss=[ 0.0 14.8 0.0 14.7 0.0 16.7 ]
04:46:27 avail=137GB rss=[ 0.0 14.8 0.0 14.7 0.0 16.7 ]
04:47:27 avail=137GB rss=[ 0.0 14.8 0.0 14.7 0.0 16.7 ]
04:48:27 avail=137GB rss=[ 0.0 14.8 0.0 14.7 0.0 16.7 ]
04:49:27 avail=137GB rss=[ 0.0 14.8 0.0 14.7 0.0 16.7 ]
04:50:27 avail=137GB rss=[ 0.0 14.8 0.0 14.7 0.0 16.7 ]
04:51:28 avail=137GB rss=[ 0.0 14.8 0.0 14.7 0.0 16.7 ]
04:52:28 avail=137GB rss=[ 0.0 14.8 0.0 14.7 0.0 16.7 ]
04:53:28 avail=137GB rss=[ 0.0 14.8 0.0 14.7 0.0 16.7 ]
04:54:28 avail=137GB rss=[ 0.0 14.8 0.0 14.7 0.0 16.7 ]
04:55:28 avail=137GB rss=[ 0.0 14.8 0.0 14.7 0.0 16.7 ]
04:56:28 avail=137GB rss=[ 0.0 14.8 0.0 14.7 0.0 16.7 ]
04:57:28 avail=137GB rss=[ 0.0 14.8 0.0 14.7 0.0 16.7 ]
04:58:28 avail=137GB rss=[ 0.0 14.8 0.0 14.7 0.0 16.7 ]
04:59:28 avail=137GB rss=[ 0.0 14.8 0.0 14.7 0.0 16.7 ]
05:00:28 avail=137GB rss=[ 0.0 14.8 0.0 14.7 0.0 16.7 ]
05:01:28 avail=137GB rss=[ 0.0 14.8 0.0 14.7 0.0 16.7 ]
05:02:28 avail=137GB rss=[ 0.0 14.8 0.0 14.7 0.0 16.7 ]
05:03:28 avail=137GB rss=[ 0.0 14.8 0.0 14.7 0.0 16.7 ]
05:04:29 avail=137GB rss=[ 0.0 14.8 0.0 14.7 0.0 16.7 ]
05:05:29 avail=137GB rss=[ 0.0 14.8 0.0 14.7 0.0 16.7 ]
05:06:29 avail=137GB rss=[ 0.0 14.8 0.0 14.7 0.0 16.7 ]
05:07:29 avail=137GB rss=[ 0.0 14.8 0.0 14.7 0.0 16.7 ]
05:08:29 avail=137GB rss=[ 0.0 14.8 0.0 14.7 0.0 16.7 ]
05:09:29 avail=137GB rss=[ 0.0 14.8 0.0 14.7 0.0 16.7 ]
05:10:29 avail=137GB rss=[ 0.0 14.8 0.0 14.7 0.0 16.7 ]
05:11:29 avail=137GB rss=[ 0.0 14.8 0.0 14.7 0.0 16.7 ]
05:12:29 avail=137GB rss=[ 0.0 14.8 0.0 14.7 0.0 16.7 ]
05:13:29 avail=137GB rss=[ 0.0 14.8 0.0 14.7 0.0 16.7 ]
05:14:29 avail=137GB rss=[ 0.0 14.8 0.0 14.7 0.0 16.7 ]
05:15:29 avail=137GB rss=[ 0.0 14.8 0.0 14.7 0.0 16.7 ]
05:16:30 avail=137GB rss=[ 0.0 14.8 0.0 14.7 0.0 16.7 ]
05:17:30 avail=137GB rss=[ 0.0 14.8 0.0 14.7 0.0 16.7 ]
05:18:30 avail=137GB rss=[ 0.0 14.8 0.0 14.7 0.0 16.7 ]
05:19:30 avail=137GB rss=[ 0.0 14.8 0.0 14.7 0.0 16.7 ]
05:20:30 avail=137GB rss=[ 0.0 14.8 0.0 14.7 0.0 16.7 ]
05:21:30 avail=137GB rss=[ 0.0 14.8 0.0 14.7 0.0 16.7 ]
05:22:30 avail=137GB rss=[ 0.0 14.8 0.0 14.7 0.0 16.7 ]
05:23:30 avail=137GB rss=[ 0.0 14.8 0.0 14.7 0.0 16.7 ]
05:24:30 avail=137GB rss=[ 0.0 14.8 0.0 14.7 0.0 16.7 ]
05:25:30 avail=137GB rss=[ 0.0 14.8 0.0 14.7 0.0 16.7 ]
05:26:30 avail=137GB rss=[ 0.0 14.8 0.0 14.7 0.0 16.7 ]
05:27:30 avail=137GB rss=[ 0.0 14.8 0.0 14.7 0.0 16.7 ]
05:28:30 avail=137GB rss=[ 0.0 14.8 0.0 14.7 0.0 16.7 ]
05:29:31 avail=137GB rss=[ 0.0 14.8 0.0 14.7 0.0 16.7 ]
05:30:31 avail=137GB rss=[ 0.0 14.8 0.0 14.7 0.0 16.7 ]
05:31:31 avail=137GB rss=[ 0.0 14.8 0.0 14.7 0.0 16.7 ]
05:32:31 avail=137GB rss=[ 0.0 14.8 0.0 14.7 0.0 16.7 ]
05:33:31 avail=137GB rss=[ 0.0 14.8 0.0 14.7 0.0 16.7 ]
05:34:31 avail=137GB rss=[ 0.0 14.8 0.0 14.7 0.0 16.7 ]
05:35:31 avail=137GB rss=[ 0.0 14.8 0.0 14.7 0.0 16.7 ]
05:36:31 avail=137GB rss=[ 0.0 14.8 0.0 14.7 0.0 16.7 ]
05:37:31 avail=137GB rss=[ 0.0 14.8 0.0 14.7 0.0 16.7 ]
05:38:31 avail=137GB rss=[ 0.0 14.8 0.0 14.7 0.0 16.7 ]
05:39:31 avail=137GB rss=[ 0.0 14.8 0.0 14.7 0.0 16.7 ]
05:40:31 avail=137GB rss=[ 0.0 14.8 0.0 14.7 0.0 16.7 ]
05:41:31 avail=137GB rss=[ 0.0 14.8 0.0 14.7 0.0 16.7 ]
05:42:32 avail=137GB rss=[ 0.0 14.8 0.0 14.7 0.0 16.7 ]
05:43:32 avail=137GB rss=[ 0.0 14.8 0.0 14.7 0.0 16.7 ]
05:44:32 avail=137GB rss=[ 0.0 14.8 0.0 14.7 0.0 16.7 ]
05:45:32 avail=137GB rss=[ 0.0 14.8 0.0 14.7 0.0 16.7 ]
05:46:32 avail=137GB rss=[ 0.0 14.8 0.0 14.7 0.0 16.7 ]
05:47:32 avail=135GB rss=[ 0.0 17.1 0.0 14.7 0.0 16.7 ]
05:48:32 avail=135GB rss=[ 0.0 17.1 0.0 14.7 0.0 16.7 ]
05:49:32 avail=135GB rss=[ 0.0 17.2 0.0 14.7 0.0 16.7 ]
05:50:32 avail=135GB rss=[ 0.0 17.2 0.0 14.7 0.0 16.7 ]
05:51:32 avail=135GB rss=[ 0.0 17.2 0.0 14.7 0.0 16.7 ]
05:52:32 avail=135GB rss=[ 0.0 17.2 0.0 14.7 0.0 16.7 ]
05:53:32 avail=135GB rss=[ 0.0 17.2 0.0 14.7 0.0 16.7 ]
05:54:33 avail=135GB rss=[ 0.0 17.2 0.0 14.7 0.0 16.7 ]
05:55:33 avail=135GB rss=[ 0.0 17.2 0.0 14.7 0.0 16.7 ]
05:56:33 avail=135GB rss=[ 0.0 17.2 0.0 14.7 0.0 16.7 ]
05:57:33 avail=135GB rss=[ 0.0 17.2 0.0 14.7 0.0 16.7 ]
05:58:33 avail=135GB rss=[ 0.0 17.3 0.0 14.7 0.0 16.7 ]
05:59:33 avail=135GB rss=[ 0.0 17.3 0.0 14.7 0.0 16.7 ]
06:00:33 avail=135GB rss=[ 0.0 17.3 0.0 14.7 0.0 16.7 ]
06:01:33 avail=135GB rss=[ 0.0 17.3 0.0 14.7 0.0 16.7 ]
06:02:33 avail=135GB rss=[ 0.0 17.3 0.0 14.7 0.0 16.7 ]
06:03:33 avail=135GB rss=[ 0.0 17.3 0.0 14.7 0.0 16.7 ]
06:04:33 avail=135GB rss=[ 0.0 17.3 0.0 14.7 0.0 16.7 ]
06:05:33 avail=135GB rss=[ 0.0 17.3 0.0 14.7 0.0 16.7 ]
06:06:33 avail=135GB rss=[ 0.0 17.3 0.0 14.7 0.0 16.7 ]
06:07:34 avail=135GB rss=[ 0.0 17.3 0.0 14.7 0.0 16.7 ]
06:08:34 avail=135GB rss=[ 0.0 17.3 0.0 14.7 0.0 16.7 ]
06:09:34 avail=135GB rss=[ 0.0 17.3 0.0 14.7 0.0 16.7 ]
06:10:34 avail=135GB rss=[ 0.0 17.3 0.0 14.7 0.0 16.7 ]
06:11:34 avail=135GB rss=[ 0.0 17.3 0.0 14.7 0.0 16.7 ]
06:12:34 avail=135GB rss=[ 0.0 17.3 0.0 14.7 0.0 16.7 ]
06:13:34 avail=137GB rss=[ 0.0 15.0 0.0 14.7 0.0 16.7 ]
06:14:34 avail=137GB rss=[ 0.0 15.0 0.0 14.7 0.0 16.7 ]
06:15:34 avail=137GB rss=[ 0.0 15.0 0.0 14.7 0.0 16.7 ]
06:16:34 avail=137GB rss=[ 0.0 15.0 0.0 14.7 0.0 16.7 ]
06:17:34 avail=137GB rss=[ 0.0 15.0 0.0 14.7 0.0 16.7 ]
06:18:34 avail=137GB rss=[ 0.0 15.0 0.0 14.7 0.0 16.7 ]
06:19:35 avail=137GB rss=[ 0.0 15.0 0.0 14.7 0.0 16.7 ]
06:20:35 avail=137GB rss=[ 0.0 15.0 0.0 14.7 0.0 16.7 ]
06:21:35 avail=137GB rss=[ 0.0 15.0 0.0 14.7 0.0 16.7 ]
06:22:35 avail=137GB rss=[ 0.0 15.0 0.0 14.7 0.0 16.7 ]
06:23:35 avail=137GB rss=[ 0.0 15.0 0.0 14.7 0.0 16.7 ]
06:24:35 avail=137GB rss=[ 0.0 15.0 0.0 14.7 0.0 16.7 ]
06:25:35 avail=137GB rss=[ 0.0 15.0 0.0 14.7 0.0 16.7 ]
06:26:35 avail=137GB rss=[ 0.0 15.0 0.0 14.7 0.0 16.7 ]
06:27:35 avail=137GB rss=[ 0.0 15.0 0.0 14.7 0.0 16.7 ]
06:28:35 avail=137GB rss=[ 0.0 15.0 0.0 14.7 0.0 16.7 ]
06:29:35 avail=137GB rss=[ 0.0 15.0 0.0 14.7 0.0 16.7 ]
06:30:35 avail=137GB rss=[ 0.0 15.0 0.0 14.7 0.0 16.7 ]
06:31:35 avail=137GB rss=[ 0.0 15.0 0.0 14.7 0.0 16.7 ]
06:32:36 avail=137GB rss=[ 0.0 15.0 0.0 14.7 0.0 16.7 ]
06:33:36 avail=137GB rss=[ 0.0 15.0 0.0 14.7 0.0 16.7 ]
06:34:36 avail=137GB rss=[ 0.0 15.0 0.0 14.7 0.0 16.7 ]
06:35:36 avail=137GB rss=[ 0.0 15.0 0.0 14.7 0.0 16.7 ]
06:36:36 avail=137GB rss=[ 0.0 15.0 0.0 14.7 0.0 16.7 ]
06:37:36 avail=137GB rss=[ 0.0 15.0 0.0 14.7 0.0 16.7 ]
06:38:36 avail=137GB rss=[ 0.0 15.0 0.0 14.7 0.0 16.7 ]
06:39:36 avail=137GB rss=[ 0.0 15.0 0.0 14.7 0.0 16.7 ]
06:40:36 avail=151GB rss=[ 0.0 14.7 0.0 16.7 ]
06:41:36 avail=152GB rss=[ 0.0 14.7 0.0 16.7 ]
06:42:36 avail=166GB rss=[ 0.0 16.7 ]
06:43:36 avail=166GB rss=[ 0.0 16.7 ]
06:44:36 avail=166GB rss=[ 0.0 16.7 ]
06:45:37 avail=166GB rss=[ 0.0 16.7 ]
06:46:37 avail=166GB rss=[ 0.0 16.7 ]
06:47:37 avail=166GB rss=[ 0.0 16.7 ]
06:48:37 avail=166GB rss=[ 0.0 16.7 ]
06:49:37 avail=166GB rss=[ 0.0 16.7 ]
06:50:37 avail=166GB rss=[ 0.0 16.7 ]
06:51:37 avail=166GB rss=[ 0.0 16.7 ]
06:52:37 avail=166GB rss=[ 0.0 16.7 ]
06:53:37 avail=166GB rss=[ 0.0 16.7 ]
06:54:37 avail=166GB rss=[ 0.0 16.7 ]
06:55:37 avail=166GB rss=[ 0.0 16.7 ]
06:56:37 avail=166GB rss=[ 0.0 16.7 ]
06:57:37 avail=166GB rss=[ 0.0 16.7 ]
06:58:37 avail=166GB rss=[ 0.0 16.7 ]
06:59:37 avail=166GB rss=[ 0.0 16.7 ]
07:00:38 avail=166GB rss=[ 0.0 16.7 ]
07:01:38 avail=166GB rss=[ 0.0 16.7 ]
07:02:38 avail=166GB rss=[ 0.0 16.7 ]
07:03:38 avail=166GB rss=[ 0.0 16.7 ]
07:04:38 avail=166GB rss=[ 0.0 16.7 ]
07:05:38 avail=166GB rss=[ 0.0 16.7 ]
07:06:38 avail=166GB rss=[ 0.0 16.7 ]
07:07:38 avail=166GB rss=[ 0.0 16.7 ]
07:08:38 avail=166GB rss=[ 0.0 16.7 ]
07:09:38 avail=166GB rss=[ 0.0 16.7 ]
07:10:38 avail=166GB rss=[ 0.0 16.7 ]
07:11:38 avail=166GB rss=[ 0.0 16.7 ]
07:12:38 avail=166GB rss=[ 0.0 16.7 ]
07:13:39 avail=166GB rss=[ 0.0 16.7 ]
07:14:39 avail=166GB rss=[ 0.0 16.7 ]
07:15:39 avail=166GB rss=[ 0.0 16.7 ]
07:16:39 avail=166GB rss=[ 0.0 16.7 ]
07:17:39 avail=166GB rss=[ 0.0 16.7 ]
07:18:39 avail=166GB rss=[ 0.0 16.7 ]
07:19:39 avail=166GB rss=[ 0.0 16.7 ]
07:20:39 avail=166GB rss=[ 0.0 16.7 ]
07:21:39 avail=166GB rss=[ 0.0 16.7 ]
07:22:39 avail=166GB rss=[ 0.0 16.7 ]
07:23:39 avail=166GB rss=[ 0.0 16.7 ]
07:24:39 avail=166GB rss=[ 0.0 16.7 ]
07:25:39 avail=166GB rss=[ 0.0 16.7 ]
07:26:39 avail=166GB rss=[ 0.0 16.7 ]
07:27:40 avail=166GB rss=[ 0.0 16.7 ]
07:28:40 avail=166GB rss=[ 0.0 16.7 ]
07:29:40 avail=166GB rss=[ 0.0 16.7 ]
07:30:40 avail=166GB rss=[ 0.0 16.7 ]
07:31:40 avail=168GB rss=[ 0.0 14.2 ]
07:32:40 avail=182GB rss=[ ]
07:33:40 avail=182GB rss=[ ]
