[2026-08-01T18:53:18] scheduler start: 4 jobs, MIN_FREE=75GB, ramp=420s, timeout=9h
[2026-08-01T18:53:18] LAUNCH ucr_marketfix_village (160GB free)
[2026-08-01T19:00:18] LAUNCH ucr_marketfixnf_village (137GB free)
[2026-08-01T19:06:27] END ucr_marketfix_village ok after 13m
[2026-08-01T19:07:18] LAUNCH ucr_marketfix_gridvillage (167GB free)
[2026-08-01T19:13:17] END ucr_marketfixnf_village ok after 12m
[2026-08-01T19:14:18] LAUNCH ucr_marketfixnf_gridvillage (164GB free)
[2026-08-01T19:21:18] all launched; waiting for completion
[2026-08-02T03:20:30] END ucr_marketfix_gridvillage ok after 493m
[2026-08-02T03:27:13] END ucr_marketfixnf_gridvillage ok after 492m
[2026-08-02T03:27:13] all solves finished
/home/pwrlabadmin/.local/lib/python3.12/site-packages/pandas/core/computation/expressions.py:23: UserWarning: Pandas requires version '2.10.2' or newer of 'numexpr' (version '2.9.0' currently installed).
  from pandas.core.computation.check import NUMEXPR_INSTALLED
/home/pwrlabadmin/.local/lib/python3.12/site-packages/pandas/core/arrays/masked.py:56: UserWarning: Pandas requires version '1.4.2' or newer of 'bottleneck' (version '1.3.5' currently installed).
  from pandas.core import (

=== timor__marketfix ===
  incomplete: village=102.7486104813027 gridvillage=None
  
  === village_timor__marketfix_2030_reference — 780 villages ===
    solar built (MW)                     360.70
    solar total (MW)                     360.70
    battery power built (MW)             148.51
    battery energy built (MWh)           825.08
    import (MWh/yr)                        0.00
    export (MWh/yr)                        0.00
    connected                                 0 of 780
  
    solar built per village (MW): min 0.0732 median 0.3319 mean 0.4624 max 8.2858; 780 of 780 built any
  
    (no config sidecar found — could not check the trade-degeneracy regime)
  
    written: results/village_timor__marketfix_2030_reference/village_build_summary.csv
/home/pwrlabadmin/.local/lib/python3.12/site-packages/pandas/core/computation/expressions.py:23: UserWarning: Pandas requires version '2.10.2' or newer of 'numexpr' (version '2.9.0' currently installed).
  from pandas.core.computation.check import NUMEXPR_INSTALLED
/home/pwrlabadmin/.local/lib/python3.12/site-packages/pandas/core/arrays/masked.py:56: UserWarning: Pandas requires version '1.4.2' or newer of 'bottleneck' (version '1.3.5' currently installed).
  from pandas.core import (

=== timor__marketfixnf ===
  incomplete: village=102.85315107845652 gridvillage=None
  
  === village_timor__marketfixnf_2030_reference — 780 villages ===
    solar built (MW)                     360.70
    solar total (MW)                     360.70
    battery power built (MW)             148.51
    battery energy built (MWh)           825.08
    import (MWh/yr)                        0.00
    export (MWh/yr)                        0.00
    connected                                 0 of 780
  
    solar built per village (MW): min 0.0732 median 0.3319 mean 0.4624 max 8.2858; 780 of 780 built any
  
    (no config sidecar found — could not check the trade-degeneracy regime)
  
    written: results/village_timor__marketfixnf_2030_reference/village_build_summary.csv
[2026-08-02T03:27:14] scheduler complete
