Set parameter Username
Academic license - for non-commercial use only - expires 2027-02-26
Set parameter Username
Academic license - for non-commercial use only - expires 2027-02-26
Set parameter MIPGap to value 0.01
Set parameter TimeLimit to value 28800
Set parameter Crossover to value 0
Set parameter Method to value 2
Set parameter Method to value 2
Set parameter MIPGap to value 0.01
Set parameter Crossover to value 0
Set parameter TimeLimit to value 28800
Gurobi Optimizer version 13.0.0 build v13.0.0rc1 (linux64 - "Ubuntu 24.04.4 LTS")

CPU model: Intel(R) Xeon(R) Gold 6240 CPU @ 2.60GHz, instruction set [SSE2|AVX|AVX2|AVX512]
Thread count: 36 physical cores, 72 logical processors, using up to 32 threads

Non-default parameters:
TimeLimit  28800
MIPGap  0.01
Method  2
Crossover  0

Optimize a model with 25793221 rows, 19123336 columns and 64414312 nonzeros (Min)
Model fingerprint: 0xec0fc781
Model has 10599790 linear objective coefficients
Variable types: 19001596 continuous, 121740 integer (121740 binary)
Coefficient statistics:
  Matrix range     [1e-03, 1e+02]
  Objective range  [7e-01, 3e+06]
  Bounds range     [3e-01, 4e+03]
  RHS range        [1e-05, 1e+02]
Found heuristic solution: objective 2.431602e+09
Presolve removed 0 rows and 0 columns (presolve time = 5s)...
Presolve removed 11230848 rows and 3151265 columns (presolve time = 10s)...
Presolve removed 11230870 rows and 7933227 columns (presolve time = 16s)...
Presolve removed 11230870 rows and 7933227 columns (presolve time = 21s)...
Presolve removed 11238958 rows and 7933227 columns (presolve time = 26s)...
Presolve removed 11238958 rows and 7933227 columns (presolve time = 30s)...
Presolve removed 11238958 rows and 7933227 columns (presolve time = 35s)...
Presolve removed 11238958 rows and 7933227 columns (presolve time = 40s)...
Presolve removed 11238958 rows and 7933227 columns (presolve time = 45s)...
Presolve removed 11238958 rows and 7933227 columns (presolve time = 50s)...
Presolve removed 11238958 rows and 7933227 columns (presolve time = 55s)...
Presolve removed 11238958 rows and 7933227 columns (presolve time = 60s)...
Presolve removed 12848764 rows and 7933227 columns (presolve time = 65s)...
Presolve removed 12848764 rows and 7933227 columns (presolve time = 70s)...
Presolve removed 12848764 rows and 7933227 columns (presolve time = 75s)...
Presolve removed 12874389 rows and 7933227 columns (presolve time = 80s)...
Presolve removed 12874389 rows and 7933227 columns (presolve time = 85s)...
Presolve removed 12874389 rows and 7933227 columns (presolve time = 90s)...
Presolve removed 12874389 rows and 7933227 columns (presolve time = 96s)...
Presolve removed 12874389 rows and 7933227 columns (presolve time = 100s)...
Presolve removed 12874389 rows and 7933227 columns (presolve time = 107s)...
Presolve removed 12874389 rows and 7933227 columns (presolve time = 110s)...
Presolve removed 12887246 rows and 7933227 columns (presolve time = 117s)...
Presolve removed 12887246 rows and 7933227 columns (presolve time = 120s)...
Presolve removed 12887246 rows and 7933227 columns (presolve time = 129s)...
Presolve removed 12887246 rows and 7933227 columns (presolve time = 130s)...
Presolve removed 12887246 rows and 7933227 columns (presolve time = 136s)...
Presolve removed 12887246 rows and 7933227 columns (presolve time = 140s)...
Presolve removed 12887246 rows and 7933227 columns (presolve time = 146s)...
Presolve removed 12887246 rows and 7933227 columns (presolve time = 152s)...
Presolve removed 12887246 rows and 7933227 columns (presolve time = 155s)...
Presolve removed 12887246 rows and 7933227 columns (presolve time = 165s)...
Presolve removed 12887246 rows and 7933227 columns (presolve time = 165s)...
Presolve removed 12887246 rows and 7933227 columns
Presolve time: 168.94s
Presolved: 12905975 rows, 11190109 columns, 42200262 nonzeros
Variable types: 11068339 continuous, 121770 integer (121751 binary)
Warning: Ignoring user setting 'Crossover=0', set 'NodeMethod=2' to disable Crossover
Root barrier log...

Elapsed ordering time = 9s
Elapsed ordering time = 10s
Elapsed ordering time = 15s
Ordering time: 18.22s

Barrier statistics:
 Dense cols : 3984
 AA' NZ     : 5.453e+07
 Factor NZ  : 3.979e+08 (roughly 13.0 GB of memory)
 Factor Ops : 1.425e+11 (roughly 2 seconds per iteration)
 Threads    : 32

                  Objective                Residual
Iter       Primal          Dual         Primal    Dual     Compl     Time
   0   1.52367343e+20 -2.81920299e+18  2.21e+10 2.14e+04  2.25e+15   337s
   1   1.02782310e+20 -1.30825485e+18  1.47e+10 1.04e+06  1.22e+15   344s
   2   8.29241677e+19 -4.99999220e+17  1.19e+10 1.27e+04  9.22e+14   355s
   3   9.29069157e+18 -3.25348752e+17  1.33e+09 2.57e-04  1.06e+14   366s
   4   2.00695251e+17 -1.34822771e+17  2.86e+07 1.28e-03  2.30e+12   376s
   5   1.98741251e+16 -1.24838948e+16  2.82e+06 1.12e-03  2.28e+11   383s
   6   2.34751456e+15 -1.23585180e+16  3.33e+05 2.31e-03  2.73e+10   389s
   7   2.39211267e+14 -7.71282384e+15  3.35e+04 2.26e-03  2.94e+09   396s
   8   2.34384812e+13 -2.47944695e+15  2.92e+03 4.64e-03  3.01e+08   406s
   9   1.41438936e+13 -1.21173641e+15  1.60e+03 3.89e-03  1.53e+08   413s
  10   4.98638003e+12 -3.48583772e+14  3.23e+02 8.24e-03  3.28e+07   423s
  11   2.40030067e+12 -5.08917755e+13  5.85e+01 3.33e-02  5.65e+06   434s
  12   1.87417029e+12 -3.53982386e+13  7.83e+00 2.68e-02  1.65e+06   442s
  13   9.93006703e+11 -9.30205269e+12  2.35e+00 6.73e-03  4.57e+05   448s
  14   5.74310959e+11 -4.23231696e+12  1.08e+00 7.75e-03  2.04e+05   454s
  15   4.05070871e+11 -3.18264786e+12  7.20e-01 7.05e-03  1.46e+05   460s
  16   2.85997771e+11 -2.92886744e+12  4.62e-01 7.56e-03  1.21e+05   468s
  17   1.85198892e+11 -1.88352688e+12  2.62e-01 6.22e-03  7.51e+04   474s
  18   1.44621610e+11 -1.62490909e+12  1.89e-01 5.51e-03  6.24e+04   481s
  19   7.67179504e+10 -1.00364508e+12  6.21e-02 3.36e-03  3.54e+04   492s
  20   5.46448263e+10 -5.55870440e+11  2.89e-02 1.70e-03  1.96e+04   505s
  21   3.73404359e+10 -3.01469499e+11  7.29e-03 1.10e-03  1.05e+04   515s
  22   2.86342961e+10 -1.59883431e+11  2.65e-03 5.72e-04  5.79e+03   523s
  23   2.55375001e+10 -9.57217832e+10  1.87e-03 3.38e-04  3.73e+03   528s
  24   2.13254510e+10 -8.29251696e+10  1.09e-03 2.91e-04  3.19e+03   534s
  25   1.84697944e+10 -6.84363902e+10  7.66e-04 2.37e-04  2.65e+03   540s
  26   1.61121653e+10 -5.15152085e+10  5.48e-04 1.81e-04  2.06e+03   546s
  27   8.05619076e+09 -3.72249198e+10  1.38e-04 1.28e-04  1.37e+03   553s
  28   3.04408909e+09 -2.03367314e+10  1.13e-05 6.62e-05  7.06e+02   563s
  29   1.87897008e+09 -1.43460872e+10  5.15e-06 4.57e-05  4.90e+02   571s
  30   1.69779743e+09 -1.16111910e+10  4.43e-06 3.69e-05  4.02e+02   577s
  31   1.41314091e+09 -9.03182127e+09  3.41e-06 2.87e-05  3.15e+02   583s
  32   1.15951864e+09 -7.70646313e+09  2.57e-06 2.44e-05  2.68e+02   589s
  33   9.71824616e+08 -5.82705941e+09  1.98e-06 1.87e-05  2.05e+02   597s
  34   7.23166019e+08 -4.37933783e+09  1.28e-06 1.41e-05  1.54e+02   607s
  35   4.62276423e+08 -2.86977264e+09  6.29e-07 9.48e-06  1.01e+02   620s
  36   3.43188215e+08 -2.04160817e+09  3.64e-07 6.86e-06  7.19e+01   635s
  37   2.76996425e+08 -1.60261399e+09  2.42e-07 5.48e-06  5.67e+01   648s
  38   2.37937778e+08 -1.28770631e+09  2.38e-07 4.50e-06  4.60e+01   659s
  39   1.94117136e+08 -1.07406875e+09  2.38e-07 3.83e-06  3.83e+01   670s
  40   1.61181310e+08 -7.63299874e+08  2.38e-07 2.86e-06  2.79e+01   684s
  41   1.27580401e+08 -4.73397930e+08  2.38e-07 1.83e-06  1.81e+01   700s
  42   1.06303935e+08 -2.98236967e+08  2.38e-07 1.23e-06  1.22e+01   717s
  43   9.52959005e+07 -2.20300285e+08  2.38e-07 9.73e-07  9.52e+00   730s
  44   8.81067267e+07 -1.52896013e+08  2.38e-07 7.49e-07  7.27e+00   741s
  45   8.26371237e+07 -1.27286888e+08  2.38e-07 6.56e-07  6.33e+00   749s
  46   8.07443423e+07 -1.15339707e+08  2.38e-07 6.17e-07  5.92e+00   757s
  47   7.83682368e+07 -8.06657961e+07  2.38e-07 5.05e-07  4.80e+00   768s
  48   7.59873630e+07 -6.84448367e+07  4.77e-07 4.61e-07  4.36e+00   776s
  49   7.45096158e+07 -5.37687161e+07  2.38e-07 4.10e-07  3.87e+00   784s
  50   7.16210974e+07 -4.75129250e+07  2.38e-07 3.86e-07  3.59e+00   793s
  51   7.09076345e+07 -4.50026439e+07  2.38e-07 3.87e-07  3.50e+00   802s
  52   6.93900639e+07 -3.46011529e+07  2.38e-07 3.42e-07  3.14e+00   811s
  53   6.86235322e+07 -2.51292464e+07  2.38e-07 3.10e-07  2.83e+00   822s
  54   6.81245749e+07 -1.90845715e+07  2.38e-07 2.89e-07  2.63e+00   832s
  55   6.76527291e+07 -1.53862548e+07  4.77e-07 2.77e-07  2.51e+00   842s
  56   6.69610182e+07 -1.12564472e+07  4.77e-07 2.63e-07  2.36e+00   855s
  57   6.61774009e+07 -3.58535628e+06  4.77e-07 2.36e-07  2.10e+00   870s
  58   6.54286939e+07  8.58207046e+05  4.77e-07 2.21e-07  1.95e+00   885s
  59   6.51132973e+07  9.48875871e+06  4.77e-07 2.38e-07  1.68e+00   903s
  60   6.43913517e+07  1.44427548e+07  4.77e-07 1.73e-07  1.51e+00   918s
  61   6.41782478e+07  1.57640679e+07  4.77e-07 2.38e-07  1.46e+00   933s
  62   6.38237631e+07  1.90791763e+07  2.38e-07 1.57e-07  1.35e+00   950s
  63   6.34650586e+07  2.23235379e+07  4.77e-07 1.45e-07  1.24e+00   969s
  64   6.31843742e+07  2.39528333e+07  4.77e-07 1.39e-07  1.18e+00   989s
  65   6.28900806e+07  2.92693188e+07  4.77e-07 1.20e-07  1.01e+00  1009s
  66   6.25057402e+07  3.19120786e+07  2.38e-07 1.10e-07  9.23e-01  1029s
  67   6.21558482e+07  3.69433917e+07  4.77e-07 9.08e-08  7.61e-01  1049s
  68   6.18457738e+07  3.99411913e+07  4.77e-07 1.19e-07  6.61e-01  1068s
  69   6.15187896e+07  4.21410346e+07  2.38e-07 7.11e-08  5.85e-01  1088s
  70   6.12973609e+07  4.43410204e+07  4.77e-07 2.68e-07  5.12e-01  1105s
  71   6.09638088e+07  4.59387326e+07  4.77e-07 1.49e-07  4.53e-01  1122s
  72   6.07524721e+07  4.73668503e+07  2.38e-07 5.02e-08  4.04e-01  1138s
  73   6.05791255e+07  4.94425415e+07  4.77e-07 4.18e-08  3.36e-01  1153s
  74   6.05018394e+07  4.97531639e+07  4.77e-07 5.22e-08  3.24e-01  1169s
  75   6.03355364e+07  5.04502738e+07  4.77e-07 2.98e-07  2.98e-01  1185s
  76   6.02087987e+07  5.12971231e+07  4.77e-07 1.19e-07  2.69e-01  1201s
  77   6.01094408e+07  5.16221068e+07  4.77e-07 5.96e-08  2.56e-01  1216s
  78   5.99277485e+07  5.24119864e+07  4.77e-07 5.22e-08  2.27e-01  1233s
  79   5.98602808e+07  5.30617653e+07  4.77e-07 1.49e-07  2.05e-01  1249s
  80   5.98083276e+07  5.37974704e+07  4.77e-07 5.96e-08  1.81e-01  1269s
  81   5.97502560e+07  5.43632321e+07  4.77e-07 1.19e-07  1.63e-01  1287s
  82   5.96855322e+07  5.45544961e+07  4.77e-07 8.94e-08  1.55e-01  1304s
  83   5.96554960e+07  5.48899595e+07  4.77e-07 3.35e-08  1.44e-01  1323s
  84   5.96276989e+07  5.49857170e+07  7.15e-07 5.96e-08  1.40e-01  1337s
  85   5.95695110e+07  5.54167830e+07  4.77e-07 1.49e-07  1.25e-01  1353s
  86   5.95379810e+07  5.58763324e+07  4.77e-07 6.71e-08  1.10e-01  1369s
  87   5.94938663e+07  5.62641351e+07  4.77e-07 4.47e-08  9.74e-02  1385s
  88   5.94715805e+07  5.66551515e+07  4.77e-07 4.47e-08  8.50e-02  1401s
  89   5.94543468e+07  5.68665506e+07  4.77e-07 5.96e-08  7.81e-02  1416s
  90   5.94309035e+07  5.70827025e+07  4.77e-07 5.96e-08  7.08e-02  1432s
  91   5.94172288e+07  5.73477061e+07  4.77e-07 3.91e-08  6.24e-02  1448s
  92   5.94066965e+07  5.74461648e+07  7.15e-07 1.49e-08  5.91e-02  1466s
  93   5.93966961e+07  5.76666077e+07  4.77e-07 1.49e-07  5.22e-02  1487s
  94   5.93780924e+07  5.77458787e+07  4.77e-07 4.47e-08  4.92e-02  1503s
  95   5.93675625e+07  5.78842956e+07  4.77e-07 5.96e-08  4.47e-02  1525s
  96   5.93612597e+07  5.80123230e+07  4.77e-07 6.71e-08  4.07e-02  1542s
  97   5.93513954e+07  5.81694813e+07  4.77e-07 2.98e-08  3.57e-02  1563s
  98   5.93496649e+07  5.82187299e+07  4.77e-07 5.96e-08  3.41e-02  1584s
  99   5.93383088e+07  5.82609618e+07  4.77e-07 5.22e-08  3.25e-02  1605s
 100   5.93296256e+07  5.83016156e+07  4.77e-07 5.96e-08  3.10e-02  1627s
 101   5.93251351e+07  5.83947604e+07  4.77e-07 3.73e-08  2.81e-02  1646s
 102   5.93214052e+07  5.84868521e+07  4.77e-07 5.59e-08  2.52e-02  1661s
 103   5.93151246e+07  5.85351190e+07  4.77e-07 2.61e-08  2.35e-02  1680s
 104   5.93106171e+07  5.86217473e+07  4.77e-07 4.47e-08  2.08e-02  1706s
 105   5.93071880e+07  5.87016737e+07  4.77e-07 8.57e-08  1.83e-02  1731s
 106   5.93035843e+07  5.87675380e+07  4.77e-07 2.98e-08  1.62e-02  1750s
 107   5.92999217e+07  5.88111713e+07  4.77e-07 2.51e-08  1.47e-02  1780s
 108   5.92962924e+07  5.88313793e+07  4.77e-07 8.94e-08  1.40e-02  1802s
 109   5.92944705e+07  5.88739087e+07  4.77e-07 2.98e-08  1.27e-02  1834s
 110   5.92911993e+07  5.88943339e+07  4.77e-07 6.33e-08  1.20e-02  1862s
 111   5.92887551e+07  5.89275685e+07  4.77e-07 1.49e-07  1.09e-02  1894s
 112   5.92872860e+07  5.89575371e+07  4.77e-07 5.77e-08  9.95e-03  1917s
 113   5.92863578e+07  5.89978190e+07  4.77e-07 3.73e-08  8.70e-03  1945s
 114   5.92850889e+07  5.90113410e+07  4.77e-07 1.79e-07  8.26e-03  1974s
 115   5.92840855e+07  5.90348419e+07  4.77e-07 2.24e-08  7.52e-03  2001s
 116   5.92828486e+07  5.90565164e+07  4.77e-07 1.19e-07  6.83e-03  2030s
 117   5.92819880e+07  5.90806659e+07  4.77e-07 1.19e-07  6.07e-03  2062s
 118   5.92814204e+07  5.90962136e+07  4.77e-07 5.22e-08  5.59e-03  2091s
 119   5.92803383e+07  5.91105065e+07  4.77e-07 2.09e-07  5.12e-03  2124s
 120   5.92795611e+07  5.91321240e+07  4.77e-07 4.47e-08  4.45e-03  2152s
 121   5.92789175e+07  5.91427490e+07  4.77e-07 3.73e-08  4.11e-03  2180s
 122   5.92784686e+07  5.91535081e+07  4.77e-07 3.73e-08  3.77e-03  2213s
 123   5.92774257e+07  5.91600277e+07  7.15e-07 1.19e-07  3.54e-03  2243s
 124   5.92769418e+07  5.91742345e+07  7.15e-07 1.04e-07  3.10e-03  2276s
 125   5.92765509e+07  5.91807436e+07  7.15e-07 6.71e-08  2.89e-03  2308s
 126   5.92759357e+07  5.91881042e+07  7.15e-07 1.68e-08  2.65e-03  2341s
 127   5.92756682e+07  5.91943697e+07  7.15e-07 3.17e-08  2.45e-03  2374s
 128   5.92751169e+07  5.92018471e+07  7.15e-07 7.82e-08  2.21e-03  2402s
 129   5.92747415e+07  5.92105793e+07  7.15e-07 8.94e-08  1.94e-03  2434s
 130   5.92743487e+07  5.92138243e+07  7.15e-07 5.96e-08  1.83e-03  2466s
 131   5.92739205e+07  5.92200474e+07  7.15e-07 3.91e-08  1.63e-03  2498s
 132   5.92735765e+07  5.92284059e+07  7.15e-07 1.49e-08  1.36e-03  2531s
 133   5.92733493e+07  5.92301734e+07  7.15e-07 5.96e-08  1.30e-03  2563s
 134   5.92732445e+07  5.92359747e+07  7.15e-07 4.47e-08  1.12e-03  2591s
 135   5.92725920e+07  5.92397447e+07  7.15e-07 6.71e-08  9.91e-04  2618s
 136   5.92725150e+07  5.92415974e+07  7.15e-07 5.96e-08  9.33e-04  2655s
 137   5.92724119e+07  5.92437125e+07  7.15e-07 1.19e-07  8.66e-04  2688s
 138   5.92721283e+07  5.92483409e+07  4.77e-07 1.19e-07  7.18e-04  2720s
 139   5.92719118e+07  5.92513301e+07  4.77e-07 5.59e-08  6.21e-04  2755s
 140   5.92717947e+07  5.92520539e+07  4.77e-07 8.94e-08  5.96e-04  2791s
 141   5.92715283e+07  5.92554736e+07  4.77e-07 1.79e-07  4.84e-04  2826s
 142   5.92714099e+07  5.92573591e+07  4.77e-07 4.10e-08  4.24e-04  2865s
 143   5.92712857e+07  5.92579888e+07  4.77e-07 2.98e-08  4.01e-04  2904s
 144   5.92711682e+07  5.92600358e+07  4.77e-07 1.49e-08  3.36e-04  2943s
 145   5.92710975e+07  5.92624372e+07  4.77e-07 8.94e-08  2.61e-04  2987s
 146   5.92709857e+07  5.92638798e+07  5.46e-07 3.73e-08  2.14e-04  3026s
 147   5.92708907e+07  5.92648526e+07  1.95e-06 2.24e-08  1.82e-04  3067s
 148   5.92708142e+07  5.92664518e+07  4.91e-06 5.96e-08  1.32e-04  3115s
 149   5.92706843e+07  5.92676590e+07  2.13e-06 5.96e-08  9.13e-05  3162s
 150   5.92706273e+07  5.92684851e+07  6.40e-07 2.68e-07  6.46e-05  3205s
 151   5.92706248e+07  5.92686463e+07  1.10e-06 5.96e-08  5.97e-05  3243s
 152   5.92706212e+07  5.92691042e+07  8.64e-07 5.40e-08  4.58e-05  3272s
 153   5.92706200e+07  5.92692418e+07  8.28e-07 8.94e-08  4.16e-05  3292s
 154   5.92706184e+07  5.92692760e+07  8.11e-07 3.73e-08  4.05e-05  3312s
 155   5.92706085e+07  5.92700235e+07  5.37e-07 1.19e-07  1.76e-05  3332s
 156   5.92706024e+07  5.92700769e+07  2.38e-07 1.49e-07  1.59e-05  3352s
 157   5.92706014e+07  5.92701322e+07  2.38e-07 5.96e-08  1.42e-05  3372s
 158   5.92706007e+07  5.92702249e+07  2.38e-07 4.10e-08  1.13e-05  3392s
 159   5.92705994e+07  5.92702411e+07  2.38e-07 8.20e-08  1.08e-05  3411s
 160   5.92705954e+07  5.92702514e+07  2.38e-07 5.96e-08  1.04e-05  3431s
 161   5.92705949e+07  5.92703323e+07  2.38e-07 2.09e-07  7.92e-06  3451s
 162   5.92705928e+07  5.92704912e+07  2.38e-07 2.24e-08  3.07e-06  3471s
 163   5.92705925e+07  5.92705274e+07  2.38e-07 1.49e-08  1.96e-06  3491s
 164   5.92705923e+07  5.92705377e+07  4.77e-07 3.73e-08  1.65e-06  3511s
 165   5.92705903e+07  5.92705763e+07  2.38e-07 5.96e-08  4.25e-07  3530s
 166   5.92705891e+07  5.92705815e+07  2.38e-07 6.33e-08  2.30e-07  3550s
 167   5.92705887e+07  5.92705819e+07  2.38e-07 1.49e-08  2.04e-07  3569s
 168   5.92705887e+07  5.92705822e+07  2.38e-07 3.73e-08  1.96e-07  3589s
 169   5.92705887e+07  5.92705824e+07  2.38e-07 4.66e-08  1.90e-07  3609s
 170   5.92705887e+07  5.92705831e+07  2.38e-07 4.10e-08  1.66e-07  3629s

Barrier solved model in 170 iterations and 3629.58 seconds (2974.31 work units)
Optimal objective 5.92705887e+07


Root crossover log...

  825585 DPushes remaining with DInf 5.4946595e-03              3643s
  378659 DPushes remaining with DInf 4.9932417e-03              3649s
  242690 DPushes remaining with DInf 9.8865431e-03              3653s
  188119 DPushes remaining with DInf 4.0112303e-03              3657s
  160690 DPushes remaining with DInf 2.3015549e-03              3660s
  137821 DPushes remaining with DInf 1.8703078e-03              3668s
  132125 DPushes remaining with DInf 1.8115171e-03              3672s
  127254 DPushes remaining with DInf 6.3793248e-03              3675s
  119152 DPushes remaining with DInf 6.3784402e-03              3683s
  116849 DPushes remaining with DInf 6.3784402e-03              3687s
  114304 DPushes remaining with DInf 6.3784402e-03              3691s
  108985 DPushes remaining with DInf 6.0962852e-03              3698s
  106898 DPushes remaining with DInf 2.2691183e-03              3703s
  104927 DPushes remaining with DInf 2.2691183e-03              3707s
  103153 DPushes remaining with DInf 2.2691183e-03              3711s
   98447 DPushes remaining with DInf 2.2691183e-03              3719s
   96723 DPushes remaining with DInf 2.2691183e-03              3723s
   95125 DPushes remaining with DInf 2.2691183e-03              3727s
   92820 DPushes remaining with DInf 2.2691183e-03              3731s
   89645 DPushes remaining with DInf 2.2691183e-03              3739s
   88060 DPushes remaining with DInf 2.2691183e-03              3744s
   86475 DPushes remaining with DInf 2.2691183e-03              3748s
   84880 DPushes remaining with DInf 2.2691183e-03              3752s
   83153 DPushes remaining with DInf 2.2691183e-03              3756s
   79606 DPushes remaining with DInf 2.2691183e-03              3760s
   74910 DPushes remaining with DInf 2.2691183e-03              3769s
   72655 DPushes remaining with DInf 2.2691183e-03              3773s
   71056 DPushes remaining with DInf 2.2691183e-03              3777s
   69471 DPushes remaining with DInf 2.2691183e-03              3781s
   66301 DPushes remaining with DInf 2.2691183e-03              3789s
   64012 DPushes remaining with DInf 2.2691183e-03              3793s
   61319 DPushes remaining with DInf 2.2691183e-03              3797s
   57963 DPushes remaining with DInf 2.2691183e-03              3801s
   54635 DPushes remaining with DInf 2.2691183e-03              3810s
   52617 DPushes remaining with DInf 2.2691183e-03              3814s
   49283 DPushes remaining with DInf 2.2691183e-03              3818s
   47285 DPushes remaining with DInf 2.2691183e-03              3823s
   45594 DPushes remaining with DInf 2.2691183e-03              3832s
   44009 DPushes remaining with DInf 2.2691183e-03              3838s
   42363 DPushes remaining with DInf 2.2691183e-03              3843s
   40776 DPushes remaining with DInf 2.2691183e-03              3849s
   38818 DPushes remaining with DInf 2.2691183e-03              3855s
   37231 DPushes remaining with DInf 2.2691183e-03              3865s
   35623 DPushes remaining with DInf 2.2691183e-03              3874s
   34029 DPushes remaining with DInf 2.2691183e-03              3882s
   32408 DPushes remaining with DInf 2.2691183e-03              3892s
   30748 DPushes remaining with DInf 2.2691183e-03              3899s
   29028 DPushes remaining with DInf 2.2691183e-03              3908s
   27312 DPushes remaining with DInf 2.2691183e-03              3918s
   25660 DPushes remaining with DInf 2.2691183e-03              3929s
   24053 DPushes remaining with DInf 2.2691183e-03              3935s
   22432 DPushes remaining with DInf 2.2691183e-03              3945s
   20778 DPushes remaining with DInf 2.2691183e-03              3953s
   19122 DPushes remaining with DInf 2.2691183e-03              3961s
   17469 DPushes remaining with DInf 0.0000000e+00              3968s
   15802 DPushes remaining with DInf 0.0000000e+00              3976s
   14127 DPushes remaining with DInf 0.0000000e+00              3987s
   12471 DPushes remaining with DInf 0.0000000e+00              3997s
   10839 DPushes remaining with DInf 0.0000000e+00              4007s
    3700 DPushes remaining with DInf 0.0000000e+00              4026s
    1987 DPushes remaining with DInf 0.0000000e+00              4044s
     227 DPushes remaining with DInf 0.0000000e+00              4051s
       0 DPushes remaining with DInf 0.0000000e+00              4056s

 1368210 PPushes remaining with PInf 5.4122481e-04              4058s
 1003097 PPushes remaining with PInf 4.2694200e-05              4075s
  952084 PPushes remaining with PInf 4.2694200e-05              4087s
  935833 PPushes remaining with PInf 4.2694200e-05              4097s
  926835 PPushes remaining with PInf 2.4271556e-01              4108s
  917837 PPushes remaining with PInf 2.3138766e-01              4119s
  912070 PPushes remaining with PInf 2.1579662e-01              4129s
  907657 PPushes remaining with PInf 2.1410262e-01              4139s
  903895 PPushes remaining with PInf 1.5011412e+00              4149s
  899949 PPushes remaining with PInf 2.3901855e+00              4159s
  894610 PPushes remaining with PInf 2.5741546e+00              4169s
  890460 PPushes remaining with PInf 5.1261758e+00              4179s
